Component: ARM Compiler 5.06 update 7 (build 960) Tool: armlink [4d3601]

==============================================================================

Section Cross References

    startup_stm32f10x_hd.o(RESET) refers to startup_stm32f10x_hd.o(STACK) for __initial_sp
    startup_stm32f10x_hd.o(RESET) refers to startup_stm32f10x_hd.o(.text) for Reset_Handler
    startup_stm32f10x_hd.o(RESET) refers to stm32f10x_it.o(i.NMI_Handler) for NMI_Handler
    startup_stm32f10x_hd.o(RESET) refers to stm32f10x_it.o(i.HardFault_Handler) for HardFault_Handler
    startup_stm32f10x_hd.o(RESET) refers to stm32f10x_it.o(i.MemManage_Handler) for MemManage_Handler
    startup_stm32f10x_hd.o(RESET) refers to stm32f10x_it.o(i.BusFault_Handler) for BusFault_Handler
    startup_stm32f10x_hd.o(RESET) refers to stm32f10x_it.o(i.UsageFault_Handler) for UsageFault_Handler
    startup_stm32f10x_hd.o(RESET) refers to stm32f10x_it.o(i.SVC_Handler) for SVC_Handler
    startup_stm32f10x_hd.o(RESET) refers to stm32f10x_it.o(i.DebugMon_Handler) for DebugMon_Handler
    startup_stm32f10x_hd.o(RESET) refers to stm32f10x_it.o(i.PendSV_Handler) for PendSV_Handler
    startup_stm32f10x_hd.o(RESET) refers to stm32f10x_it.o(i.SysTick_Handler) for SysTick_Handler
    startup_stm32f10x_hd.o(RESET) refers to gpio.o(i.EXTI0_IRQHandler) for EXTI0_IRQHandler
    startup_stm32f10x_hd.o(RESET) refers to gpio.o(i.EXTI1_IRQHandler) for EXTI1_IRQHandler
    startup_stm32f10x_hd.o(RESET) refers to gpio.o(i.EXTI2_IRQHandler) for EXTI2_IRQHandler
    startup_stm32f10x_hd.o(RESET) refers to gpio.o(i.EXTI3_IRQHandler) for EXTI3_IRQHandler
    startup_stm32f10x_hd.o(RESET) refers to gpio.o(i.EXTI4_IRQHandler) for EXTI4_IRQHandler
    startup_stm32f10x_hd.o(RESET) refers to gpio.o(i.EXTI9_5_IRQHandler) for EXTI9_5_IRQHandler
    startup_stm32f10x_hd.o(RESET) refers to uart.o(i.USART1_IRQHandler) for USART1_IRQHandler
    startup_stm32f10x_hd.o(RESET) refers to uart.o(i.USART2_IRQHandler) for USART2_IRQHandler
    startup_stm32f10x_hd.o(RESET) refers to uart.o(i.USART3_IRQHandler) for USART3_IRQHandler
    startup_stm32f10x_hd.o(RESET) refers to gpio.o(i.EXTI15_10_IRQHandler) for EXTI15_10_IRQHandler
    startup_stm32f10x_hd.o(RESET) refers to uart.o(i.UART4_IRQHandler) for UART4_IRQHandler
    startup_stm32f10x_hd.o(RESET) refers to main.o(i.TIM6_IRQHandler) for TIM6_IRQHandler
    startup_stm32f10x_hd.o(.text) refers to system_stm32f10x.o(i.SystemInit) for SystemInit
    startup_stm32f10x_hd.o(.text) refers to entry.o(.ARM.Collect$$$$00000000) for __main
    stm32f10x_adc.o(i.ADC_DeInit) refers to stm32f10x_rcc.o(i.RCC_APB2PeriphResetCmd) for RCC_APB2PeriphResetCmd
    stm32f10x_bkp.o(i.BKP_DeInit) refers to stm32f10x_rcc.o(i.RCC_BackupResetCmd) for RCC_BackupResetCmd
    stm32f10x_can.o(i.CAN_DeInit) refers to stm32f10x_rcc.o(i.RCC_APB1PeriphResetCmd) for RCC_APB1PeriphResetCmd
    stm32f10x_can.o(i.CAN_GetITStatus) refers to stm32f10x_can.o(i.CheckITStatus) for CheckITStatus
    stm32f10x_cec.o(i.CEC_DeInit) refers to stm32f10x_rcc.o(i.RCC_APB1PeriphResetCmd) for RCC_APB1PeriphResetCmd
    stm32f10x_dac.o(i.DAC_DeInit) refers to stm32f10x_rcc.o(i.RCC_APB1PeriphResetCmd) for RCC_APB1PeriphResetCmd
    stm32f10x_flash.o(i.FLASH_EnableWriteProtection) refers to stm32f10x_flash.o(i.FLASH_WaitForLastOperation) for FLASH_WaitForLastOperation
    stm32f10x_flash.o(i.FLASH_EraseAllBank1Pages) refers to stm32f10x_flash.o(i.FLASH_WaitForLastBank1Operation) for FLASH_WaitForLastBank1Operation
    stm32f10x_flash.o(i.FLASH_EraseAllPages) refers to stm32f10x_flash.o(i.FLASH_WaitForLastOperation) for FLASH_WaitForLastOperation
    stm32f10x_flash.o(i.FLASH_EraseOptionBytes) refers to stm32f10x_flash.o(i.FLASH_GetReadOutProtectionStatus) for FLASH_GetReadOutProtectionStatus
    stm32f10x_flash.o(i.FLASH_EraseOptionBytes) refers to stm32f10x_flash.o(i.FLASH_WaitForLastOperation) for FLASH_WaitForLastOperation
    stm32f10x_flash.o(i.FLASH_ErasePage) refers to stm32f10x_flash.o(i.FLASH_WaitForLastOperation) for FLASH_WaitForLastOperation
    stm32f10x_flash.o(i.FLASH_ProgramHalfWord) refers to stm32f10x_flash.o(i.FLASH_WaitForLastOperation) for FLASH_WaitForLastOperation
    stm32f10x_flash.o(i.FLASH_ProgramOptionByteData) refers to stm32f10x_flash.o(i.FLASH_WaitForLastOperation) for FLASH_WaitForLastOperation
    stm32f10x_flash.o(i.FLASH_ProgramWord) refers to stm32f10x_flash.o(i.FLASH_WaitForLastOperation) for FLASH_WaitForLastOperation
    stm32f10x_flash.o(i.FLASH_ReadOutProtection) refers to stm32f10x_flash.o(i.FLASH_WaitForLastOperation) for FLASH_WaitForLastOperation
    stm32f10x_flash.o(i.FLASH_UserOptionByteConfig) refers to stm32f10x_flash.o(i.FLASH_WaitForLastOperation) for FLASH_WaitForLastOperation
    stm32f10x_flash.o(i.FLASH_WaitForLastBank1Operation) refers to stm32f10x_flash.o(i.FLASH_GetBank1Status) for FLASH_GetBank1Status
    stm32f10x_flash.o(i.FLASH_WaitForLastOperation) refers to stm32f10x_flash.o(i.FLASH_GetBank1Status) for FLASH_GetBank1Status
[...]
    Removing stm32f10x_tim.o(i.TIM_GetCapture4), (8 bytes).
    Removing stm32f10x_tim.o(i.TIM_GetFlagStatus), (18 bytes).
    Removing stm32f10x_tim.o(i.TIM_GetITStatus), (34 bytes).
    Removing stm32f10x_tim.o(i.TIM_GetPrescaler), (6 bytes).
    Removing stm32f10x_tim.o(i.TIM_ITRxExternalClockConfig), (24 bytes).
    Removing stm32f10x_tim.o(i.TIM_InternalClockConfig), (12 bytes).
    Removing stm32f10x_tim.o(i.TIM_OC1FastConfig), (18 bytes).
    Removing stm32f10x_tim.o(i.TIM_OC1NPolarityConfig), (18 bytes).
    Removing stm32f10x_tim.o(i.TIM_OC1PolarityConfig), (18 bytes).
    Removing stm32f10x_tim.o(i.TIM_OC2FastConfig), (26 bytes).
    Removing stm32f10x_tim.o(i.TIM_OC2NPolarityConfig), (26 bytes).
    Removing stm32f10x_tim.o(i.TIM_OC2PolarityConfig), (26 bytes).
    Removing stm32f10x_tim.o(i.TIM_OC3FastConfig), (18 bytes).
    Removing stm32f10x_tim.o(i.TIM_OC3NPolarityConfig), (26 bytes).
    Removing stm32f10x_tim.o(i.TIM_OC3PolarityConfig), (26 bytes).
    Removing stm32f10x_tim.o(i.TIM_OC4FastConfig), (26 bytes).
    Removing stm32f10x_tim.o(i.TIM_OC4PolarityConfig), (26 bytes).
    Removing stm32f10x_tim.o(i.TIM_OCStructInit), (20 bytes).
    Removing stm32f10x_tim.o(i.TIM_PWMIConfig), (124 bytes).
    Removing stm32f10x_tim.o(i.TIM_PrescalerConfig), (6 bytes).
    Removing stm32f10x_tim.o(i.TIM_SelectCCDMA), (24 bytes).
    Removing stm32f10x_tim.o(i.TIM_SelectCOM), (24 bytes).
    Removing stm32f10x_tim.o(i.TIM_SelectHallSensor), (24 bytes).
    Removing stm32f10x_tim.o(i.TIM_SelectInputTrigger), (18 bytes).
    Removing stm32f10x_tim.o(i.TIM_SelectMasterSlaveMode), (18 bytes).
    Removing stm32f10x_tim.o(i.TIM_SelectOCxM), (82 bytes).
    Removing stm32f10x_tim.o(i.TIM_SelectOnePulseMode), (18 bytes).
    Removing stm32f10x_tim.o(i.TIM_SelectOutputTrigger), (18 bytes).
    Removing stm32f10x_tim.o(i.TIM_SelectSlaveMode), (18 bytes).
    Removing stm32f10x_tim.o(i.TIM_SetAutoreload), (4 bytes).
    Removing stm32f10x_tim.o(i.TIM_SetClockDivision), (18 bytes).
    Removing stm32f10x_tim.o(i.TIM_TIxExternalClockConfig), (62 bytes).
    Removing stm32f10x_tim.o(i.TIM_UpdateDisableConfig), (24 bytes).
    Removing stm32f10x_tim.o(i.TIM_UpdateRequestConfig), (24 bytes).
    Removing stm32f10x_usart.o(i.USART_ClearFlag), (18 bytes).
    Removing stm32f10x_usart.o(i.USART_ClockInit), (34 bytes).
    Removing stm32f10x_usart.o(i.USART_ClockStructInit), (12 bytes).
    Removing stm32f10x_usart.o(i.USART_DeInit), (156 bytes).
    Removing stm32f10x_usart.o(i.USART_GetFlagStatus), (26 bytes).
    Removing stm32f10x_usart.o(i.USART_HalfDuplexCmd), (24 bytes).
    Removing stm32f10x_usart.o(i.USART_IrDACmd), (24 bytes).
    Removing stm32f10x_usart.o(i.USART_IrDAConfig), (18 bytes).
    Removing stm32f10x_usart.o(i.USART_LINBreakDetectLengthConfig), (18 bytes).
    Removing stm32f10x_usart.o(i.USART_LINCmd), (24 bytes).
    Removing stm32f10x_usart.o(i.USART_OneBitMethodCmd), (24 bytes).
    Removing stm32f10x_usart.o(i.USART_OverSampling8Cmd), (22 bytes).
    Removing stm32f10x_usart.o(i.USART_ReceiverWakeUpCmd), (24 bytes).
    Removing stm32f10x_usart.o(i.USART_SendBreak), (10 bytes).
    Removing stm32f10x_usart.o(i.USART_SendData), (8 bytes).
    Removing stm32f10x_usart.o(i.USART_SetAddress), (18 bytes).
    Removing stm32f10x_usart.o(i.USART_SetGuardTime), (16 bytes).
    Removing stm32f10x_usart.o(i.USART_SetPrescaler), (16 bytes).
    Removing stm32f10x_usart.o(i.USART_SmartCardCmd), (24 bytes).
    Removing stm32f10x_usart.o(i.USART_SmartCardNACKCmd), (24 bytes).
    Removing stm32f10x_usart.o(i.USART_StructInit), (24 bytes).
    Removing stm32f10x_usart.o(i.USART_WakeUpConfig), (18 bytes).
    Removing stm32f10x_wwdg.o(i.WWDG_ClearFlag), (12 bytes).
    Removing stm32f10x_wwdg.o(i.WWDG_DeInit), (22 bytes).
    Removing stm32f10x_wwdg.o(i.WWDG_Enable), (16 bytes).
    Removing stm32f10x_wwdg.o(i.WWDG_EnableIT), (12 bytes).
    Removing stm32f10x_wwdg.o(i.WWDG_GetFlagStatus), (12 bytes).
    Removing stm32f10x_wwdg.o(i.WWDG_SetCounter), (16 bytes).
    Removing stm32f10x_wwdg.o(i.WWDG_SetPrescaler), (24 bytes).
    Removing stm32f10x_wwdg.o(i.WWDG_SetWindowValue), (40 bytes).
    Removing delay.o(i.delay_ms), (76 bytes).
    Removing delay.o(i.delay_us), (76 bytes).
    Removing sys.o(.emb_text), (6 bytes).
    Removing sys.o(i.INTX_DISABLE), (4 bytes).
    Removing sys.o(i.INTX_ENABLE), (4 bytes).
    Removing sys.o(i.WFI_SET), (4 bytes).
    Removing pid.o(i.PID_start), (10 bytes).
    Removing inv_mpu.o(i.accel_self_test), (168 bytes).
    Removing inv_mpu.o(i.get_accel_prod_shift), (180 bytes).
    Removing inv_mpu.o(i.get_st_biases), (1132 bytes).
    Removing inv_mpu.o(i.gyro_self_test), (272 bytes).
    Removing inv_mpu.o(i.mpu_configure_fifo), (112 bytes).
    Removing inv_mpu.o(i.mpu_get_accel_fsr), (76 bytes).
    Removing inv_mpu.o(i.mpu_get_accel_reg), (116 bytes).
    Removing inv_mpu.o(i.mpu_get_accel_sens), (84 bytes).
    Removing inv_mpu.o(i.mpu_get_compass_fsr), (8 bytes).
    Removing inv_mpu.o(i.mpu_get_compass_reg), (8 bytes).
    Removing inv_mpu.o(i.mpu_get_compass_sample_rate), (10 bytes).
    Removing inv_mpu.o(i.mpu_get_dmp_state), (20 bytes).
    Removing inv_mpu.o(i.mpu_get_fifo_config), (16 bytes).
    Removing inv_mpu.o(i.mpu_get_gyro_fsr), (68 bytes).
    Removing inv_mpu.o(i.mpu_get_gyro_reg), (116 bytes).
    Removing inv_mpu.o(i.mpu_get_gyro_sens), (80 bytes).
    Removing inv_mpu.o(i.mpu_get_int_status), (68 bytes).
    Removing inv_mpu.o(i.mpu_get_lpf), (80 bytes).
    Removing inv_mpu.o(i.mpu_get_power_state), (28 bytes).
    Removing inv_mpu.o(i.mpu_get_sample_rate), (32 bytes).
    Removing inv_mpu.o(i.mpu_get_temperature), (160 bytes).
    Removing inv_mpu.o(i.mpu_init), (400 bytes).
    Removing inv_mpu.o(i.mpu_load_firmware), (184 bytes).
    Removing inv_mpu.o(i.mpu_lp_accel_mode), (224 bytes).
    Removing inv_mpu.o(i.mpu_lp_motion_interrupt), (516 bytes).
    Removing inv_mpu.o(i.mpu_read_fifo), (504 bytes).
    Removing inv_mpu.o(i.mpu_read_fifo_stream), (192 bytes).
    Removing inv_mpu.o(i.mpu_read_mem), (128 bytes).
    Removing inv_mpu.o(i.mpu_read_reg), (72 bytes).
    Removing inv_mpu.o(i.mpu_reg_dump), (76 bytes).
    Removing inv_mpu.o(i.mpu_reset_fifo), (444 bytes).
    Removing inv_mpu.o(i.mpu_run_self_test), (284 bytes).
    Removing inv_mpu.o(i.mpu_set_accel_bias), (384 bytes).
    Removing inv_mpu.o(i.mpu_set_accel_fsr), (132 bytes).
    Removing inv_mpu.o(i.mpu_set_bypass), (332 bytes).
    Removing inv_mpu.o(i.mpu_set_compass_sample_rate), (8 bytes).
    Removing inv_mpu.o(i.mpu_set_dmp_state), (144 bytes).
    Removing inv_mpu.o(i.mpu_set_gyro_fsr), (136 bytes).
    Removing inv_mpu.o(i.mpu_set_int_latched), (108 bytes).
    Removing inv_mpu.o(i.mpu_set_int_level), (16 bytes).
    Removing inv_mpu.o(i.mpu_set_lpf), (132 bytes).
    Removing inv_mpu.o(i.mpu_set_sample_rate), (156 bytes).
    Removing inv_mpu.o(i.mpu_set_sensors), (208 bytes).
    Removing inv_mpu.o(i.mpu_write_mem), (128 bytes).
    Removing inv_mpu.o(i.myget_ms), (2 bytes).
    Removing inv_mpu.o(i.set_int_enable), (144 bytes).
    Removing inv_mpu.o(.constdata), (80 bytes).
    Removing inv_mpu.o(.data), (44 bytes).
    Removing inv_mpu_dmp_motion_driver.o(i.decode_gesture), (100 bytes).
    Removing inv_mpu_dmp_motion_driver.o(i.dmp_enable_6x_lp_quat), (60 bytes).
    Removing inv_mpu_dmp_motion_driver.o(i.dmp_enable_feature), (540 bytes).
    Removing inv_mpu_dmp_motion_driver.o(i.dmp_enable_gyro_cal), (88 bytes).
    Removing inv_mpu_dmp_motion_driver.o(i.dmp_enable_lp_quat), (60 bytes).
    Removing inv_mpu_dmp_motion_driver.o(i.dmp_get_enabled_features), (16 bytes).
    Removing inv_mpu_dmp_motion_driver.o(i.dmp_get_fifo_rate), (16 bytes).
    Removing inv_mpu_dmp_motion_driver.o(i.dmp_get_pedometer_step_count), (66 bytes).
    Removing inv_mpu_dmp_motion_driver.o(i.dmp_get_pedometer_walk_time), (72 bytes).
    Removing inv_mpu_dmp_motion_driver.o(i.dmp_load_motion_driver_firmware), (24 bytes).
    Removing inv_mpu_dmp_motion_driver.o(i.dmp_read_fifo), (460 bytes).
    Removing inv_mpu_dmp_motion_driver.o(i.dmp_register_android_orient_cb), (16 bytes).
    Removing inv_mpu_dmp_motion_driver.o(i.dmp_register_tap_cb), (16 bytes).
    Removing inv_mpu_dmp_motion_driver.o(i.dmp_set_accel_bias), (304 bytes).
    Removing inv_mpu_dmp_motion_driver.o(i.dmp_set_fifo_rate), (112 bytes).
    Removing inv_mpu_dmp_motion_driver.o(i.dmp_set_gyro_bias), (304 bytes).
    Removing inv_mpu_dmp_motion_driver.o(i.dmp_set_interrupt_mode), (92 bytes).
    Removing inv_mpu_dmp_motion_driver.o(i.dmp_set_orientation), (312 bytes).
    Removing inv_mpu_dmp_motion_driver.o(i.dmp_set_pedometer_step_count), (42 bytes).
    Removing inv_mpu_dmp_motion_driver.o(i.dmp_set_pedometer_walk_time), (48 bytes).
    Removing inv_mpu_dmp_motion_driver.o(i.dmp_set_shake_reject_thresh), (56 bytes).
    Removing inv_mpu_dmp_motion_driver.o(i.dmp_set_shake_reject_time), (38 bytes).
    Removing inv_mpu_dmp_motion_driver.o(i.dmp_set_shake_reject_timeout), (38 bytes).
    Removing inv_mpu_dmp_motion_driver.o(i.dmp_set_tap_axes), (70 bytes).
    Removing inv_mpu_dmp_motion_driver.o(i.dmp_set_tap_count), (38 bytes).
    Removing inv_mpu_dmp_motion_driver.o(i.dmp_set_tap_thresh), (416 bytes).
    Removing inv_mpu_dmp_motion_driver.o(i.dmp_set_tap_time), (38 bytes).
    Removing inv_mpu_dmp_motion_driver.o(i.dmp_set_tap_time_multi), (38 bytes).
    Removing inv_mpu_dmp_motion_driver.o(.bss), (16 bytes).
    Removing inv_mpu_dmp_motion_driver.o(.constdata), (3062 bytes).
    Removing ioi2c.o(i.I2C_ReadOneByte), (70 bytes).
    Removing ioi2c.o(i.IIC_Ack), (76 bytes).
    Removing ioi2c.o(i.IIC_Init), (44 bytes).
    Removing ioi2c.o(i.IIC_NAck), (76 bytes).
    Removing ioi2c.o(i.IIC_Read_Byte), (112 bytes).
    Removing ioi2c.o(i.IIC_Send_Byte), (100 bytes).
    Removing ioi2c.o(i.IIC_Start), (104 bytes).
    Removing ioi2c.o(i.IIC_Stop), (72 bytes).
    Removing ioi2c.o(i.IIC_Wait_Ack), (104 bytes).
    Removing ioi2c.o(i.IICreadByte), (22 bytes).
    Removing ioi2c.o(i.IICreadBytes), (100 bytes).
    Removing ioi2c.o(i.IICwriteBit), (64 bytes).
    Removing ioi2c.o(i.IICwriteBits), (106 bytes).
    Removing ioi2c.o(i.IICwriteByte), (20 bytes).
    Removing ioi2c.o(i.IICwriteBytes), (70 bytes).
    Removing ioi2c.o(i.i2cRead), (118 bytes).
    Removing ioi2c.o(i.i2cWrite), (96 bytes).
    Removing mpu6050.o(i.DMP_Init), (88 bytes).
    Removing mpu6050.o(i.MPU6050_getDeviceID), (24 bytes).
    Removing mpu6050.o(i.MPU6050_initialize), (40 bytes).
    Removing mpu6050.o(i.MPU6050_newValues), (500 bytes).
    Removing mpu6050.o(i.MPU6050_setClockSource), (20 bytes).
    Removing mpu6050.o(i.MPU6050_setFullScaleAccelRange), (20 bytes).
    Removing mpu6050.o(i.MPU6050_setFullScaleGyroRange), (20 bytes).
    Removing mpu6050.o(i.MPU6050_setI2CBypassEnabled), (18 bytes).
    Removing mpu6050.o(i.MPU6050_setI2CMasterModeEnabled), (18 bytes).
    Removing mpu6050.o(i.MPU6050_setSleepEnabled), (18 bytes).
    Removing mpu6050.o(i.MPU6050_testConnection), (18 bytes).
    Removing mpu6050.o(i.Read_DMP), (604 bytes).
    Removing mpu6050.o(i.Read_Temperature), (128 bytes).
    Removing mpu6050.o(i.getAngle), (84 bytes).
    Removing mpu6050.o(i.inv_orientation_matrix_to_scalar), (40 bytes).
    Removing mpu6050.o(i.inv_row_2_scale), (78 bytes).
    Removing mpu6050.o(i.run_self_test), (144 bytes).
    Removing mpu6050.o(.bss), (146 bytes).
    Removing mpu6050.o(.data), (60 bytes).
    Removing oledspi.o(i.OLED_Clear), (48 bytes).
    Removing oledspi.o(i.OLED_Display_Off), (28 bytes).
    Removing oledspi.o(i.OLED_Display_On), (28 bytes).
    Removing oledspi.o(i.OLED_DrawPoint), (104 bytes).
    Removing oledspi.o(i.OLED_Init), (316 bytes).
    Removing oledspi.o(i.OLED_Refresh_Gram), (76 bytes).
    Removing oledspi.o(i.OLED_Refresh_Gram0), (64 bytes).
    Removing oledspi.o(i.OLED_ShowChar), (168 bytes).
    Removing oledspi.o(i.OLED_ShowNumber), (148 bytes).
    Removing oledspi.o(i.OLED_ShowString), (68 bytes).
    Removing oledspi.o(i.OLED_WR_Byte), (88 bytes).
    Removing oledspi.o(i.oled_pow), (22 bytes).
    Removing oledspi.o(.bss), (1024 bytes).
    Removing oledspi.o(.constdata), (2660 bytes).
    Removing gpio.o(i.gpi_init), (312 bytes).
    Removing gpio.o(i.gpo_init), (52 bytes).
    Removing oc.o(i.tim3_init), (216 bytes).
    Removing uart.o(i.fputc), (36 bytes).
    Removing ccd.o(i.Dly_us), (12 bytes).
    Removing ccd.o(i.Get_Adc), (68 bytes).
    Removing ccd.o(i.ccd_calculator), (764 bytes).
    Removing ccd.o(i.ccd_getdata), (136 bytes).
    Removing ccd.o(i.ccd_init), (344 bytes).
    Removing ccd.o(.bss), (266 bytes).
    Removing ccd.o(.data), (24 bytes).
    Removing mpu.o(i.mpu__init), (28 bytes).
    Removing mpu.o(i.mpu_getdata), (56 bytes).
    Removing mpu.o(.data), (36 bytes).
    Removing pwm.o(i.pwm11_add), (116 bytes).
    Removing pwm.o(i.pwm11_set), (76 bytes).
    Removing pwm.o(i.pwm12_add), (116 bytes).
    Removing pwm.o(i.pwm13_add), (116 bytes).
    Removing pwm.o(i.pwm14_add), (116 bytes).
    Removing pwm.o(i.pwm1_init), (100 bytes).
    Removing pwm.o(i.side_add), (84 bytes).
    Removing pwm.o(i.side_set), (256 bytes).
    Removing pwm.o(i.spin_set), (256 bytes).
    Removing pwm.o(i.stop), (100 bytes).
    Removing pwm.o(i.straight_set), (256 bytes).
    Removing trans.o(i.trans_others_R), (304 bytes).
    Removing trans.o(i.trans_others_T), (316 bytes).
    Removing trans.o(i.trans_others_init), (80 bytes).
    Removing system_stm32f10x.o(i.SystemCoreClockUpdate), (164 bytes).
    Removing fdiv.o(.text), (124 bytes).
    Removing dadd.o(.text), (334 bytes).
    Removing ffltui.o(.text), (10 bytes).
    Removing ffixi.o(.text), (50 bytes).
    Removing dfixui.o(.text), (50 bytes).
    Removing f2d.o(.text), (38 bytes).
    Removing dscalb.o(.text), (46 bytes).
    Removing cdcmple.o(.text), (48 bytes).
    Removing dsqrt.o(.text), (162 bytes).

593 unused section(s) (total 52680 bytes) removed from the image.

==============================================================================

Image Symbol Table

    Local Symbols

    Symbol Name                              Value     Ov Type        Size  Object(Section)

    ../clib/../cmprslib/zerorunl2.c          0x00000000   Number         0  __dczerorl2.o ABSOLUTE
    ../clib/microlib/division.c              0x00000000   Number         0  ldiv.o ABSOLUTE
    ../clib/microlib/division.c              0x00000000   Number         0  uldiv.o ABSOLUTE
    ../clib/microlib/errno.c                 0x00000000   Number         0  errno.o ABSOLUTE
    ../clib/microlib/init/entry.s            0x00000000   Number         0  entry.o ABSOLUTE
    ../clib/microlib/init/entry.s            0x00000000   Number         0  entry2.o ABSOLUTE
    ../clib/microlib/init/entry.s            0x00000000   Number         0  entry10a.o ABSOLUTE
    ../clib/microlib/init/entry.s            0x00000000   Number         0  entry9b.o ABSOLUTE
    ../clib/microlib/init/entry.s            0x00000000   Number         0  entry9a.o ABSOLUTE
    ../clib/microlib/init/entry.s            0x00000000   Number         0  entry5.o ABSOLUTE
    ../clib/microlib/init/entry.s            0x00000000   Number         0  entry10b.o ABSOLUTE
    ../clib/microlib/init/entry.s            0x00000000   Number         0  entry7a.o ABSOLUTE
    ../clib/microlib/init/entry.s            0x00000000   Number         0  entry7b.o ABSOLUTE
    ../clib/microlib/init/entry.s            0x00000000   Number         0  entry11a.o ABSOLUTE
    ../clib/microlib/init/entry.s            0x00000000   Number         0  entry11b.o ABSOLUTE
    ../clib/microlib/init/entry.s            0x00000000   Number         0  entry12a.o ABSOLUTE
    ../clib/microlib/init/entry.s            0x00000000   Number         0  entry8b.o ABSOLUTE
    ../clib/microlib/init/entry.s            0x00000000   Number         0  entry12b.o ABSOLUTE
    ../clib/microlib/init/entry.s            0x00000000   Number         0  entry8a.o ABSOLUTE
    ../clib/microlib/longlong.c              0x00000000   Number         0  llushr.o ABSOLUTE
    ../clib/microlib/longlong.c              0x00000000   Number         0  llsshr.o ABSOLUTE
    ../clib/microlib/longlong.c              0x00000000   Number         0  llshl.o ABSOLUTE
    ../clib/microlib/string/memcmp.c         0x00000000   Number         0  memcmp.o ABSOLUTE
    ../clib/microlib/string/memset.c         0x00000000   Number         0  memseta.o ABSOLUTE
    ../clib/microlib/stubs.s                 0x00000000   Number         0  iusefp.o ABSOLUTE
    ../fplib/microlib/d2f.c                  0x00000000   Number         0  d2f.o ABSOLUTE
    ../fplib/microlib/f2d.c                  0x00000000   Number         0  f2d.o ABSOLUTE
    ../fplib/microlib/fpadd.c                0x00000000   Number         0  fadd.o ABSOLUTE
    ../fplib/microlib/fpadd.c                0x00000000   Number         0  dadd.o ABSOLUTE
    ../fplib/microlib/fpdiv.c                0x00000000   Number         0  ddiv.o ABSOLUTE
    ../fplib/microlib/fpdiv.c                0x00000000   Number         0  fdiv.o ABSOLUTE
    ../fplib/microlib/fpepilogue.c           0x00000000   Number         0  fepilogue.o ABSOLUTE
    ../fplib/microlib/fpepilogue.c           0x00000000   Number         0  depilogue.o ABSOLUTE
    ../fplib/microlib/fpfix.c                0x00000000   Number         0  ffixui.o ABSOLUTE
    ../fplib/microlib/fpfix.c                0x00000000   Number         0  ffixi.o ABSOLUTE
    ../fplib/microlib/fpfix.c                0x00000000   Number         0  dfixui.o ABSOLUTE
    ../fplib/microlib/fpflt.c                0x00000000   Number         0  dfltui.o ABSOLUTE
    ../fplib/microlib/fpflt.c                0x00000000   Number         0  fflti.o ABSOLUTE
    ../fplib/microlib/fpflt.c                0x00000000   Number         0  ffltui.o ABSOLUTE
    ../fplib/microlib/fpflt.c                0x00000000   Number         0  dflti.o ABSOLUTE
    ../fplib/microlib/fpmul.c                0x00000000   Number         0  dmul.o ABSOLUTE
    ../fplib/microlib/fpmul.c                0x00000000   Number         0  fmul.o ABSOLUTE
    ../fplib/microlib/fpscalb.c              0x00000000   Number         0  dscalb.o ABSOLUTE
    ../fplib/microlib/fpsqrt.c               0x00000000   Number         0  dsqrt.o ABSOLUTE
    ../mathlib/asin.c                        0x00000000   Number         0  asin.o ABSOLUTE
    ../mathlib/asin.c                        0x00000000   Number         0  asin_x.o ABSOLUTE
    ../mathlib/atan.c                        0x00000000   Number         0  atan.o ABSOLUTE
    ../mathlib/atan.c                        0x00000000   Number         0  atan_x.o ABSOLUTE
    ../mathlib/atan2.c                       0x00000000   Number         0  atan2_x.o ABSOLUTE
    ../mathlib/atan2.c                       0x00000000   Number         0  atan2.o ABSOLUTE
    ../mathlib/dunder.c                      0x00000000   Number         0  dunder.o ABSOLUTE
    ../mathlib/fpclassify.c                  0x00000000   Number         0  fpclassify.o ABSOLUTE
    ../mathlib/poly.c                        0x00000000   Number         0  poly.o ABSOLUTE
    ../mathlib/qnan.c                        0x00000000   Number         0  qnan.o ABSOLUTE
    ../mathlib/sqrt.c                        0x00000000   Number         0  sqrt.o ABSOLUTE
    ../mathlib/sqrt.c                        0x00000000   Number         0  sqrt_x.o ABSOLUTE
    ..\Button\gpio.c                         0x00000000   Number         0  gpio.o ABSOLUTE
    ..\Button\ic.c                           0x00000000   Number         0  ic.o ABSOLUTE
    ..\Button\oc.c                           0x00000000   Number         0  oc.o ABSOLUTE
    ..\Button\others\mpu\IOI2C.c             0x00000000   Number         0  ioi2c.o ABSOLUTE
    ..\Button\others\mpu\MPU6050.c           0x00000000   Number         0  mpu6050.o ABSOLUTE
    ..\Button\others\mpu\inv_mpu.c           0x00000000   Number         0  inv_mpu.o ABSOLUTE
    ..\Button\others\mpu\inv_mpu_dmp_motion_driver.c 0x00000000   Number         0  inv_mpu_dmp_motion_driver.o ABSOLUTE
    ..\Button\others\oled\oledspi.c          0x00000000   Number         0  oledspi.o ABSOLUTE
    ..\Button\uart.c                         0x00000000   Number         0  uart.o ABSOLUTE
    ..\CORE\core_cm3.c                       0x00000000   Number         0  core_cm3.o ABSOLUTE
    ..\CORE\startup_stm32f10x_hd.s           0x00000000   Number         0  startup_stm32f10x_hd.o ABSOLUTE
    ..\Middle\ccd.c                          0x00000000   Number         0  ccd.o ABSOLUTE
    ..\Middle\mpu.c                          0x00000000   Number         0  mpu.o ABSOLUTE
    ..\Middle\oled.c                         0x00000000   Number         0  oled_1.o ABSOLUTE
    ..\Middle\pwm.c                          0x00000000   Number         0  pwm.o ABSOLUTE
    ..\Middle\trans.c                        0x00000000   Number         0  trans.o ABSOLUTE
    ..\STM32F10x_FWLib\src\misc.c            0x00000000   Number         0  misc.o ABSOLUTE
    ..\STM32F10x_FWLib\src\stm32f10x_adc.c   0x00000000   Number         0  stm32f10x_adc.o ABSOLUTE
    ..\STM32F10x_FWLib\src\stm32f10x_bkp.c   0x00000000   Number         0  stm32f10x_bkp.o ABSOLUTE
    ..\STM32F10x_FWLib\src\stm32f10x_can.c   0x00000000   Number         0  stm32f10x_can.o ABSOLUTE
    ..\STM32F10x_FWLib\src\stm32f10x_cec.c   0x00000000   Number         0  stm32f10x_cec.o ABSOLUTE
    ..\STM32F10x_FWLib\src\stm32f10x_crc.c   0x00000000   Number         0  stm32f10x_crc.o ABSOLUTE
    ..\STM32F10x_FWLib\src\stm32f10x_dac.c   0x00000000   Number         0  stm32f10x_dac.o ABSOLUTE
    ..\STM32F10x_FWLib\src\stm32f10x_dbgmcu.c 0x00000000   Number         0  stm32f10x_dbgmcu.o ABSOLUTE
    ..\STM32F10x_FWLib\src\stm32f10x_dma.c   0x00000000   Number         0  stm32f10x_dma.o ABSOLUTE
    ..\STM32F10x_FWLib\src\stm32f10x_exti.c  0x00000000   Number         0  stm32f10x_exti.o ABSOLUTE
    ..\STM32F10x_FWLib\src\stm32f10x_flash.c 0x00000000   Number         0  stm32f10x_flash.o ABSOLUTE
    ..\STM32F10x_FWLib\src\stm32f10x_fsmc.c  0x00000000   Number         0  stm32f10x_fsmc.o ABSOLUTE
    ..\STM32F10x_FWLib\src\stm32f10x_gpio.c  0x00000000   Number         0  stm32f10x_gpio.o ABSOLUTE
    ..\STM32F10x_FWLib\src\stm32f10x_i2c.c   0x00000000   Number         0  stm32f10x_i2c.o ABSOLUTE
    ..\STM32F10x_FWLib\src\stm32f10x_iwdg.c  0x00000000   Number         0  stm32f10x_iwdg.o ABSOLUTE
    ..\STM32F10x_FWLib\src\stm32f10x_pwr.c   0x00000000   Number         0  stm32f10x_pwr.o ABSOLUTE
    ..\STM32F10x_FWLib\src\stm32f10x_rcc.c   0x00000000   Number         0  stm32f10x_rcc.o ABSOLUTE
    ..\STM32F10x_FWLib\src\stm32f10x_rtc.c   0x00000000   Number         0  stm32f10x_rtc.o ABSOLUTE
    ..\STM32F10x_FWLib\src\stm32f10x_sdio.c  0x00000000   Number         0  stm32f10x_sdio.o ABSOLUTE
    ..\STM32F10x_FWLib\src\stm32f10x_spi.c   0x00000000   Number         0  stm32f10x_spi.o ABSOLUTE
    ..\STM32F10x_FWLib\src\stm32f10x_tim.c   0x00000000   Number         0  stm32f10x_tim.o ABSOLUTE
    ..\STM32F10x_FWLib\src\stm32f10x_usart.c 0x00000000   Number         0  stm32f10x_usart.o ABSOLUTE
    ..\STM32F10x_FWLib\src\stm32f10x_wwdg.c  0x00000000   Number         0  stm32f10x_wwdg.o ABSOLUTE
    ..\SYSTEM\delay\delay.c                  0x00000000   Number         0  delay.o ABSOLUTE
    ..\SYSTEM\maincycle\maincycle.c          0x00000000   Number         0  maincycle.o ABSOLUTE
    ..\SYSTEM\pid\pid.c                      0x00000000   Number         0  pid.o ABSOLUTE
    ..\SYSTEM\sys\sys.c                      0x00000000   Number         0  sys.o ABSOLUTE
    ..\\CORE\\core_cm3.c                     0x00000000   Number         0  core_cm3.o ABSOLUTE
    ..\\SYSTEM\\sys\\sys.c                   0x00000000   Number         0  sys.o ABSOLUTE
    cdcmple.s                                0x00000000   Number         0  cdcmple.o ABSOLUTE
    cfcmple.s                                0x00000000   Number         0  cfcmple.o ABSOLUTE
    cfrcmple.s                               0x00000000   Number         0  cfrcmple.o ABSOLUTE
    dc.s                                     0x00000000   Number         0  dc.o ABSOLUTE
    handlers.s                               0x00000000   Number         0  handlers.o ABSOLUTE
    init.s                                   0x00000000   Number         0  init.o ABSOLUTE
    main.c                                   0x00000000   Number         0  main.o ABSOLUTE
    stm32f10x_it.c                           0x00000000   Number         0  stm32f10x_it.o ABSOLUTE
    system_stm32f10x.c                       0x00000000   Number         0  system_stm32f10x.o ABSOLUTE
    RESET                                    0x08000000   Section      304  startup_stm32f10x_hd.o(RESET)
    .ARM.Collect$$$$00000000                 0x08000130   Section        0  entry.o(.ARM.Collect$$$$00000000)
    .ARM.Collect$$$$00000001                 0x08000130   Section        4  entry2.o(.ARM.Collect$$$$00000001)
    .ARM.Collect$$$$00000004                 0x08000134   Section        4  entry5.o(.ARM.Collect$$$$00000004)
    .ARM.Collect$$$$00000008                 0x08000138   Section        0  entry7b.o(.ARM.Collect$$$$00000008)
    .ARM.Collect$$$$0000000A                 0x08000138   Section        0  entry8b.o(.ARM.Collect$$$$0000000A)
    .ARM.Collect$$$$0000000B                 0x08000138   Section        8  entry9a.o(.ARM.Collect$$$$0000000B)
    .ARM.Collect$$$$0000000E                 0x08000140   Section        4  entry12b.o(.ARM.Collect$$$$0000000E)
    .ARM.Collect$$$$0000000F                 0x08000144   Section        0  entry10a.o(.ARM.Collect$$$$0000000F)
    .ARM.Collect$$$$00000011                 0x08000144   Section        0  entry11a.o(.ARM.Collect$$$$00000011)
    .ARM.Collect$$$$00002712                 0x08000144   Section        4  entry2.o(.ARM.Collect$$$$00002712)
    __lit__00000000                          0x08000144   Data           4  entry2.o(.ARM.Collect$$$$00002712)
    .text                                    0x08000148   Section       36  startup_stm32f10x_hd.o(.text)
    .text                                    0x0800016c   Section        0  fadd.o(.text)
    .text                                    0x0800021c   Section        0  fmul.o(.text)
    .text                                    0x08000280   Section        0  dmul.o(.text)
    .text                                    0x08000364   Section        0  ddiv.o(.text)
    .text                                    0x08000442   Section        0  fflti.o(.text)
    .text                                    0x08000454   Section        0  dflti.o(.text)
    .text                                    0x08000476   Section        0  dfltui.o(.text)
    .text                                    0x08000490   Section        0  ffixui.o(.text)
    .text                                    0x080004b8   Section        0  d2f.o(.text)
    .text                                    0x080004f0   Section       20  cfcmple.o(.text)
    .text                                    0x08000504   Section       20  cfrcmple.o(.text)
    .text                                    0x08000518   Section        0  llshl.o(.text)
    .text                                    0x08000536   Section        0  llushr.o(.text)
    .text                                    0x08000556   Section        0  fepilogue.o(.text)
    .text                                    0x08000556   Section        0  iusefp.o(.text)
    .text                                    0x080005c4   Section        0  depilogue.o(.text)
    .text                                    0x08000680   Section       36  init.o(.text)
    .text                                    0x080006a4   Section        0  __dczerorl2.o(.text)
    i.BusFault_Handler                       0x080006fa   Section        0  stm32f10x_it.o(i.BusFault_Handler)
    i.CPUoccupationRate_Calculatefinish      0x08000700   Section        0  maincycle.o(i.CPUoccupationRate_Calculatefinish)
    i.CPUoccupationRate_Calculatestart       0x08000754   Section        0  maincycle.o(i.CPUoccupationRate_Calculatestart)
    i.DMA_Cmd                                0x0800076c   Section        0  stm32f10x_dma.o(i.DMA_Cmd)
    i.DMA_GetCurrDataCounter                 0x08000784   Section        0  stm32f10x_dma.o(i.DMA_GetCurrDataCounter)
    i.DMA_Init                               0x0800078c   Section        0  stm32f10x_dma.o(i.DMA_Init)
    i.DMA_SetCurrDataCounter                 0x080007c8   Section        0  stm32f10x_dma.o(i.DMA_SetCurrDataCounter)
    i.DebugMon_Handler                       0x080007cc   Section        0  stm32f10x_it.o(i.DebugMon_Handler)
    i.EXTI0_IRQHandler                       0x080007d0   Section        0  gpio.o(i.EXTI0_IRQHandler)
    i.EXTI15_10_IRQHandler                   0x080007e8   Section        0  gpio.o(i.EXTI15_10_IRQHandler)
    i.EXTI1_IRQHandler                       0x08000800   Section        0  gpio.o(i.EXTI1_IRQHandler)
    i.EXTI2_IRQHandler                       0x08000818   Section        0  gpio.o(i.EXTI2_IRQHandler)
    i.EXTI3_IRQHandler                       0x08000830   Section        0  gpio.o(i.EXTI3_IRQHandler)
    i.EXTI4_IRQHandler                       0x08000848   Section        0  gpio.o(i.EXTI4_IRQHandler)
    i.EXTI9_5_IRQHandler                     0x08000860   Section        0  gpio.o(i.EXTI9_5_IRQHandler)
    i.EXTI_ClearITPendingBit                 0x08000878   Section        0  stm32f10x_exti.o(i.EXTI_ClearITPendingBit)
    i.GPIO_Init                              0x08000884   Section        0  stm32f10x_gpio.o(i.GPIO_Init)
    i.GPIO_PinRemapConfig                    0x0800099c   Section        0  stm32f10x_gpio.o(i.GPIO_PinRemapConfig)
    i.GPIO_StructInit                        0x08000a2c   Section        0  stm32f10x_gpio.o(i.GPIO_StructInit)
    i.HardFault_Handler                      0x08000a3c   Section        0  stm32f10x_it.o(i.HardFault_Handler)
    i.MemManage_Handler                      0x08000a40   Section        0  stm32f10x_it.o(i.MemManage_Handler)
    i.NMI_Handler                            0x08000a44   Section        0  stm32f10x_it.o(i.NMI_Handler)
    i.NVIC_Init                              0x08000a48   Section        0  misc.o(i.NVIC_Init)
    i.NVIC_PriorityGroupConfig               0x08000ab8   Section        0  misc.o(i.NVIC_PriorityGroupConfig)
    i.PID_calc1                              0x08000acc   Section        0  pid.o(i.PID_calc1)
    i.PID_calc2                              0x08000b28   Section        0  pid.o(i.PID_calc2)
    i.PID_init                               0x08000b98   Section        0  pid.o(i.PID_init)
    i.PendSV_Handler                         0x08000bb0   Section        0  stm32f10x_it.o(i.PendSV_Handler)
    i.RCC_AHBPeriphClockCmd                  0x08000bb4   Section        0  stm32f10x_rcc.o(i.RCC_AHBPeriphClockCmd)
    i.RCC_APB1PeriphClockCmd                 0x08000bd4   Section        0  stm32f10x_rcc.o(i.RCC_APB1PeriphClockCmd)
    i.RCC_APB2PeriphClockCmd                 0x08000bf4   Section        0  stm32f10x_rcc.o(i.RCC_APB2PeriphClockCmd)
    i.RCC_GetClocksFreq                      0x08000c14   Section        0  stm32f10x_rcc.o(i.RCC_GetClocksFreq)
    i.SVC_Handler                            0x08000ce8   Section        0  stm32f10x_it.o(i.SVC_Handler)
    i.SetSysClock                            0x08000cea   Section        0  system_stm32f10x.o(i.SetSysClock)
    SetSysClock                              0x08000ceb   Thumb Code     8  system_stm32f10x.o(i.SetSysClock)
    i.SetSysClockTo72                        0x08000cf4   Section        0  system_stm32f10x.o(i.SetSysClockTo72)
    SetSysClockTo72                          0x08000cf5   Thumb Code   214  system_stm32f10x.o(i.SetSysClockTo72)
    i.SysTick_CLKSourceConfig                0x08000dd4   Section        0  misc.o(i.SysTick_CLKSourceConfig)
    i.SysTick_Handler                        0x08000dfc   Section        0  stm32f10x_it.o(i.SysTick_Handler)
    i.SystemInit                             0x08000e00   Section        0  system_stm32f10x.o(i.SystemInit)
    i.TI1_Config                             0x08000e60   Section        0  stm32f10x_tim.o(i.TI1_Config)
    TI1_Config                               0x08000e61   Thumb Code   108  stm32f10x_tim.o(i.TI1_Config)
    i.TI2_Config                             0x08000ee0   Section        0  stm32f10x_tim.o(i.TI2_Config)
    TI2_Config                               0x08000ee1   Thumb Code   130  stm32f10x_tim.o(i.TI2_Config)
    i.TI3_Config                             0x08000f78   Section        0  stm32f10x_tim.o(i.TI3_Config)
    TI3_Config                               0x08000f79   Thumb Code   122  stm32f10x_tim.o(i.TI3_Config)
    i.TI4_Config                             0x08001008   Section        0  stm32f10x_tim.o(i.TI4_Config)
    TI4_Config                               0x08001009   Thumb Code   130  stm32f10x_tim.o(i.TI4_Config)
    i.TIM6_IRQHandler                        0x080010a0   Section        0  main.o(i.TIM6_IRQHandler)
    i.TIM_ARRPreloadConfig                   0x08001300   Section        0  stm32f10x_tim.o(i.TIM_ARRPreloadConfig)
    i.TIM_ClearITPendingBit                  0x08001318   Section        0  stm32f10x_tim.o(i.TIM_ClearITPendingBit)
    i.TIM_Cmd                                0x0800131e   Section        0  stm32f10x_tim.o(i.TIM_Cmd)
    i.TIM_CtrlPWMOutputs                     0x08001336   Section        0  stm32f10x_tim.o(i.TIM_CtrlPWMOutputs)
    i.TIM_EncoderInterfaceConfig             0x08001354   Section        0  stm32f10x_tim.o(i.TIM_EncoderInterfaceConfig)
    i.TIM_GetCounter                         0x08001396   Section        0  stm32f10x_tim.o(i.TIM_GetCounter)
    i.TIM_ICInit                             0x0800139c   Section        0  stm32f10x_tim.o(i.TIM_ICInit)
    i.TIM_ICStructInit                       0x08001448   Section        0  stm32f10x_tim.o(i.TIM_ICStructInit)
    i.TIM_ITConfig                           0x0800145a   Section        0  stm32f10x_tim.o(i.TIM_ITConfig)
    i.TIM_OC1Init                            0x0800146c   Section        0  stm32f10x_tim.o(i.TIM_OC1Init)
    i.TIM_OC1PreloadConfig                   0x08001504   Section        0  stm32f10x_tim.o(i.TIM_OC1PreloadConfig)
    i.TIM_OC2Init                            0x08001518   Section        0  stm32f10x_tim.o(i.TIM_OC2Init)
    i.TIM_OC2PreloadConfig                   0x080015bc   Section        0  stm32f10x_tim.o(i.TIM_OC2PreloadConfig)
    i.TIM_OC3Init                            0x080015d8   Section        0  stm32f10x_tim.o(i.TIM_OC3Init)
    i.TIM_OC3PreloadConfig                   0x08001678   Section        0  stm32f10x_tim.o(i.TIM_OC3PreloadConfig)
    i.TIM_OC4Init                            0x0800168c   Section        0  stm32f10x_tim.o(i.TIM_OC4Init)
    i.TIM_OC4PreloadConfig                   0x08001708   Section        0  stm32f10x_tim.o(i.TIM_OC4PreloadConfig)
    i.TIM_SetCompare1                        0x08001722   Section        0  stm32f10x_tim.o(i.TIM_SetCompare1)
    i.TIM_SetCompare2                        0x08001726   Section        0  stm32f10x_tim.o(i.TIM_SetCompare2)
    i.TIM_SetCompare3                        0x0800172a   Section        0  stm32f10x_tim.o(i.TIM_SetCompare3)
    i.TIM_SetCompare4                        0x0800172e   Section        0  stm32f10x_tim.o(i.TIM_SetCompare4)
    i.TIM_SetCounter                         0x08001734   Section        0  stm32f10x_tim.o(i.TIM_SetCounter)
    i.TIM_SetIC1Prescaler                    0x08001738   Section        0  stm32f10x_tim.o(i.TIM_SetIC1Prescaler)
    i.TIM_SetIC2Prescaler                    0x0800174a   Section        0  stm32f10x_tim.o(i.TIM_SetIC2Prescaler)
    i.TIM_SetIC3Prescaler                    0x08001764   Section        0  stm32f10x_tim.o(i.TIM_SetIC3Prescaler)
    i.TIM_SetIC4Prescaler                    0x08001776   Section        0  stm32f10x_tim.o(i.TIM_SetIC4Prescaler)
    i.TIM_TimeBaseInit                       0x08001790   Section        0  stm32f10x_tim.o(i.TIM_TimeBaseInit)
    i.TIM_TimeBaseStructInit                 0x08001834   Section        0  stm32f10x_tim.o(i.TIM_TimeBaseStructInit)
    i.UART4_IRQHandler                       0x08001846   Section        0  uart.o(i.UART4_IRQHandler)
    i.USART1_IRQHandler                      0x08001850   Section        0  uart.o(i.USART1_IRQHandler)
    i.USART2_IRQHandler                      0x0800185a   Section        0  uart.o(i.USART2_IRQHandler)
    i.USART3_IRQHandler                      0x08001864   Section        0  uart.o(i.USART3_IRQHandler)
    i.USART_ClearITPendingBit                0x0800186e   Section        0  stm32f10x_usart.o(i.USART_ClearITPendingBit)
    i.USART_Cmd                              0x0800188c   Section        0  stm32f10x_usart.o(i.USART_Cmd)
    i.USART_DMACmd                           0x080018a4   Section        0  stm32f10x_usart.o(i.USART_DMACmd)
    i.USART_GetITStatus                      0x080018b6   Section        0  stm32f10x_usart.o(i.USART_GetITStatus)
    i.USART_ITConfig                         0x0800190a   Section        0  stm32f10x_usart.o(i.USART_ITConfig)
    i.USART_Init                             0x08001954   Section        0  stm32f10x_usart.o(i.USART_Init)
    i.USART_ReceiveData                      0x08001a2c   Section        0  stm32f10x_usart.o(i.USART_ReceiveData)
    i.USARTx_IRQHandler                      0x08001a38   Section        0  uart.o(i.USARTx_IRQHandler)
    USARTx_IRQHandler                        0x08001a39   Thumb Code   160  uart.o(i.USARTx_IRQHandler)
    i.UsageFault_Handler                     0x08001af0   Section        0  stm32f10x_it.o(i.UsageFault_Handler)
    i.__scatterload_copy                     0x08001af4   Section       14  handlers.o(i.__scatterload_copy)
    i.__scatterload_null                     0x08001b02   Section        2  handlers.o(i.__scatterload_null)
    i.__scatterload_zeroinit                 0x08001b04   Section       14  handlers.o(i.__scatterload_zeroinit)
    i.delay_init                             0x08001b14   Section        0  delay.o(i.delay_init)
    i.dma_Rinit                              0x08001b58   Section        0  uart.o(i.dma_Rinit)
    dma_Rinit                                0x08001b59   Thumb Code   106  uart.o(i.dma_Rinit)
    i.dma_Tinit                              0x08001bd4   Section        0  uart.o(i.dma_Tinit)
    dma_Tinit                                0x08001bd5   Thumb Code    90  uart.o(i.dma_Tinit)
    i.gpio_init                              0x08001c40   Section        0  ic.o(i.gpio_init)
    gpio_init                                0x08001c41   Thumb Code   108  ic.o(i.gpio_init)
    i.gpio_init                              0x08001cc0   Section        0  uart.o(i.gpio_init)
    gpio_init                                0x08001cc1   Thumb Code    96  uart.o(i.gpio_init)
    i.ic_getdata                             0x08001d34   Section        0  ic.o(i.ic_getdata)
    i.ic_init                                0x08001d5c   Section        0  ic.o(i.ic_init)
    i.main                                   0x08001d80   Section        0  main.o(i.main)
    i.maincycle_ms_init                      0x08001e18   Section        0  maincycle.o(i.maincycle_ms_init)
    i.move_init                              0x08001e40   Section        0  pwm.o(i.move_init)
    i.move_set                               0x08001e50   Section        0  pwm.o(i.move_set)
    move_set                                 0x08001e51   Thumb Code   284  pwm.o(i.move_set)
    i.nvic_init                              0x08001f80   Section        0  maincycle.o(i.nvic_init)
    nvic_init                                0x08001f81   Thumb Code    32  maincycle.o(i.nvic_init)
    i.nvic_init                              0x08001fa0   Section        0  uart.o(i.nvic_init)
    nvic_init                                0x08001fa1   Thumb Code    34  uart.o(i.nvic_init)
    i.spin_add                               0x08001fc8   Section        0  pwm.o(i.spin_add)
    i.straight_add                           0x08002124   Section        0  pwm.o(i.straight_add)
    i.tim1_init                              0x0800217c   Section        0  oc.o(i.tim1_init)
    i.tim2_init                              0x08002270   Section        0  oc.o(i.tim2_init)
    i.tim_init                               0x08002370   Section        0  maincycle.o(i.tim_init)
    tim_init                                 0x08002371   Thumb Code    66  maincycle.o(i.tim_init)
    i.tim_init                               0x080023bc   Section        0  ic.o(i.tim_init)
    tim_init                                 0x080023bd   Thumb Code   118  ic.o(i.tim_init)
    i.trans_bt_R                             0x0800243c   Section        0  trans.o(i.trans_bt_R)
    i.trans_bt_T                             0x08002764   Section        0  trans.o(i.trans_bt_T)
    i.trans_bt_init                          0x080028fc   Section        0  trans.o(i.trans_bt_init)
    i.uart_init                              0x08002954   Section        0  uart.o(i.uart_init)
    i.uart_singletrans                       0x08002a10   Section        0  uart.o(i.uart_singletrans)
    i.usart_init                             0x08002a5c   Section        0  uart.o(i.usart_init)
    usart_init                               0x08002a5d   Thumb Code    74  uart.o(i.usart_init)
    .data                                    0x20000000   Section       20  stm32f10x_rcc.o(.data)
    APBAHBPrescTable                         0x20000000   Data          16  stm32f10x_rcc.o(.data)
    ADCPrescTable                            0x20000010   Data           4  stm32f10x_rcc.o(.data)
    .data                                    0x20000014   Section        4  delay.o(.data)
    fac_us                                   0x20000014   Data           1  delay.o(.data)
    fac_ms                                   0x20000016   Data           2  delay.o(.data)
    .data                                    0x20000018   Section        4  maincycle.o(.data)
    TIM6_Period                              0x20000018   Data           2  maincycle.o(.data)
    TIM8_Counter                             0x2000001a   Data           2  maincycle.o(.data)
    .data                                    0x2000001c   Section        4  gpio.o(.data)
    i0                                       0x2000001c   Data           4  gpio.o(.data)
    .data                                    0x20000020   Section       96  ic.o(.data)
    TIMx                                     0x20000020   Data          16  ic.o(.data)
    RCC_APB1Periph_TIMx                      0x20000030   Data          16  ic.o(.data)
    GPIOx                                    0x20000040   Data          16  ic.o(.data)
    RCC_APB2Periph_GPIOx                     0x20000050   Data          16  ic.o(.data)
    A_GPIO_Pin_x                             0x20000060   Data          16  ic.o(.data)
    B_GPIO_Pin_x                             0x20000070   Data          16  ic.o(.data)
    .data                                    0x20000080   Section      228  uart.o(.data)
    USARTx                                   0x20000080   Data          20  uart.o(.data)
    RCC_APB1Periph_USARTx                    0x20000094   Data          20  uart.o(.data)
    RCC_APB2Periph_USARTx                    0x200000a8   Data          20  uart.o(.data)
    GPIO_Remap_USARTx                        0x200000bc   Data          20  uart.o(.data)
    GPIOx                                    0x200000d0   Data          20  uart.o(.data)
    RCC_APB2Periph_GPIOx                     0x200000e4   Data          20  uart.o(.data)
    T_GPIO_Pin_x                             0x200000f8   Data          20  uart.o(.data)
    R_GPIO_Pin_x                             0x2000010c   Data          20  uart.o(.data)
    USARTx_IRQn                              0x20000120   Data           5  uart.o(.data)
    RCC_AHBPeriph_DMAx                       0x20000128   Data          20  uart.o(.data)
    T_DMA_Channel_x                          0x2000013c   Data          20  uart.o(.data)
    R_DMA_Channel_x                          0x20000150   Data          20  uart.o(.data)
    .data                                    0x20000164   Section       76  pwm.o(.data)
    pwm11_compare                            0x20000164   Data           4  pwm.o(.data)
    pwm12_compare                            0x20000168   Data           4  pwm.o(.data)
    pwm13_compare                            0x2000016c   Data           4  pwm.o(.data)
    pwm14_compare                            0x20000170   Data           4  pwm.o(.data)
    straight_value                           0x20000174   Data           4  pwm.o(.data)
    side_value                               0x20000178   Data           4  pwm.o(.data)
    spin_value                               0x2000017c   Data           4  pwm.o(.data)
    pwm_pre1                                 0x20000180   Data           4  pwm.o(.data)
    pwm_pre2                                 0x20000184   Data           4  pwm.o(.data)
    pwm_pre3                                 0x20000188   Data           4  pwm.o(.data)
    pwm_pre4                                 0x2000018c   Data           4  pwm.o(.data)
    pwm_spin1                                0x20000190   Data           4  pwm.o(.data)
    pwm_spin2                                0x20000194   Data           4  pwm.o(.data)
    pwm_spin3                                0x20000198   Data           4  pwm.o(.data)
    pwm_spin4                                0x2000019c   Data           4  pwm.o(.data)
    pwm_out1                                 0x200001a0   Data           4  pwm.o(.data)
    pwm_out2                                 0x200001a4   Data           4  pwm.o(.data)
    pwm_out3                                 0x200001a8   Data           4  pwm.o(.data)
    pwm_out4                                 0x200001ac   Data           4  pwm.o(.data)
    .data                                    0x200001b0   Section      100  main.o(.data)
    cnt                                      0x200001b0   Data           4  main.o(.data)
    P_v                                      0x200001b4   Data           4  main.o(.data)
    I_v                                      0x200001b8   Data           4  main.o(.data)
    D_v                                      0x200001bc   Data           4  main.o(.data)
    a_v1                                     0x200001c0   Data           4  main.o(.data)
    a_v2                                     0x200001c4   Data           4  main.o(.data)
    a_v_max                                  0x200001c8   Data           4  main.o(.data)
    v1                                       0x200001cc   Data           4  main.o(.data)
    v2                                       0x200001d0   Data           4  main.o(.data)
    pwm1                                     0x200001d4   Data           4  main.o(.data)
    pwm2                                     0x200001d8   Data           4  main.o(.data)
    P_angle                                  0x200001dc   Data           4  main.o(.data)
    I_angle                                  0x200001e0   Data           4  main.o(.data)
    D_angle                                  0x200001e4   Data           4  main.o(.data)
    a_angle                                  0x200001e8   Data           4  main.o(.data)
    angle                                    0x200001ec   Data           4  main.o(.data)
    angle_min_control                        0x200001f0   Data           4  main.o(.data)
    a_vd                                     0x200001f4   Data           4  main.o(.data)
    P_s                                      0x200001f8   Data           4  main.o(.data)
    I_s                                      0x200001fc   Data           4  main.o(.data)
    D_s                                      0x20000200   Data           4  main.o(.data)
    a_s                                      0x20000204   Data           4  main.o(.data)
    s                                        0x20000208   Data           4  main.o(.data)
    s_min_control                            0x2000020c   Data           4  main.o(.data)
    a_vc                                     0x20000210   Data           4  main.o(.data)
    .data                                    0x20000214   Section       20  system_stm32f10x.o(.data)
    .bss                                     0x20000228   Section     1120  uart.o(.bss)
    rx_pre                                   0x20000228   Data        1000  uart.o(.bss)
    bauds                                    0x20000610   Data          20  uart.o(.bss)
    tx_ptrs                                  0x20000624   Data          20  uart.o(.bss)
    tx_lens                                  0x20000638   Data          20  uart.o(.bss)
    rx_ptrs                                  0x2000064c   Data          20  uart.o(.bss)
    rx_lens                                  0x20000660   Data          20  uart.o(.bss)
    rx_flags                                 0x20000674   Data          20  uart.o(.bss)
    .bss                                     0x20000688   Section     1480  trans.o(.bss)
    trans_bt_Tbuff                           0x20000688   Data         512  trans.o(.bss)
    trans_bt_Rbuff                           0x20000888   Data         512  trans.o(.bss)
    trans_bt_Rflag                           0x20000a88   Data          16  trans.o(.bss)
    .bss                                     0x20000c50   Section       96  main.o(.bss)
    STACK                                    0x20000cb0   Section    16384  startup_stm32f10x_hd.o(STACK)

    Global Symbols

    Symbol Name                              Value     Ov Type        Size  Object(Section)

    BuildAttributes$$THM_ISAv4$P$D$K$B$S$PE$A:L22UL41UL21$X:L11$S22US41US21$IEEE1$IW$USESV6$~STKCKD$USESV7$~SHL$OTIME$ROPI$IEEEX$EBA8$MICROLIB$REQ8$PRES8$EABIv2 0x00000000   Number         0  anon$$obj.o ABSOLUTE
    __ARM_use_no_argv                        0x00000000   Number         0  main.o ABSOLUTE
    __arm_fini_                               - Undefined Weak Reference
    __cpp_initialize__aeabi_                  - Undefined Weak Reference
    __cxa_finalize                            - Undefined Weak Reference
    _clock_init                               - Undefined Weak Reference
    _microlib_exit                            - Undefined Weak Reference
    __Vectors_Size                           0x00000130   Number         0  startup_stm32f10x_hd.o ABSOLUTE
    __Vectors                                0x08000000   Data           4  startup_stm32f10x_hd.o(RESET)
    __Vectors_End                            0x08000130   Data           0  startup_stm32f10x_hd.o(RESET)
    __main                                   0x08000131   Thumb Code     0  entry.o(.ARM.Collect$$$$00000000)
    _main_stk                                0x08000131   Thumb Code     0  entry2.o(.ARM.Collect$$$$00000001)
    _main_scatterload                        0x08000135   Thumb Code     0  entry5.o(.ARM.Collect$$$$00000004)
    __main_after_scatterload                 0x08000139   Thumb Code     0  entry5.o(.ARM.Collect$$$$00000004)
    _main_clock                              0x08000139   Thumb Code     0  entry7b.o(.ARM.Collect$$$$00000008)
    _main_cpp_init                           0x08000139   Thumb Code     0  entry8b.o(.ARM.Collect$$$$0000000A)
    _main_init                               0x08000139   Thumb Code     0  entry9a.o(.ARM.Collect$$$$0000000B)
    __rt_lib_shutdown_fini                   0x08000141   Thumb Code     0  entry12b.o(.ARM.Collect$$$$0000000E)
    __rt_final_cpp                           0x08000145   Thumb Code     0  entry10a.o(.ARM.Collect$$$$0000000F)
    __rt_final_exit                          0x08000145   Thumb Code     0  entry11a.o(.ARM.Collect$$$$00000011)
    Reset_Handler                            0x08000149   Thumb Code     8  startup_stm32f10x_hd.o(.text)
    ADC1_2_IRQHandler                        0x08000163   Thumb Code     0  startup_stm32f10x_hd.o(.text)
    ADC3_IRQHandler                          0x08000163   Thumb Code     0  startup_stm32f10x_hd.o(.text)
    CAN1_RX1_IRQHandler                      0x08000163   Thumb Code     0  startup_stm32f10x_hd.o(.text)
    CAN1_SCE_IRQHandler                      0x08000163   Thumb Code     0  startup_stm32f10x_hd.o(.text)
    DMA1_Channel1_IRQHandler                 0x08000163   Thumb Code     0  startup_stm32f10x_hd.o(.text)
    DMA1_Channel2_IRQHandler                 0x08000163   Thumb Code     0  startup_stm32f10x_hd.o(.text)
    DMA1_Channel3_IRQHandler                 0x08000163   Thumb Code     0  startup_stm32f10x_hd.o(.text)
    DMA1_Channel4_IRQHandler                 0x08000163   Thumb Code     0  startup_stm32f10x_hd.o(.text)
    DMA1_Channel5_IRQHandler                 0x08000163   Thumb Code     0  startup_stm32f10x_hd.o(.text)
    DMA1_Channel6_IRQHandler                 0x08000163   Thumb Code     0  startup_stm32f10x_hd.o(.text)
    DMA1_Channel7_IRQHandler                 0x08000163   Thumb Code     0  startup_stm32f10x_hd.o(.text)
    DMA2_Channel1_IRQHandler                 0x08000163   Thumb Code     0  startup_stm32f10x_hd.o(.text)
    DMA2_Channel2_IRQHandler                 0x08000163   Thumb Code     0  startup_stm32f10x_hd.o(.text)
    DMA2_Channel3_IRQHandler                 0x08000163   Thumb Code     0  startup_stm32f10x_hd.o(.text)
    DMA2_Channel4_5_IRQHandler               0x08000163   Thumb Code     0  startup_stm32f10x_hd.o(.text)
    FLASH_IRQHandler                         0x08000163   Thumb Code     0  startup_stm32f10x_hd.o(.text)
    FSMC_IRQHandler                          0x08000163   Thumb Code     0  startup_stm32f10x_hd.o(.text)
    I2C1_ER_IRQHandler                       0x08000163   Thumb Code     0  startup_stm32f10x_hd.o(.text)
    I2C1_EV_IRQHandler                       0x08000163   Thumb Code     0  startup_stm32f10x_hd.o(.text)
    I2C2_ER_IRQHandler                       0x08000163   Thumb Code     0  startup_stm32f10x_hd.o(.text)
    I2C2_EV_IRQHandler                       0x08000163   Thumb Code     0  startup_stm32f10x_hd.o(.text)
    PVD_IRQHandler                           0x08000163   Thumb Code     0  startup_stm32f10x_hd.o(.text)
    RCC_IRQHandler                           0x08000163   Thumb Code     0  startup_stm32f10x_hd.o(.text)
    RTCAlarm_IRQHandler                      0x08000163   Thumb Code     0  startup_stm32f10x_hd.o(.text)
    RTC_IRQHandler                           0x08000163   Thumb Code     0  startup_stm32f10x_hd.o(.text)
    SDIO_IRQHandler                          0x08000163   Thumb Code     0  startup_stm32f10x_hd.o(.text)
    SPI1_IRQHandler                          0x08000163   Thumb Code     0  startup_stm32f10x_hd.o(.text)
    SPI2_IRQHandler                          0x08000163   Thumb Code     0  startup_stm32f10x_hd.o(.text)
    SPI3_IRQHandler                          0x08000163   Thumb Code     0  startup_stm32f10x_hd.o(.text)
    TAMPER_IRQHandler                        0x08000163   Thumb Code     0  startup_stm32f10x_hd.o(.text)
    TIM1_BRK_IRQHandler                      0x08000163   Thumb Code     0  startup_stm32f10x_hd.o(.text)
    TIM1_CC_IRQHandler                       0x08000163   Thumb Code     0  startup_stm32f10x_hd.o(.text)
    TIM1_TRG_COM_IRQHandler                  0x08000163   Thumb Code     0  startup_stm32f10x_hd.o(.text)
    TIM1_UP_IRQHandler                       0x08000163   Thumb Code     0  startup_stm32f10x_hd.o(.text)
    TIM2_IRQHandler                          0x08000163   Thumb Code     0  startup_stm32f10x_hd.o(.text)
    TIM3_IRQHandler                          0x08000163   Thumb Code     0  startup_stm32f10x_hd.o(.text)
    TIM4_IRQHandler                          0x08000163   Thumb Code     0  startup_stm32f10x_hd.o(.text)
    TIM5_IRQHandler                          0x08000163   Thumb Code     0  startup_stm32f10x_hd.o(.text)
    TIM7_IRQHandler                          0x08000163   Thumb Code     0  startup_stm32f10x_hd.o(.text)
    TIM8_BRK_IRQHandler                      0x08000163   Thumb Code     0  startup_stm32f10x_hd.o(.text)
    TIM8_CC_IRQHandler                       0x08000163   Thumb Code     0  startup_stm32f10x_hd.o(.text)
    TIM8_TRG_COM_IRQHandler                  0x08000163   Thumb Code     0  startup_stm32f10x_hd.o(.text)
    TIM8_UP_IRQHandler                       0x08000163   Thumb Code     0  startup_stm32f10x_hd.o(.text)
    UART5_IRQHandler                         0x08000163   Thumb Code     0  startup_stm32f10x_hd.o(.text)
    USBWakeUp_IRQHandler                     0x08000163   Thumb Code     0  startup_stm32f10x_hd.o(.text)
    USB_HP_CAN1_TX_IRQHandler                0x08000163   Thumb Code     0  startup_stm32f10x_hd.o(.text)
    USB_LP_CAN1_RX0_IRQHandler               0x08000163   Thumb Code     0  startup_stm32f10x_hd.o(.text)
    WWDG_IRQHandler                          0x08000163   Thumb Code     0  startup_stm32f10x_hd.o(.text)
    __aeabi_fadd                             0x0800016d   Thumb Code   164  fadd.o(.text)
    __aeabi_fsub                             0x08000211   Thumb Code     6  fadd.o(.text)
    __aeabi_frsub                            0x08000217   Thumb Code     6  fadd.o(.text)
    __aeabi_fmul                             0x0800021d   Thumb Code   100  fmul.o(.text)
    __aeabi_dmul                             0x08000281   Thumb Code   228  dmul.o(.text)
    __aeabi_ddiv                             0x08000365   Thumb Code   222  ddiv.o(.text)
    __aeabi_i2f                              0x08000443   Thumb Code    18  fflti.o(.text)
    __aeabi_i2d                              0x08000455   Thumb Code    34  dflti.o(.text)
    __aeabi_ui2d                             0x08000477   Thumb Code    26  dfltui.o(.text)
    __aeabi_f2uiz                            0x08000491   Thumb Code    40  ffixui.o(.text)
    __aeabi_d2f                              0x080004b9   Thumb Code    56  d2f.o(.text)
    __aeabi_cfcmpeq                          0x080004f1   Thumb Code     0  cfcmple.o(.text)
    __aeabi_cfcmple                          0x080004f1   Thumb Code    20  cfcmple.o(.text)
    __aeabi_cfrcmple                         0x08000505   Thumb Code    20  cfrcmple.o(.text)
    __aeabi_llsl                             0x08000519   Thumb Code    30  llshl.o(.text)
    _ll_shift_l                              0x08000519   Thumb Code     0  llshl.o(.text)
    __aeabi_llsr                             0x08000537   Thumb Code    32  llushr.o(.text)
    _ll_ushift_r                             0x08000537   Thumb Code     0  llushr.o(.text)
    __I$use$fp                               0x08000557   Thumb Code     0  iusefp.o(.text)
    _float_round                             0x08000557   Thumb Code    18  fepilogue.o(.text)
    _float_epilogue                          0x08000569   Thumb Code    92  fepilogue.o(.text)
    _double_round                            0x080005c5   Thumb Code    30  depilogue.o(.text)
    _double_epilogue                         0x080005e3   Thumb Code   156  depilogue.o(.text)
    __scatterload                            0x08000681   Thumb Code    28  init.o(.text)
    __scatterload_rt2                        0x08000681   Thumb Code     0  init.o(.text)
    __decompress                             0x080006a5   Thumb Code     0  __dczerorl2.o(.text)
    __decompress1                            0x080006a5   Thumb Code    86  __dczerorl2.o(.text)
    BusFault_Handler                         0x080006fb   Thumb Code     4  stm32f10x_it.o(i.BusFault_Handler)
    CPUoccupationRate_Calculatefinish        0x08000701   Thumb Code    68  maincycle.o(i.CPUoccupationRate_Calculatefinish)
    CPUoccupationRate_Calculatestart         0x08000755   Thumb Code    14  maincycle.o(i.CPUoccupationRate_Calculatestart)
    DMA_Cmd                                  0x0800076d   Thumb Code    24  stm32f10x_dma.o(i.DMA_Cmd)
    DMA_GetCurrDataCounter                   0x08000785   Thumb Code     8  stm32f10x_dma.o(i.DMA_GetCurrDataCounter)
    DMA_Init                                 0x0800078d   Thumb Code    60  stm32f10x_dma.o(i.DMA_Init)
    DMA_SetCurrDataCounter                   0x080007c9   Thumb Code     4  stm32f10x_dma.o(i.DMA_SetCurrDataCounter)
    DebugMon_Handler                         0x080007cd   Thumb Code     2  stm32f10x_it.o(i.DebugMon_Handler)
    EXTI0_IRQHandler                         0x080007d1   Thumb Code    16  gpio.o(i.EXTI0_IRQHandler)
    EXTI15_10_IRQHandler                     0x080007e9   Thumb Code    16  gpio.o(i.EXTI15_10_IRQHandler)
    EXTI1_IRQHandler                         0x08000801   Thumb Code    16  gpio.o(i.EXTI1_IRQHandler)
    EXTI2_IRQHandler                         0x08000819   Thumb Code    16  gpio.o(i.EXTI2_IRQHandler)
    EXTI3_IRQHandler                         0x08000831   Thumb Code    16  gpio.o(i.EXTI3_IRQHandler)
    EXTI4_IRQHandler                         0x08000849   Thumb Code    16  gpio.o(i.EXTI4_IRQHandler)
    EXTI9_5_IRQHandler                       0x08000861   Thumb Code    16  gpio.o(i.EXTI9_5_IRQHandler)
    EXTI_ClearITPendingBit                   0x08000879   Thumb Code     6  stm32f10x_exti.o(i.EXTI_ClearITPendingBit)
    GPIO_Init                                0x08000885   Thumb Code   278  stm32f10x_gpio.o(i.GPIO_Init)
    GPIO_PinRemapConfig                      0x0800099d   Thumb Code   138  stm32f10x_gpio.o(i.GPIO_PinRemapConfig)
    GPIO_StructInit                          0x08000a2d   Thumb Code    16  stm32f10x_gpio.o(i.GPIO_StructInit)
    HardFault_Handler                        0x08000a3d   Thumb Code     4  stm32f10x_it.o(i.HardFault_Handler)
    MemManage_Handler                        0x08000a41   Thumb Code     4  stm32f10x_it.o(i.MemManage_Handler)
    NMI_Handler                              0x08000a45   Thumb Code     2  stm32f10x_it.o(i.NMI_Handler)
    NVIC_Init                                0x08000a49   Thumb Code   100  misc.o(i.NVIC_Init)
    NVIC_PriorityGroupConfig                 0x08000ab9   Thumb Code    10  misc.o(i.NVIC_PriorityGroupConfig)
    PID_calc1                                0x08000acd   Thumb Code    92  pid.o(i.PID_calc1)
    PID_calc2                                0x08000b29   Thumb Code   112  pid.o(i.PID_calc2)
    PID_init                                 0x08000b99   Thumb Code    24  pid.o(i.PID_init)
    PendSV_Handler                           0x08000bb1   Thumb Code     2  stm32f10x_it.o(i.PendSV_Handler)
    RCC_AHBPeriphClockCmd                    0x08000bb5   Thumb Code    26  stm32f10x_rcc.o(i.RCC_AHBPeriphClockCmd)
    RCC_APB1PeriphClockCmd                   0x08000bd5   Thumb Code    26  stm32f10x_rcc.o(i.RCC_APB1PeriphClockCmd)
    RCC_APB2PeriphClockCmd                   0x08000bf5   Thumb Code    26  stm32f10x_rcc.o(i.RCC_APB2PeriphClockCmd)
    RCC_GetClocksFreq                        0x08000c15   Thumb Code   192  stm32f10x_rcc.o(i.RCC_GetClocksFreq)
    SVC_Handler                              0x08000ce9   Thumb Code     2  stm32f10x_it.o(i.SVC_Handler)
    SysTick_CLKSourceConfig                  0x08000dd5   Thumb Code    40  misc.o(i.SysTick_CLKSourceConfig)
    SysTick_Handler                          0x08000dfd   Thumb Code     2  stm32f10x_it.o(i.SysTick_Handler)
    SystemInit                               0x08000e01   Thumb Code    78  system_stm32f10x.o(i.SystemInit)
    TIM6_IRQHandler                          0x080010a1   Thumb Code   482  main.o(i.TIM6_IRQHandler)
    TIM_ARRPreloadConfig                     0x08001301   Thumb Code    24  stm32f10x_tim.o(i.TIM_ARRPreloadConfig)
    TIM_ClearITPendingBit                    0x08001319   Thumb Code     6  stm32f10x_tim.o(i.TIM_ClearITPendingBit)
    TIM_Cmd                                  0x0800131f   Thumb Code    24  stm32f10x_tim.o(i.TIM_Cmd)
    TIM_CtrlPWMOutputs                       0x08001337   Thumb Code    30  stm32f10x_tim.o(i.TIM_CtrlPWMOutputs)
    TIM_EncoderInterfaceConfig               0x08001355   Thumb Code    66  stm32f10x_tim.o(i.TIM_EncoderInterfaceConfig)
    TIM_GetCounter                           0x08001397   Thumb Code     6  stm32f10x_tim.o(i.TIM_GetCounter)
    TIM_ICInit                               0x0800139d   Thumb Code   150  stm32f10x_tim.o(i.TIM_ICInit)
    TIM_ICStructInit                         0x08001449   Thumb Code    18  stm32f10x_tim.o(i.TIM_ICStructInit)
    TIM_ITConfig                             0x0800145b   Thumb Code    18  stm32f10x_tim.o(i.TIM_ITConfig)
    TIM_OC1Init                              0x0800146d   Thumb Code   132  stm32f10x_tim.o(i.TIM_OC1Init)
    TIM_OC1PreloadConfig                     0x08001505   Thumb Code    18  stm32f10x_tim.o(i.TIM_OC1PreloadConfig)
    TIM_OC2Init                              0x08001519   Thumb Code   154  stm32f10x_tim.o(i.TIM_OC2Init)
    TIM_OC2PreloadConfig                     0x080015bd   Thumb Code    26  stm32f10x_tim.o(i.TIM_OC2PreloadConfig)
    TIM_OC3Init                              0x080015d9   Thumb Code   150  stm32f10x_tim.o(i.TIM_OC3Init)
    TIM_OC3PreloadConfig                     0x08001679   Thumb Code    18  stm32f10x_tim.o(i.TIM_OC3PreloadConfig)
    TIM_OC4Init                              0x0800168d   Thumb Code   114  stm32f10x_tim.o(i.TIM_OC4Init)
    TIM_OC4PreloadConfig                     0x08001709   Thumb Code    26  stm32f10x_tim.o(i.TIM_OC4PreloadConfig)
    TIM_SetCompare1                          0x08001723   Thumb Code     4  stm32f10x_tim.o(i.TIM_SetCompare1)
    TIM_SetCompare2                          0x08001727   Thumb Code     4  stm32f10x_tim.o(i.TIM_SetCompare2)
    TIM_SetCompare3                          0x0800172b   Thumb Code     4  stm32f10x_tim.o(i.TIM_SetCompare3)
    TIM_SetCompare4                          0x0800172f   Thumb Code     6  stm32f10x_tim.o(i.TIM_SetCompare4)
    TIM_SetCounter                           0x08001735   Thumb Code     4  stm32f10x_tim.o(i.TIM_SetCounter)
    TIM_SetIC1Prescaler                      0x08001739   Thumb Code    18  stm32f10x_tim.o(i.TIM_SetIC1Prescaler)
    TIM_SetIC2Prescaler                      0x0800174b   Thumb Code    26  stm32f10x_tim.o(i.TIM_SetIC2Prescaler)
    TIM_SetIC3Prescaler                      0x08001765   Thumb Code    18  stm32f10x_tim.o(i.TIM_SetIC3Prescaler)
    TIM_SetIC4Prescaler                      0x08001777   Thumb Code    26  stm32f10x_tim.o(i.TIM_SetIC4Prescaler)
    TIM_TimeBaseInit                         0x08001791   Thumb Code   122  stm32f10x_tim.o(i.TIM_TimeBaseInit)
    TIM_TimeBaseStructInit                   0x08001835   Thumb Code    18  stm32f10x_tim.o(i.TIM_TimeBaseStructInit)
    UART4_IRQHandler                         0x08001847   Thumb Code    10  uart.o(i.UART4_IRQHandler)
    USART1_IRQHandler                        0x08001851   Thumb Code    10  uart.o(i.USART1_IRQHandler)
    USART2_IRQHandler                        0x0800185b   Thumb Code    10  uart.o(i.USART2_IRQHandler)
    USART3_IRQHandler                        0x08001865   Thumb Code    10  uart.o(i.USART3_IRQHandler)
    USART_ClearITPendingBit                  0x0800186f   Thumb Code    30  stm32f10x_usart.o(i.USART_ClearITPendingBit)
    USART_Cmd                                0x0800188d   Thumb Code    24  stm32f10x_usart.o(i.USART_Cmd)
    USART_DMACmd                             0x080018a5   Thumb Code    18  stm32f10x_usart.o(i.USART_DMACmd)
    USART_GetITStatus                        0x080018b7   Thumb Code    84  stm32f10x_usart.o(i.USART_GetITStatus)
    USART_ITConfig                           0x0800190b   Thumb Code    74  stm32f10x_usart.o(i.USART_ITConfig)
    USART_Init                               0x08001955   Thumb Code   210  stm32f10x_usart.o(i.USART_Init)
    USART_ReceiveData                        0x08001a2d   Thumb Code    10  stm32f10x_usart.o(i.USART_ReceiveData)
    UsageFault_Handler                       0x08001af1   Thumb Code     4  stm32f10x_it.o(i.UsageFault_Handler)
    __scatterload_copy                       0x08001af5   Thumb Code    14  handlers.o(i.__scatterload_copy)
    __scatterload_null                       0x08001b03   Thumb Code     2  handlers.o(i.__scatterload_null)
    __scatterload_zeroinit                   0x08001b05   Thumb Code    14  handlers.o(i.__scatterload_zeroinit)
    delay_init                               0x08001b15   Thumb Code    50  delay.o(i.delay_init)
    ic_getdata                               0x08001d35   Thumb Code    36  ic.o(i.ic_getdata)
    ic_init                                  0x08001d5d   Thumb Code    32  ic.o(i.ic_init)
    main                                     0x08001d81   Thumb Code   130  main.o(i.main)
    maincycle_ms_init                        0x08001e19   Thumb Code    34  maincycle.o(i.maincycle_ms_init)
    move_init                                0x08001e41   Thumb Code    16  pwm.o(i.move_init)
    spin_add                                 0x08001fc9   Thumb Code   290  pwm.o(i.spin_add)
    straight_add                             0x08002125   Thumb Code    72  pwm.o(i.straight_add)
    tim1_init                                0x0800217d   Thumb Code   232  oc.o(i.tim1_init)
    tim2_init                                0x08002271   Thumb Code   242  oc.o(i.tim2_init)
    trans_bt_R                               0x0800243d   Thumb Code   798  trans.o(i.trans_bt_R)
    trans_bt_T                               0x08002765   Thumb Code   402  trans.o(i.trans_bt_T)
    trans_bt_init                            0x080028fd   Thumb Code    74  trans.o(i.trans_bt_init)
    uart_init                                0x08002955   Thumb Code   150  uart.o(i.uart_init)
    uart_singletrans                         0x08002a11   Thumb Code    66  uart.o(i.uart_singletrans)
    Region$$Table$$Base                      0x08002ab8   Number         0  anon$$obj.o(Region$$Table)
    Region$$Table$$Limit                     0x08002ad8   Number         0  anon$$obj.o(Region$$Table)
    SystemCoreClock                          0x20000214   Data           4  system_stm32f10x.o(.data)
    AHBPrescTable                            0x20000218   Data          16  system_stm32f10x.o(.data)
    trans_others_Tbuff                       0x20000a98   Data         208  trans.o(.bss)
    trans_others_TFlag                       0x20000b68   Data          16  trans.o(.bss)
    trans_others_Rbuff                       0x20000b78   Data         200  trans.o(.bss)
    trans_others_RFlag                       0x20000c40   Data          16  trans.o(.bss)
    v1_pid                                   0x20000c50   Data          24  main.o(.bss)
    v2_pid                                   0x20000c68   Data          24  main.o(.bss)
    angle_pid                                0x20000c80   Data          24  main.o(.bss)
    s_pid                                    0x20000c98   Data          24  main.o(.bss)
    __initial_sp                             0x20004cb0   Data           0  startup_stm32f10x_hd.o(STACK)



==============================================================================

Memory Map of the image

  Image Entry point : 0x08000131

  Load Region LR_IROM1 (Base: 0x08000000, Size: 0x00002d00, Max: 0x00080000, ABSOLUTE, COMPRESSED[0x00002b98])

    Execution Region ER_IROM1 (Exec base: 0x08000000, Load base: 0x08000000, Size: 0x00002ad8, Max: 0x00080000, ABSOLUTE)

    Exec Addr    Load Addr    Size         Type   Attr      Idx    E Section Name        Object

    0x08000000   0x08000000   0x00000130   Data   RO           19    RESET               startup_stm32f10x_hd.o
    0x08000130   0x08000130   0x00000000   Code   RO         4735  * .ARM.Collect$$$$00000000  mc_w.l(entry.o)
    0x08000130   0x08000130   0x00000004   Code   RO         4815    .ARM.Collect$$$$00000001  mc_w.l(entry2.o)
    0x08000134   0x08000134   0x00000004   Code   RO         4818    .ARM.Collect$$$$00000004  mc_w.l(entry5.o)
    0x08000138   0x08000138   0x00000000   Code   RO         4820    .ARM.Collect$$$$00000008  mc_w.l(entry7b.o)
    0x08000138   0x08000138   0x00000000   Code   RO         4822    .ARM.Collect$$$$0000000A  mc_w.l(entry8b.o)
    0x08000138   0x08000138   0x00000008   Code   RO         4823    .ARM.Collect$$$$0000000B  mc_w.l(entry9a.o)
    0x08000140   0x08000140   0x00000004   Code   RO         4830    .ARM.Collect$$$$0000000E  mc_w.l(entry12b.o)
    0x08000144   0x08000144   0x00000000   Code   RO         4825    .ARM.Collect$$$$0000000F  mc_w.l(entry10a.o)
    0x08000144   0x08000144   0x00000000   Code   RO         4827    .ARM.Collect$$$$00000011  mc_w.l(entry11a.o)
    0x08000144   0x08000144   0x00000004   Code   RO         4816    .ARM.Collect$$$$00002712  mc_w.l(entry2.o)
    0x08000148   0x08000148   0x00000024   Code   RO           20    .text               startup_stm32f10x_hd.o
    0x0800016c   0x0800016c   0x000000b0   Code   RO         4744    .text               mf_w.l(fadd.o)
    0x0800021c   0x0800021c   0x00000064   Code   RO         4746    .text               mf_w.l(fmul.o)
    0x08000280   0x08000280   0x000000e4   Code   RO         4752    .text               mf_w.l(dmul.o)
    0x08000364   0x08000364   0x000000de   Code   RO         4754    .text               mf_w.l(ddiv.o)
    0x08000442   0x08000442   0x00000012   Code   RO         4756    .text               mf_w.l(fflti.o)
    0x08000454   0x08000454   0x00000022   Code   RO         4760    .text               mf_w.l(dflti.o)
    0x08000476   0x08000476   0x0000001a   Code   RO         4762    .text               mf_w.l(dfltui.o)
    0x08000490   0x08000490   0x00000028   Code   RO         4766    .text               mf_w.l(ffixui.o)
    0x080004b8   0x080004b8   0x00000038   Code   RO         4772    .text               mf_w.l(d2f.o)
    0x080004f0   0x080004f0   0x00000014   Code   RO         4774    .text               mf_w.l(cfcmple.o)
    0x08000504   0x08000504   0x00000014   Code   RO         4776    .text               mf_w.l(cfrcmple.o)
    0x08000518   0x08000518   0x0000001e   Code   RO         4833    .text               mc_w.l(llshl.o)
    0x08000536   0x08000536   0x00000020   Code   RO         4835    .text               mc_w.l(llushr.o)
    0x08000556   0x08000556   0x00000000   Code   RO         4846    .text               mc_w.l(iusefp.o)
    0x08000556   0x08000556   0x0000006e   Code   RO         4847    .text               mf_w.l(fepilogue.o)
    0x080005c4   0x080005c4   0x000000ba   Code   RO         4849    .text               mf_w.l(depilogue.o)
    0x0800067e   0x0800067e   0x00000002   PAD
    0x08000680   0x08000680   0x00000024   Code   RO         4855    .text               mc_w.l(init.o)
    0x080006a4   0x080006a4   0x00000056   Code   RO         4867    .text               mc_w.l(__dczerorl2.o)
    0x080006fa   0x080006fa   0x00000004   Code   RO         4594    i.BusFault_Handler  stm32f10x_it.o
    0x080006fe   0x080006fe   0x00000002   PAD
    0x08000700   0x08000700   0x00000054   Code   RO         3134    i.CPUoccupationRate_Calculatefinish  maincycle.o
    0x08000754   0x08000754   0x00000018   Code   RO         3135    i.CPUoccupationRate_Calculatestart  maincycle.o
    0x0800076c   0x0800076c   0x00000018   Code   RO          834    i.DMA_Cmd           stm32f10x_dma.o
    0x08000784   0x08000784   0x00000008   Code   RO          836    i.DMA_GetCurrDataCounter  stm32f10x_dma.o
    0x0800078c   0x0800078c   0x0000003c   Code   RO          840    i.DMA_Init          stm32f10x_dma.o
    0x080007c8   0x080007c8   0x00000004   Code   RO          841    i.DMA_SetCurrDataCounter  stm32f10x_dma.o
    0x080007cc   0x080007cc   0x00000002   Code   RO         4595    i.DebugMon_Handler  stm32f10x_it.o
    0x080007ce   0x080007ce   0x00000002   PAD
    0x080007d0   0x080007d0   0x00000018   Code   RO         4007    i.EXTI0_IRQHandler  gpio.o
    0x080007e8   0x080007e8   0x00000018   Code   RO         4008    i.EXTI15_10_IRQHandler  gpio.o
    0x08000800   0x08000800   0x00000018   Code   RO         4009    i.EXTI1_IRQHandler  gpio.o
    0x08000818   0x08000818   0x00000018   Code   RO         4010    i.EXTI2_IRQHandler  gpio.o
    0x08000830   0x08000830   0x00000018   Code   RO         4011    i.EXTI3_IRQHandler  gpio.o
    0x08000848   0x08000848   0x00000018   Code   RO         4012    i.EXTI4_IRQHandler  gpio.o
    0x08000860   0x08000860   0x00000018   Code   RO         4013    i.EXTI9_5_IRQHandler  gpio.o
    0x08000878   0x08000878   0x0000000c   Code   RO          905    i.EXTI_ClearITPendingBit  stm32f10x_exti.o
    0x08000884   0x08000884   0x00000116   Code   RO         1258    i.GPIO_Init         stm32f10x_gpio.o
    0x0800099a   0x0800099a   0x00000002   PAD
    0x0800099c   0x0800099c   0x00000090   Code   RO         1260    i.GPIO_PinRemapConfig  stm32f10x_gpio.o
    0x08000a2c   0x08000a2c   0x00000010   Code   RO         1267    i.GPIO_StructInit   stm32f10x_gpio.o
    0x08000a3c   0x08000a3c   0x00000004   Code   RO         4596    i.HardFault_Handler  stm32f10x_it.o
    0x08000a40   0x08000a40   0x00000004   Code   RO         4597    i.MemManage_Handler  stm32f10x_it.o
    0x08000a44   0x08000a44   0x00000002   Code   RO         4598    i.NMI_Handler       stm32f10x_it.o
    0x08000a46   0x08000a46   0x00000002   PAD
    0x08000a48   0x08000a48   0x00000070   Code   RO           24    i.NVIC_Init         misc.o
    0x08000ab8   0x08000ab8   0x00000014   Code   RO           25    i.NVIC_PriorityGroupConfig  misc.o
    0x08000acc   0x08000acc   0x0000005c   Code   RO         3173    i.PID_calc1         pid.o
    0x08000b28   0x08000b28   0x00000070   Code   RO         3174    i.PID_calc2         pid.o
    0x08000b98   0x08000b98   0x00000018   Code   RO         3175    i.PID_init          pid.o
    0x08000bb0   0x08000bb0   0x00000002   Code   RO         4599    i.PendSV_Handler    stm32f10x_it.o
    0x08000bb2   0x08000bb2   0x00000002   PAD
    0x08000bb4   0x08000bb4   0x00000020   Code   RO         1673    i.RCC_AHBPeriphClockCmd  stm32f10x_rcc.o
    0x08000bd4   0x08000bd4   0x00000020   Code   RO         1674    i.RCC_APB1PeriphClockCmd  stm32f10x_rcc.o
    0x08000bf4   0x08000bf4   0x00000020   Code   RO         1676    i.RCC_APB2PeriphClockCmd  stm32f10x_rcc.o
    0x08000c14   0x08000c14   0x000000d4   Code   RO         1684    i.RCC_GetClocksFreq  stm32f10x_rcc.o
    0x08000ce8   0x08000ce8   0x00000002   Code   RO         4600    i.SVC_Handler       stm32f10x_it.o
    0x08000cea   0x08000cea   0x00000008   Code   RO         4683    i.SetSysClock       system_stm32f10x.o
    0x08000cf2   0x08000cf2   0x00000002   PAD
    0x08000cf4   0x08000cf4   0x000000e0   Code   RO         4684    i.SetSysClockTo72   system_stm32f10x.o
    0x08000dd4   0x08000dd4   0x00000028   Code   RO           28    i.SysTick_CLKSourceConfig  misc.o
    0x08000dfc   0x08000dfc   0x00000002   Code   RO         4601    i.SysTick_Handler   stm32f10x_it.o
    0x08000dfe   0x08000dfe   0x00000002   PAD
    0x08000e00   0x08000e00   0x00000060   Code   RO         4686    i.SystemInit        system_stm32f10x.o
    0x08000e60   0x08000e60   0x00000080   Code   RO         2292    i.TI1_Config        stm32f10x_tim.o
    0x08000ee0   0x08000ee0   0x00000098   Code   RO         2293    i.TI2_Config        stm32f10x_tim.o
    0x08000f78   0x08000f78   0x00000090   Code   RO         2294    i.TI3_Config        stm32f10x_tim.o
    0x08001008   0x08001008   0x00000098   Code   RO         2295    i.TI4_Config        stm32f10x_tim.o
    0x080010a0   0x080010a0   0x00000260   Code   RO         4442    i.TIM6_IRQHandler   main.o
    0x08001300   0x08001300   0x00000018   Code   RO         2296    i.TIM_ARRPreloadConfig  stm32f10x_tim.o
    0x08001318   0x08001318   0x00000006   Code   RO         2303    i.TIM_ClearITPendingBit  stm32f10x_tim.o
    0x0800131e   0x0800131e   0x00000018   Code   RO         2308    i.TIM_Cmd           stm32f10x_tim.o
    0x08001336   0x08001336   0x0000001e   Code   RO         2310    i.TIM_CtrlPWMOutputs  stm32f10x_tim.o
    0x08001354   0x08001354   0x00000042   Code   RO         2317    i.TIM_EncoderInterfaceConfig  stm32f10x_tim.o
    0x08001396   0x08001396   0x00000006   Code   RO         2327    i.TIM_GetCounter    stm32f10x_tim.o
    0x0800139c   0x0800139c   0x000000ac   Code   RO         2331    i.TIM_ICInit        stm32f10x_tim.o
    0x08001448   0x08001448   0x00000012   Code   RO         2332    i.TIM_ICStructInit  stm32f10x_tim.o
    0x0800145a   0x0800145a   0x00000012   Code   RO         2333    i.TIM_ITConfig      stm32f10x_tim.o
    0x0800146c   0x0800146c   0x00000098   Code   RO         2337    i.TIM_OC1Init       stm32f10x_tim.o
    0x08001504   0x08001504   0x00000012   Code   RO         2340    i.TIM_OC1PreloadConfig  stm32f10x_tim.o
    0x08001516   0x08001516   0x00000002   PAD
    0x08001518   0x08001518   0x000000a4   Code   RO         2342    i.TIM_OC2Init       stm32f10x_tim.o
    0x080015bc   0x080015bc   0x0000001a   Code   RO         2345    i.TIM_OC2PreloadConfig  stm32f10x_tim.o
    0x080015d6   0x080015d6   0x00000002   PAD
    0x080015d8   0x080015d8   0x000000a0   Code   RO         2347    i.TIM_OC3Init       stm32f10x_tim.o
    0x08001678   0x08001678   0x00000012   Code   RO         2350    i.TIM_OC3PreloadConfig  stm32f10x_tim.o
    0x0800168a   0x0800168a   0x00000002   PAD
    0x0800168c   0x0800168c   0x0000007c   Code   RO         2352    i.TIM_OC4Init       stm32f10x_tim.o
    0x08001708   0x08001708   0x0000001a   Code   RO         2354    i.TIM_OC4PreloadConfig  stm32f10x_tim.o
    0x08001722   0x08001722   0x00000004   Code   RO         2369    i.TIM_SetCompare1   stm32f10x_tim.o
    0x08001726   0x08001726   0x00000004   Code   RO         2370    i.TIM_SetCompare2   stm32f10x_tim.o
    0x0800172a   0x0800172a   0x00000004   Code   RO         2371    i.TIM_SetCompare3   stm32f10x_tim.o
    0x0800172e   0x0800172e   0x00000006   Code   RO         2372    i.TIM_SetCompare4   stm32f10x_tim.o
    0x08001734   0x08001734   0x00000004   Code   RO         2373    i.TIM_SetCounter    stm32f10x_tim.o
    0x08001738   0x08001738   0x00000012   Code   RO         2374    i.TIM_SetIC1Prescaler  stm32f10x_tim.o
    0x0800174a   0x0800174a   0x0000001a   Code   RO         2375    i.TIM_SetIC2Prescaler  stm32f10x_tim.o
    0x08001764   0x08001764   0x00000012   Code   RO         2376    i.TIM_SetIC3Prescaler  stm32f10x_tim.o
    0x08001776   0x08001776   0x0000001a   Code   RO         2377    i.TIM_SetIC4Prescaler  stm32f10x_tim.o
    0x08001790   0x08001790   0x000000a4   Code   RO         2379    i.TIM_TimeBaseInit  stm32f10x_tim.o
    0x08001834   0x08001834   0x00000012   Code   RO         2380    i.TIM_TimeBaseStructInit  stm32f10x_tim.o
    0x08001846   0x08001846   0x0000000a   Code   RO         4132    i.UART4_IRQHandler  uart.o
    0x08001850   0x08001850   0x0000000a   Code   RO         4133    i.USART1_IRQHandler  uart.o
    0x0800185a   0x0800185a   0x0000000a   Code   RO         4134    i.USART2_IRQHandler  uart.o
    0x08001864   0x08001864   0x0000000a   Code   RO         4135    i.USART3_IRQHandler  uart.o
    0x0800186e   0x0800186e   0x0000001e   Code   RO         2841    i.USART_ClearITPendingBit  stm32f10x_usart.o
    0x0800188c   0x0800188c   0x00000018   Code   RO         2844    i.USART_Cmd         stm32f10x_usart.o
    0x080018a4   0x080018a4   0x00000012   Code   RO         2845    i.USART_DMACmd      stm32f10x_usart.o
    0x080018b6   0x080018b6   0x00000054   Code   RO         2848    i.USART_GetITStatus  stm32f10x_usart.o
    0x0800190a   0x0800190a   0x0000004a   Code   RO         2850    i.USART_ITConfig    stm32f10x_usart.o
    0x08001954   0x08001954   0x000000d8   Code   RO         2851    i.USART_Init        stm32f10x_usart.o
    0x08001a2c   0x08001a2c   0x0000000a   Code   RO         2858    i.USART_ReceiveData  stm32f10x_usart.o
    0x08001a36   0x08001a36   0x00000002   PAD
    0x08001a38   0x08001a38   0x000000b8   Code   RO         4136    i.USARTx_IRQHandler  uart.o
    0x08001af0   0x08001af0   0x00000004   Code   RO         4602    i.UsageFault_Handler  stm32f10x_it.o
    0x08001af4   0x08001af4   0x0000000e   Code   RO         4861    i.__scatterload_copy  mc_w.l(handlers.o)
    0x08001b02   0x08001b02   0x00000002   Code   RO         4862    i.__scatterload_null  mc_w.l(handlers.o)
    0x08001b04   0x08001b04   0x0000000e   Code   RO         4863    i.__scatterload_zeroinit  mc_w.l(handlers.o)
    0x08001b12   0x08001b12   0x00000002   PAD
    0x08001b14   0x08001b14   0x00000044   Code   RO         3074    i.delay_init        delay.o
    0x08001b58   0x08001b58   0x0000007c   Code   RO         4137    i.dma_Rinit         uart.o
    0x08001bd4   0x08001bd4   0x0000006c   Code   RO         4138    i.dma_Tinit         uart.o
    0x08001c40   0x08001c40   0x00000080   Code   RO         4072    i.gpio_init         ic.o
    0x08001cc0   0x08001cc0   0x00000074   Code   RO         4140    i.gpio_init         uart.o
    0x08001d34   0x08001d34   0x00000028   Code   RO         4073    i.ic_getdata        ic.o
    0x08001d5c   0x08001d5c   0x00000024   Code   RO         4074    i.ic_init           ic.o
    0x08001d80   0x08001d80   0x00000098   Code   RO         4443    i.main              main.o
    0x08001e18   0x08001e18   0x00000028   Code   RO         3136    i.maincycle_ms_init  maincycle.o
    0x08001e40   0x08001e40   0x00000010   Code   RO         4288    i.move_init         pwm.o
    0x08001e50   0x08001e50   0x00000130   Code   RO         4289    i.move_set          pwm.o
    0x08001f80   0x08001f80   0x00000020   Code   RO         3137    i.nvic_init         maincycle.o
    0x08001fa0   0x08001fa0   0x00000028   Code   RO         4141    i.nvic_init         uart.o
    0x08001fc8   0x08001fc8   0x0000015c   Code   RO         4298    i.spin_add          pwm.o
    0x08002124   0x08002124   0x00000058   Code   RO         4301    i.straight_add      pwm.o
    0x0800217c   0x0800217c   0x000000f4   Code   RO         4105    i.tim1_init         oc.o
    0x08002270   0x08002270   0x00000100   Code   RO         4106    i.tim2_init         oc.o
    0x08002370   0x08002370   0x0000004c   Code   RO         3138    i.tim_init          maincycle.o
    0x080023bc   0x080023bc   0x00000080   Code   RO         4075    i.tim_init          ic.o
    0x0800243c   0x0800243c   0x00000328   Code   RO         4388    i.trans_bt_R        trans.o
    0x08002764   0x08002764   0x00000198   Code   RO         4389    i.trans_bt_T        trans.o
    0x080028fc   0x080028fc   0x00000058   Code   RO         4390    i.trans_bt_init     trans.o
    0x08002954   0x08002954   0x000000bc   Code   RO         4142    i.uart_init         uart.o
    0x08002a10   0x08002a10   0x0000004c   Code   RO         4143    i.uart_singletrans  uart.o
    0x08002a5c   0x08002a5c   0x0000005c   Code   RO         4144    i.usart_init        uart.o
    0x08002ab8   0x08002ab8   0x00000020   Data   RO         4859    Region$$Table       anon$$obj.o


    Execution Region RW_IRAM1 (Exec base: 0x20000000, Load base: 0x08002ad8, Size: 0x00004cb0, Max: 0x00010000, ABSOLUTE, COMPRESSED[0x000000c0])

    Exec Addr    Load Addr    Size         Type   Attr      Idx    E Section Name        Object

    0x20000000   COMPRESSED   0x00000014   Data   RW         1704    .data               stm32f10x_rcc.o
    0x20000014   COMPRESSED   0x00000004   Data   RW         3077    .data               delay.o
    0x20000018   COMPRESSED   0x00000004   Data   RW         3139    .data               maincycle.o
    0x2000001c   COMPRESSED   0x00000004   Data   RW         4016    .data               gpio.o
    0x20000020   COMPRESSED   0x00000060   Data   RW         4076    .data               ic.o
    0x20000080   COMPRESSED   0x000000e4   Data   RW         4146    .data               uart.o
    0x20000164   COMPRESSED   0x0000004c   Data   RW         4303    .data               pwm.o
    0x200001b0   COMPRESSED   0x00000064   Data   RW         4445    .data               main.o
    0x20000214   COMPRESSED   0x00000014   Data   RW         4687    .data               system_stm32f10x.o
    0x20000228        -       0x00000460   Zero   RW         4145    .bss                uart.o
    0x20000688        -       0x000005c8   Zero   RW         4394    .bss                trans.o
    0x20000c50        -       0x00000060   Zero   RW         4444    .bss                main.o
    0x20000cb0        -       0x00004000   Zero   RW           17    STACK               startup_stm32f10x_hd.o


==============================================================================

Image component sizes


      Code (inc. data)   RO Data    RW Data    ZI Data      Debug   Object Name

         0          0          0          0          0       4020   core_cm3.o
        68         18          0          4          0        725   delay.o
       168         56          0          4          0       3971   gpio.o
       332         38          0         96          0       2947   ic.o
         0          0          0          0          0        960   inv_mpu.o
       760        148          0        100         96       2237   main.o
       256         42          0          4          0       2983   maincycle.o
       172         22          0          0          0     260453   misc.o
       500         26          0          0          0       1464   oc.o
       228          0          0          0          0       2759   pid.o
       756         94          0         76          0       2966   pwm.o
        36          8        304          0      16384        820   startup_stm32f10x_hd.o
        96          0          0          0          0       4015   stm32f10x_dma.o
        12          6          0          0          0        549   stm32f10x_exti.o
       438          6          0          0          0       3420   stm32f10x_gpio.o
        26          0          0          0          0       3934   stm32f10x_it.o
       308         38          0         20          0       5142   stm32f10x_rcc.o
      1920        200          0          0          0      21056   stm32f10x_tim.o
       456          6          0          0          0       6423   stm32f10x_usart.o
       328         28          0         20          0       2205   system_stm32f10x.o
      1304         30          0          0       1480       6280   trans.o
       968        152          0        228       1120       7934   uart.o

    ----------------------------------------------------------------------
      9154        918        336        552      19080     347263   Object Totals
         0          0         32          0          0          0   (incl. Generated)
        22          0          0          0          0          0   (incl. Padding)

    ----------------------------------------------------------------------

      Code (inc. data)   RO Data    RW Data    ZI Data      Debug   Library Member Name

        86          0          0          0          0          0   __dczerorl2.o
         0          0          0          0          0          0   entry.o
         0          0          0          0          0          0   entry10a.o
         0          0          0          0          0          0   entry11a.o
         4          0          0          0          0          0   entry12b.o
         8          4          0          0          0          0   entry2.o
         4          0          0          0          0          0   entry5.o
         0          0          0          0          0          0   entry7b.o
         0          0          0          0          0          0   entry8b.o
         8          4          0          0          0          0   entry9a.o
        30          0          0          0          0          0   handlers.o
        36          8          0          0          0         68   init.o
         0          0          0          0          0          0   iusefp.o
        30          0          0          0          0         68   llshl.o
        32          0          0          0          0         68   llushr.o
        20          0          0          0          0         68   cfcmple.o
        20          0          0          0          0         68   cfrcmple.o
        56          0          0          0          0         88   d2f.o
       222          0          0          0          0        100   ddiv.o
       186          0          0          0          0        176   depilogue.o
        34          0          0          0          0         76   dflti.o
        26          0          0          0          0         76   dfltui.o
       228          0          0          0          0         96   dmul.o
       176          0          0          0          0        140   fadd.o
       110          0          0          0          0        168   fepilogue.o
        40          0          0          0          0         68   ffixui.o
        18          0          0          0          0         68   fflti.o
       100          0          0          0          0         76   fmul.o

    ----------------------------------------------------------------------
      1478         16          0          0          0       1472   Library Totals
         4          0          0          0          0          0   (incl. Padding)

    ----------------------------------------------------------------------

      Code (inc. data)   RO Data    RW Data    ZI Data      Debug   Library Name

       238         16          0          0          0        204   mc_w.l
      1236          0          0          0          0       1268   mf_w.l

    ----------------------------------------------------------------------
      1478         16          0          0          0       1472   Library Totals

    ----------------------------------------------------------------------

==============================================================================


      Code (inc. data)   RO Data    RW Data    ZI Data      Debug   

     10632        934        336        552      19080     342727   Grand Totals
     10632        934        336        192      19080     342727   ELF Image Totals (compressed)
     10632        934        336        192          0          0   ROM Totals

==============================================================================

    Total RO  Size (Code + RO Data)                10968 (  10.71kB)
    Total RW  Size (RW Data + ZI Data)             19632 (  19.17kB)
    Total ROM Size (Code + RO Data + RW Data)      11160 (  10.90kB)

==============================================================================

