<html>
<body>
<pre>
<h1>µVision Build Log</h1>
<h2>Tool Versions:</h2>
IDE-Version: ¦ÌVision V5.35.0.0
Copyright (C) 2021 ARM Ltd and ARM Germany GmbH. All rights reserved.
License Information: 1 1, 1, LIC=65ISZ-JYT9Y-56YQ2-9UVJR-D7AGM-U9R9B
 
Tool Versions:
Toolchain:       MDK-ARM Plus  Version: 5.35.0.2
Toolchain Path:  E:\Keil\_MDK_C51\ARM\ARMCC\Bin
C Compiler:      Armcc.exe V5.06 update 7 (build 960)
Assembler:       Armasm.exe V5.06 update 7 (build 960)
Linker/Locator:  ArmLink.exe V5.06 update 7 (build 960)
Library Manager: ArmAr.exe V5.06 update 7 (build 960)
Hex Converter:   FromElf.exe V5.06 update 7 (build 960)
CPU DLL:         SARMCM3.DLL V5.35.0.2
Dialog DLL:      DCM.DLL V1.17.3.0
Target DLL:      STLink\ST-LINKIII-KEIL_SWO.dll V3.0.9.0
Dialog DLL:      TCM.DLL V1.53.0.0
 
<h2>Project:</h2>
E:\_compete\5-20220228energesaving\STM32F103C8T6\USER\Template_F103RB.uvprojx
Project File Date:  02/28/2023

<h2>Output:</h2>
*** Using Compiler 'V5.06 update 7 (build 960)', folder: 'E:\Keil\_MDK_C51\ARM\ARMCC\Bin'
Build target 'Template_F103RB'
compiling main.c...
main.c(44): warning:  #177-D: variable "i"  was declared but never referenced
  	int i = 0, j = 0, k = 0;
main.c(44): warning:  #177-D: variable "j"  was declared but never referenced
  	int i = 0, j = 0, k = 0;
main.c(44): warning:  #177-D: variable "k"  was declared but never referenced
  	int i = 0, j = 0, k = 0;
main.c(67): warning:  #550-D: variable "a_vd"  was set but never used
  	static float a_vd = 0;
main.c(78): warning:  #550-D: variable "a_vc"  was set but never used
  	static float a_vc = 0;
main.c(82): warning:  #177-D: variable "a_v1_tmp"  was declared but never referenced
  	float a_v1_tmp = 0; float a_v2_tmp = 0;
main.c(82): warning:  #177-D: variable "a_v2_tmp"  was declared but never referenced
  	float a_v1_tmp = 0; float a_v2_tmp = 0;
main.c: 7 warnings, 0 errors
linking...
Program Size: Code=9976 RO-data=268 RW-data=464 ZI-data=3816  
FromELF: creating hex file...
"..\OBJ\Template_F103RB.axf" - 0 Error(s), 7 Warning(s).

<h2>Software Packages used:</h2>

Package Vendor: Keil
                http://www.keil.com/pack/Keil.STM32F1xx_DFP.2.3.0.pack
                Keil.STM32F1xx_DFP.2.3.0
                STMicroelectronics STM32F1 Series Device Support, Drivers and Examples

<h2>Collection of Component include folders:</h2>
  E:\Keil\_MDK_C51\Pack\Keil\STM32F1xx_DFP\2.3.0\Device\Include

<h2>Collection of Component Files used:</h2>
Build Time Elapsed:  00:00:01
</pre>
</body>
</html>
