Component: ARM Compiler 5.06 update 7 (build 960) Tool: armlink [4d3601]

==============================================================================

Section Cross References

    startup_stm32f10x_md.o(RESET) refers to startup_stm32f10x_md.o(STACK) for __initial_sp
    startup_stm32f10x_md.o(RESET) refers to startup_stm32f10x_md.o(.text) for Reset_Handler
    startup_stm32f10x_md.o(RESET) refers to stm32f10x_it.o(i.NMI_Handler) for NMI_Handler
    startup_stm32f10x_md.o(RESET) refers to stm32f10x_it.o(i.HardFault_Handler) for HardFault_Handler
    startup_stm32f10x_md.o(RESET) refers to stm32f10x_it.o(i.MemManage_Handler) for MemManage_Handler
    startup_stm32f10x_md.o(RESET) refers to stm32f10x_it.o(i.BusFault_Handler) for BusFault_Handler
    startup_stm32f10x_md.o(RESET) refers to stm32f10x_it.o(i.UsageFault_Handler) for UsageFault_Handler
    startup_stm32f10x_md.o(RESET) refers to stm32f10x_it.o(i.SVC_Handler) for SVC_Handler
    startup_stm32f10x_md.o(RESET) refers to stm32f10x_it.o(i.DebugMon_Handler) for DebugMon_Handler
    startup_stm32f10x_md.o(RESET) refers to stm32f10x_it.o(i.PendSV_Handler) for PendSV_Handler
    startup_stm32f10x_md.o(RESET) refers to stm32f10x_it.o(i.SysTick_Handler) for SysTick_Handler
    startup_stm32f10x_md.o(RESET) refers to gpio.o(i.EXTI0_IRQHandler) for EXTI0_IRQHandler
    startup_stm32f10x_md.o(RESET) refers to gpio.o(i.EXTI1_IRQHandler) for EXTI1_IRQHandler
    startup_stm32f10x_md.o(RESET) refers to gpio.o(i.EXTI2_IRQHandler) for EXTI2_IRQHandler
    startup_stm32f10x_md.o(RESET) refers to gpio.o(i.EXTI3_IRQHandler) for EXTI3_IRQHandler
    startup_stm32f10x_md.o(RESET) refers to gpio.o(i.EXTI4_IRQHandler) for EXTI4_IRQHandler
    startup_stm32f10x_md.o(RESET) refers to gpio.o(i.EXTI9_5_IRQHandler) for EXTI9_5_IRQHandler
    startup_stm32f10x_md.o(RESET) refers to main.o(i.TIM4_IRQHandler) for TIM4_IRQHandler
    startup_stm32f10x_md.o(RESET) refers to uart.o(i.USART1_IRQHandler) for USART1_IRQHandler
    startup_stm32f10x_md.o(RESET) refers to uart.o(i.USART2_IRQHandler) for USART2_IRQHandler
    startup_stm32f10x_md.o(RESET) refers to uart.o(i.USART3_IRQHandler) for USART3_IRQHandler
    startup_stm32f10x_md.o(RESET) refers to gpio.o(i.EXTI15_10_IRQHandler) for EXTI15_10_IRQHandler
    startup_stm32f10x_md.o(.text) refers to system_stm32f10x.o(i.SystemInit) for SystemInit
    startup_stm32f10x_md.o(.text) refers to entry.o(.ARM.Collect$$$$00000000) for __main
    stm32f10x_adc.o(i.ADC_DeInit) refers to stm32f10x_rcc.o(i.RCC_APB2PeriphResetCmd) for RCC_APB2PeriphResetCmd
    stm32f10x_bkp.o(i.BKP_DeInit) refers to stm32f10x_rcc.o(i.RCC_BackupResetCmd) for RCC_BackupResetCmd
    stm32f10x_can.o(i.CAN_DeInit) refers to stm32f10x_rcc.o(i.RCC_APB1PeriphResetCmd) for RCC_APB1PeriphResetCmd
    stm32f10x_can.o(i.CAN_GetITStatus) refers to stm32f10x_can.o(i.CheckITStatus) for CheckITStatus
    stm32f10x_cec.o(i.CEC_DeInit) refers to stm32f10x_rcc.o(i.RCC_APB1PeriphResetCmd) for RCC_APB1PeriphResetCmd
    stm32f10x_dac.o(i.DAC_DeInit) refers to stm32f10x_rcc.o(i.RCC_APB1PeriphResetCmd) for RCC_APB1PeriphResetCmd
    stm32f10x_flash.o(i.FLASH_EnableWriteProtection) refers to stm32f10x_flash.o(i.FLASH_WaitForLastOperation) for FLASH_WaitForLastOperation
    stm32f10x_flash.o(i.FLASH_EraseAllBank1Pages) refers to stm32f10x_flash.o(i.FLASH_WaitForLastBank1Operation) for FLASH_WaitForLastBank1Operation
    stm32f10x_flash.o(i.FLASH_EraseAllPages) refers to stm32f10x_flash.o(i.FLASH_WaitForLastOperation) for FLASH_WaitForLastOperation
    stm32f10x_flash.o(i.FLASH_EraseOptionBytes) refers to stm32f10x_flash.o(i.FLASH_GetReadOutProtectionStatus) for FLASH_GetReadOutProtectionStatus
    stm32f10x_flash.o(i.FLASH_EraseOptionBytes) refers to stm32f10x_flash.o(i.FLASH_WaitForLastOperation) for FLASH_WaitForLastOperation
    stm32f10x_flash.o(i.FLASH_ErasePage) refers to stm32f10x_flash.o(i.FLASH_WaitForLastOperation) for FLASH_WaitForLastOperation
    stm32f10x_flash.o(i.FLASH_ProgramHalfWord) refers to stm32f10x_flash.o(i.FLASH_WaitForLastOperation) for FLASH_WaitForLastOperation
    stm32f10x_flash.o(i.FLASH_ProgramOptionByteData) refers to stm32f10x_flash.o(i.FLASH_WaitForLastOperation) for FLASH_WaitForLastOperation
    stm32f10x_flash.o(i.FLASH_ProgramWord) refers to stm32f10x_flash.o(i.FLASH_WaitForLastOperation) for FLASH_WaitForLastOperation
    stm32f10x_flash.o(i.FLASH_ReadOutProtection) refers to stm32f10x_flash.o(i.FLASH_WaitForLastOperation) for FLASH_WaitForLastOperation
    stm32f10x_flash.o(i.FLASH_UserOptionByteConfig) refers to stm32f10x_flash.o(i.FLASH_WaitForLastOperation) for FLASH_WaitForLastOperation
    stm32f10x_flash.o(i.FLASH_WaitForLastBank1Operation) refers to stm32f10x_flash.o(i.FLASH_GetBank1Status) for FLASH_GetBank1Status
    stm32f10x_flash.o(i.FLASH_WaitForLastOperation) refers to stm32f10x_flash.o(i.FLASH_GetBank1Status) for FLASH_GetBank1Status
[...]
    Removing inv_mpu.o(i.mpu_get_fifo_config), (16 bytes).
    Removing inv_mpu.o(i.mpu_get_gyro_fsr), (68 bytes).
    Removing inv_mpu.o(i.mpu_get_gyro_reg), (116 bytes).
    Removing inv_mpu.o(i.mpu_get_gyro_sens), (80 bytes).
    Removing inv_mpu.o(i.mpu_get_int_status), (68 bytes).
    Removing inv_mpu.o(i.mpu_get_lpf), (80 bytes).
    Removing inv_mpu.o(i.mpu_get_power_state), (28 bytes).
    Removing inv_mpu.o(i.mpu_get_sample_rate), (32 bytes).
    Removing inv_mpu.o(i.mpu_get_temperature), (160 bytes).
    Removing inv_mpu.o(i.mpu_init), (400 bytes).
    Removing inv_mpu.o(i.mpu_load_firmware), (184 bytes).
    Removing inv_mpu.o(i.mpu_lp_accel_mode), (224 bytes).
    Removing inv_mpu.o(i.mpu_lp_motion_interrupt), (516 bytes).
    Removing inv_mpu.o(i.mpu_read_fifo), (504 bytes).
    Removing inv_mpu.o(i.mpu_read_fifo_stream), (192 bytes).
    Removing inv_mpu.o(i.mpu_read_mem), (128 bytes).
    Removing inv_mpu.o(i.mpu_read_reg), (72 bytes).
    Removing inv_mpu.o(i.mpu_reg_dump), (76 bytes).
    Removing inv_mpu.o(i.mpu_reset_fifo), (444 bytes).
    Removing inv_mpu.o(i.mpu_run_self_test), (284 bytes).
    Removing inv_mpu.o(i.mpu_set_accel_bias), (384 bytes).
    Removing inv_mpu.o(i.mpu_set_accel_fsr), (132 bytes).
    Removing inv_mpu.o(i.mpu_set_bypass), (332 bytes).
    Removing inv_mpu.o(i.mpu_set_compass_sample_rate), (8 bytes).
    Removing inv_mpu.o(i.mpu_set_dmp_state), (144 bytes).
    Removing inv_mpu.o(i.mpu_set_gyro_fsr), (136 bytes).
    Removing inv_mpu.o(i.mpu_set_int_latched), (108 bytes).
    Removing inv_mpu.o(i.mpu_set_int_level), (16 bytes).
    Removing inv_mpu.o(i.mpu_set_lpf), (132 bytes).
    Removing inv_mpu.o(i.mpu_set_sample_rate), (156 bytes).
    Removing inv_mpu.o(i.mpu_set_sensors), (208 bytes).
    Removing inv_mpu.o(i.mpu_write_mem), (128 bytes).
    Removing inv_mpu.o(i.myget_ms), (2 bytes).
    Removing inv_mpu.o(i.set_int_enable), (144 bytes).
    Removing inv_mpu.o(.constdata), (80 bytes).
    Removing inv_mpu.o(.data), (44 bytes).
    Removing inv_mpu_dmp_motion_driver.o(i.decode_gesture), (100 bytes).
    Removing inv_mpu_dmp_motion_driver.o(i.dmp_enable_6x_lp_quat), (60 bytes).
    Removing inv_mpu_dmp_motion_driver.o(i.dmp_enable_feature), (540 bytes).
    Removing inv_mpu_dmp_motion_driver.o(i.dmp_enable_gyro_cal), (88 bytes).
    Removing inv_mpu_dmp_motion_driver.o(i.dmp_enable_lp_quat), (60 bytes).
    Removing inv_mpu_dmp_motion_driver.o(i.dmp_get_enabled_features), (16 bytes).
    Removing inv_mpu_dmp_motion_driver.o(i.dmp_get_fifo_rate), (16 bytes).
    Removing inv_mpu_dmp_motion_driver.o(i.dmp_get_pedometer_step_count), (66 bytes).
    Removing inv_mpu_dmp_motion_driver.o(i.dmp_get_pedometer_walk_time), (72 bytes).
    Removing inv_mpu_dmp_motion_driver.o(i.dmp_load_motion_driver_firmware), (24 bytes).
    Removing inv_mpu_dmp_motion_driver.o(i.dmp_read_fifo), (460 bytes).
    Removing inv_mpu_dmp_motion_driver.o(i.dmp_register_android_orient_cb), (16 bytes).
    Removing inv_mpu_dmp_motion_driver.o(i.dmp_register_tap_cb), (16 bytes).
    Removing inv_mpu_dmp_motion_driver.o(i.dmp_set_accel_bias), (304 bytes).
    Removing inv_mpu_dmp_motion_driver.o(i.dmp_set_fifo_rate), (112 bytes).
    Removing inv_mpu_dmp_motion_driver.o(i.dmp_set_gyro_bias), (304 bytes).
    Removing inv_mpu_dmp_motion_driver.o(i.dmp_set_interrupt_mode), (92 bytes).
    Removing inv_mpu_dmp_motion_driver.o(i.dmp_set_orientation), (312 bytes).
    Removing inv_mpu_dmp_motion_driver.o(i.dmp_set_pedometer_step_count), (42 bytes).
    Removing inv_mpu_dmp_motion_driver.o(i.dmp_set_pedometer_walk_time), (48 bytes).
    Removing inv_mpu_dmp_motion_driver.o(i.dmp_set_shake_reject_thresh), (56 bytes).
    Removing inv_mpu_dmp_motion_driver.o(i.dmp_set_shake_reject_time), (38 bytes).
    Removing inv_mpu_dmp_motion_driver.o(i.dmp_set_shake_reject_timeout), (38 bytes).
    Removing inv_mpu_dmp_motion_driver.o(i.dmp_set_tap_axes), (70 bytes).
    Removing inv_mpu_dmp_motion_driver.o(i.dmp_set_tap_count), (38 bytes).
    Removing inv_mpu_dmp_motion_driver.o(i.dmp_set_tap_thresh), (416 bytes).
    Removing inv_mpu_dmp_motion_driver.o(i.dmp_set_tap_time), (38 bytes).
    Removing inv_mpu_dmp_motion_driver.o(i.dmp_set_tap_time_multi), (38 bytes).
    Removing inv_mpu_dmp_motion_driver.o(.bss), (16 bytes).
    Removing inv_mpu_dmp_motion_driver.o(.constdata), (3062 bytes).
    Removing ioi2c.o(i.I2C_ReadOneByte), (70 bytes).
    Removing ioi2c.o(i.IIC_Ack), (76 bytes).
    Removing ioi2c.o(i.IIC_Init), (44 bytes).
    Removing ioi2c.o(i.IIC_NAck), (76 bytes).
    Removing ioi2c.o(i.IIC_Read_Byte), (112 bytes).
    Removing ioi2c.o(i.IIC_Send_Byte), (100 bytes).
    Removing ioi2c.o(i.IIC_Start), (104 bytes).
    Removing ioi2c.o(i.IIC_Stop), (72 bytes).
    Removing ioi2c.o(i.IIC_Wait_Ack), (104 bytes).
    Removing ioi2c.o(i.IICreadByte), (22 bytes).
    Removing ioi2c.o(i.IICreadBytes), (100 bytes).
    Removing ioi2c.o(i.IICwriteBit), (64 bytes).
    Removing ioi2c.o(i.IICwriteBits), (106 bytes).
    Removing ioi2c.o(i.IICwriteByte), (20 bytes).
    Removing ioi2c.o(i.IICwriteBytes), (70 bytes).
    Removing ioi2c.o(i.i2cRead), (118 bytes).
    Removing ioi2c.o(i.i2cWrite), (96 bytes).
    Removing mpu6050.o(i.DMP_Init), (88 bytes).
    Removing mpu6050.o(i.MPU6050_getDeviceID), (24 bytes).
    Removing mpu6050.o(i.MPU6050_initialize), (40 bytes).
    Removing mpu6050.o(i.MPU6050_newValues), (500 bytes).
    Removing mpu6050.o(i.MPU6050_setClockSource), (20 bytes).
    Removing mpu6050.o(i.MPU6050_setFullScaleAccelRange), (20 bytes).
    Removing mpu6050.o(i.MPU6050_setFullScaleGyroRange), (20 bytes).
    Removing mpu6050.o(i.MPU6050_setI2CBypassEnabled), (18 bytes).
    Removing mpu6050.o(i.MPU6050_setI2CMasterModeEnabled), (18 bytes).
    Removing mpu6050.o(i.MPU6050_setSleepEnabled), (18 bytes).
    Removing mpu6050.o(i.MPU6050_testConnection), (18 bytes).
    Removing mpu6050.o(i.Read_DMP), (604 bytes).
    Removing mpu6050.o(i.Read_Temperature), (128 bytes).
    Removing mpu6050.o(i.getAngle), (84 bytes).
    Removing mpu6050.o(i.inv_orientation_matrix_to_scalar), (40 bytes).
    Removing mpu6050.o(i.inv_row_2_scale), (78 bytes).
    Removing mpu6050.o(i.run_self_test), (144 bytes).
    Removing mpu6050.o(.bss), (146 bytes).
    Removing mpu6050.o(.data), (60 bytes).
    Removing dadd.o(.text), (334 bytes).
    Removing ffixi.o(.text), (50 bytes).
    Removing f2d.o(.text), (38 bytes).
    Removing dscalb.o(.text), (46 bytes).
    Removing dfixul.o(.text), (48 bytes).
    Removing cdcmple.o(.text), (48 bytes).
    Removing cdrcmple.o(.text), (48 bytes).
    Removing dsqrt.o(.text), (162 bytes).

569 unused section(s) (total 37892 bytes) removed from the image.

==============================================================================

Image Symbol Table

    Local Symbols

    Symbol Name                              Value     Ov Type        Size  Object(Section)

    ../clib/../cmprslib/zerorunl2.c          0x00000000   Number         0  __dczerorl2.o ABSOLUTE
    ../clib/microlib/division.c              0x00000000   Number         0  ldiv.o ABSOLUTE
    ../clib/microlib/division.c              0x00000000   Number         0  uldiv.o ABSOLUTE
    ../clib/microlib/division.c              0x00000000   Number         0  uidiv.o ABSOLUTE
    ../clib/microlib/errno.c                 0x00000000   Number         0  errno.o ABSOLUTE
    ../clib/microlib/init/entry.s            0x00000000   Number         0  entry2.o ABSOLUTE
    ../clib/microlib/init/entry.s            0x00000000   Number         0  entry10b.o ABSOLUTE
    ../clib/microlib/init/entry.s            0x00000000   Number         0  entry10a.o ABSOLUTE
    ../clib/microlib/init/entry.s            0x00000000   Number         0  entry9b.o ABSOLUTE
    ../clib/microlib/init/entry.s            0x00000000   Number         0  entry5.o ABSOLUTE
    ../clib/microlib/init/entry.s            0x00000000   Number         0  entry9a.o ABSOLUTE
    ../clib/microlib/init/entry.s            0x00000000   Number         0  entry8b.o ABSOLUTE
    ../clib/microlib/init/entry.s            0x00000000   Number         0  entry8a.o ABSOLUTE
    ../clib/microlib/init/entry.s            0x00000000   Number         0  entry.o ABSOLUTE
    ../clib/microlib/init/entry.s            0x00000000   Number         0  entry7a.o ABSOLUTE
    ../clib/microlib/init/entry.s            0x00000000   Number         0  entry12a.o ABSOLUTE
    ../clib/microlib/init/entry.s            0x00000000   Number         0  entry12b.o ABSOLUTE
    ../clib/microlib/init/entry.s            0x00000000   Number         0  entry11b.o ABSOLUTE
    ../clib/microlib/init/entry.s            0x00000000   Number         0  entry7b.o ABSOLUTE
    ../clib/microlib/init/entry.s            0x00000000   Number         0  entry11a.o ABSOLUTE
    ../clib/microlib/longlong.c              0x00000000   Number         0  llsshr.o ABSOLUTE
    ../clib/microlib/longlong.c              0x00000000   Number         0  llshl.o ABSOLUTE
    ../clib/microlib/longlong.c              0x00000000   Number         0  llushr.o ABSOLUTE
    ../clib/microlib/printf/printf.c         0x00000000   Number         0  printf8.o ABSOLUTE
    ../clib/microlib/printf/printf.c         0x00000000   Number         0  printfa.o ABSOLUTE
    ../clib/microlib/printf/printf.c         0x00000000   Number         0  printf0.o ABSOLUTE
    ../clib/microlib/printf/printf.c         0x00000000   Number         0  printf7.o ABSOLUTE
    ../clib/microlib/printf/printf.c         0x00000000   Number         0  printf6.o ABSOLUTE
    ../clib/microlib/printf/printf.c         0x00000000   Number         0  printf5.o ABSOLUTE
    ../clib/microlib/printf/printf.c         0x00000000   Number         0  printf2.o ABSOLUTE
    ../clib/microlib/printf/printf.c         0x00000000   Number         0  printf4.o ABSOLUTE
    ../clib/microlib/printf/printf.c         0x00000000   Number         0  printf1.o ABSOLUTE
    ../clib/microlib/printf/printf.c         0x00000000   Number         0  printfb.o ABSOLUTE
    ../clib/microlib/printf/printf.c         0x00000000   Number         0  printf3.o ABSOLUTE
    ../clib/microlib/printf/stubs.s          0x00000000   Number         0  stubs.o ABSOLUTE
    ../clib/microlib/stdio/streams.c         0x00000000   Number         0  stdout.o ABSOLUTE
    ../clib/microlib/string/memcmp.c         0x00000000   Number         0  memcmp.o ABSOLUTE
    ../clib/microlib/string/memset.c         0x00000000   Number         0  memseta.o ABSOLUTE
    ../clib/microlib/stubs.s                 0x00000000   Number         0  iusefp.o ABSOLUTE
    ../fplib/microlib/d2f.c                  0x00000000   Number         0  d2f.o ABSOLUTE
    ../fplib/microlib/f2d.c                  0x00000000   Number         0  f2d.o ABSOLUTE
    ../fplib/microlib/fpadd.c                0x00000000   Number         0  fadd.o ABSOLUTE
    ../fplib/microlib/fpadd.c                0x00000000   Number         0  dadd.o ABSOLUTE
    ../fplib/microlib/fpdiv.c                0x00000000   Number         0  ddiv.o ABSOLUTE
    ../fplib/microlib/fpdiv.c                0x00000000   Number         0  fdiv.o ABSOLUTE
    ../fplib/microlib/fpepilogue.c           0x00000000   Number         0  depilogue.o ABSOLUTE
    ../fplib/microlib/fpepilogue.c           0x00000000   Number         0  fepilogue.o ABSOLUTE
    ../fplib/microlib/fpfix.c                0x00000000   Number         0  ffixui.o ABSOLUTE
    ../fplib/microlib/fpfix.c                0x00000000   Number         0  ffixi.o ABSOLUTE
    ../fplib/microlib/fpfix.c                0x00000000   Number         0  dfixul.o ABSOLUTE
    ../fplib/microlib/fpflt.c                0x00000000   Number         0  fflti.o ABSOLUTE
    ../fplib/microlib/fpflt.c                0x00000000   Number         0  ffltui.o ABSOLUTE
    ../fplib/microlib/fpflt.c                0x00000000   Number         0  dflti.o ABSOLUTE
    ../fplib/microlib/fpflt.c                0x00000000   Number         0  dfltui.o ABSOLUTE
    ../fplib/microlib/fpmul.c                0x00000000   Number         0  fmul.o ABSOLUTE
    ../fplib/microlib/fpmul.c                0x00000000   Number         0  dmul.o ABSOLUTE
    ../fplib/microlib/fpscalb.c              0x00000000   Number         0  dscalb.o ABSOLUTE
    ../fplib/microlib/fpsqrt.c               0x00000000   Number         0  dsqrt.o ABSOLUTE
    ../mathlib/asin.c                        0x00000000   Number         0  asin.o ABSOLUTE
    ../mathlib/asin.c                        0x00000000   Number         0  asin_x.o ABSOLUTE
    ../mathlib/atan.c                        0x00000000   Number         0  atan.o ABSOLUTE
    ../mathlib/atan.c                        0x00000000   Number         0  atan_x.o ABSOLUTE
    ../mathlib/atan2.c                       0x00000000   Number         0  atan2.o ABSOLUTE
    ../mathlib/atan2.c                       0x00000000   Number         0  atan2_x.o ABSOLUTE
    ../mathlib/dunder.c                      0x00000000   Number         0  dunder.o ABSOLUTE
    ../mathlib/fpclassify.c                  0x00000000   Number         0  fpclassify.o ABSOLUTE
    ../mathlib/poly.c                        0x00000000   Number         0  poly.o ABSOLUTE
    ../mathlib/qnan.c                        0x00000000   Number         0  qnan.o ABSOLUTE
    ../mathlib/sqrt.c                        0x00000000   Number         0  sqrt_x.o ABSOLUTE
    ../mathlib/sqrt.c                        0x00000000   Number         0  sqrt.o ABSOLUTE
    ..\Button\gpio.c                         0x00000000   Number         0  gpio.o ABSOLUTE
    ..\Button\ic.c                           0x00000000   Number         0  ic.o ABSOLUTE
    ..\Button\oc.c                           0x00000000   Number         0  oc.o ABSOLUTE
    ..\Button\others\mpu\IOI2C.c             0x00000000   Number         0  ioi2c.o ABSOLUTE
    ..\Button\others\mpu\MPU6050.c           0x00000000   Number         0  mpu6050.o ABSOLUTE
    ..\Button\others\mpu\inv_mpu.c           0x00000000   Number         0  inv_mpu.o ABSOLUTE
    ..\Button\others\mpu\inv_mpu_dmp_motion_driver.c 0x00000000   Number         0  inv_mpu_dmp_motion_driver.o ABSOLUTE
    ..\Button\uart.c                         0x00000000   Number         0  uart.o ABSOLUTE
    ..\CORE\core_cm3.c                       0x00000000   Number         0  core_cm3.o ABSOLUTE
    ..\CORE\startup_stm32f10x_md.s           0x00000000   Number         0  startup_stm32f10x_md.o ABSOLUTE
    ..\Middle\mpu.c                          0x00000000   Number         0  mpu.o ABSOLUTE
    ..\Middle\pwm.c                          0x00000000   Number         0  pwm.o ABSOLUTE
    ..\Middle\trans.c                        0x00000000   Number         0  trans.o ABSOLUTE
    ..\STM32F10x_FWLib\src\misc.c            0x00000000   Number         0  misc.o ABSOLUTE
    ..\STM32F10x_FWLib\src\stm32f10x_adc.c   0x00000000   Number         0  stm32f10x_adc.o ABSOLUTE
    ..\STM32F10x_FWLib\src\stm32f10x_bkp.c   0x00000000   Number         0  stm32f10x_bkp.o ABSOLUTE
    ..\STM32F10x_FWLib\src\stm32f10x_can.c   0x00000000   Number         0  stm32f10x_can.o ABSOLUTE
    ..\STM32F10x_FWLib\src\stm32f10x_cec.c   0x00000000   Number         0  stm32f10x_cec.o ABSOLUTE
    ..\STM32F10x_FWLib\src\stm32f10x_crc.c   0x00000000   Number         0  stm32f10x_crc.o ABSOLUTE
    ..\STM32F10x_FWLib\src\stm32f10x_dac.c   0x00000000   Number         0  stm32f10x_dac.o ABSOLUTE
    ..\STM32F10x_FWLib\src\stm32f10x_dbgmcu.c 0x00000000   Number         0  stm32f10x_dbgmcu.o ABSOLUTE
    ..\STM32F10x_FWLib\src\stm32f10x_dma.c   0x00000000   Number         0  stm32f10x_dma.o ABSOLUTE
    ..\STM32F10x_FWLib\src\stm32f10x_exti.c  0x00000000   Number         0  stm32f10x_exti.o ABSOLUTE
    ..\STM32F10x_FWLib\src\stm32f10x_flash.c 0x00000000   Number         0  stm32f10x_flash.o ABSOLUTE
    ..\STM32F10x_FWLib\src\stm32f10x_fsmc.c  0x00000000   Number         0  stm32f10x_fsmc.o ABSOLUTE
    ..\STM32F10x_FWLib\src\stm32f10x_gpio.c  0x00000000   Number         0  stm32f10x_gpio.o ABSOLUTE
    ..\STM32F10x_FWLib\src\stm32f10x_i2c.c   0x00000000   Number         0  stm32f10x_i2c.o ABSOLUTE
    ..\STM32F10x_FWLib\src\stm32f10x_iwdg.c  0x00000000   Number         0  stm32f10x_iwdg.o ABSOLUTE
    ..\STM32F10x_FWLib\src\stm32f10x_pwr.c   0x00000000   Number         0  stm32f10x_pwr.o ABSOLUTE
    ..\STM32F10x_FWLib\src\stm32f10x_rcc.c   0x00000000   Number         0  stm32f10x_rcc.o ABSOLUTE
    ..\STM32F10x_FWLib\src\stm32f10x_rtc.c   0x00000000   Number         0  stm32f10x_rtc.o ABSOLUTE
    ..\STM32F10x_FWLib\src\stm32f10x_sdio.c  0x00000000   Number         0  stm32f10x_sdio.o ABSOLUTE
    ..\STM32F10x_FWLib\src\stm32f10x_spi.c   0x00000000   Number         0  stm32f10x_spi.o ABSOLUTE
    ..\STM32F10x_FWLib\src\stm32f10x_tim.c   0x00000000   Number         0  stm32f10x_tim.o ABSOLUTE
    ..\STM32F10x_FWLib\src\stm32f10x_usart.c 0x00000000   Number         0  stm32f10x_usart.o ABSOLUTE
    ..\STM32F10x_FWLib\src\stm32f10x_wwdg.c  0x00000000   Number         0  stm32f10x_wwdg.o ABSOLUTE
    ..\SYSTEM\delay\delay.c                  0x00000000   Number         0  delay.o ABSOLUTE
    ..\SYSTEM\maincycle\maincycle.c          0x00000000   Number         0  maincycle.o ABSOLUTE
    ..\SYSTEM\pid\pid.c                      0x00000000   Number         0  pid.o ABSOLUTE
    ..\SYSTEM\sys\sys.c                      0x00000000   Number         0  sys.o ABSOLUTE
    ..\\CORE\\core_cm3.c                     0x00000000   Number         0  core_cm3.o ABSOLUTE
    ..\\SYSTEM\\sys\\sys.c                   0x00000000   Number         0  sys.o ABSOLUTE
    adc.c                                    0x00000000   Number         0  adc.o ABSOLUTE
    cdcmple.s                                0x00000000   Number         0  cdcmple.o ABSOLUTE
    cdrcmple.s                               0x00000000   Number         0  cdrcmple.o ABSOLUTE
    cfcmple.s                                0x00000000   Number         0  cfcmple.o ABSOLUTE
    cfrcmple.s                               0x00000000   Number         0  cfrcmple.o ABSOLUTE
    dc.s                                     0x00000000   Number         0  dc.o ABSOLUTE
    handlers.s                               0x00000000   Number         0  handlers.o ABSOLUTE
    init.s                                   0x00000000   Number         0  init.o ABSOLUTE
    main.c                                   0x00000000   Number         0  main.o ABSOLUTE
    stm32f10x_it.c                           0x00000000   Number         0  stm32f10x_it.o ABSOLUTE
    system_stm32f10x.c                       0x00000000   Number         0  system_stm32f10x.o ABSOLUTE
    trans_hex.c                              0x00000000   Number         0  trans_hex.o ABSOLUTE
    RESET                                    0x08000000   Section      236  startup_stm32f10x_md.o(RESET)
    .ARM.Collect$$$$00000000                 0x080000ec   Section        0  entry.o(.ARM.Collect$$$$00000000)
    .ARM.Collect$$$$00000001                 0x080000ec   Section        4  entry2.o(.ARM.Collect$$$$00000001)
    .ARM.Collect$$$$00000004                 0x080000f0   Section        4  entry5.o(.ARM.Collect$$$$00000004)
    .ARM.Collect$$$$00000008                 0x080000f4   Section        0  entry7b.o(.ARM.Collect$$$$00000008)
    .ARM.Collect$$$$0000000A                 0x080000f4   Section        0  entry8b.o(.ARM.Collect$$$$0000000A)
    .ARM.Collect$$$$0000000B                 0x080000f4   Section        8  entry9a.o(.ARM.Collect$$$$0000000B)
    .ARM.Collect$$$$0000000E                 0x080000fc   Section        4  entry12b.o(.ARM.Collect$$$$0000000E)
    .ARM.Collect$$$$0000000F                 0x08000100   Section        0  entry10a.o(.ARM.Collect$$$$0000000F)
    .ARM.Collect$$$$00000011                 0x08000100   Section        0  entry11a.o(.ARM.Collect$$$$00000011)
    .ARM.Collect$$$$00002712                 0x08000100   Section        4  entry2.o(.ARM.Collect$$$$00002712)
    __lit__00000000                          0x08000100   Data           4  entry2.o(.ARM.Collect$$$$00002712)
    .text                                    0x08000104   Section       36  startup_stm32f10x_md.o(.text)
    .text                                    0x08000128   Section        0  memseta.o(.text)
    .text                                    0x0800014c   Section        0  fadd.o(.text)
    .text                                    0x080001fc   Section        0  fmul.o(.text)
    .text                                    0x08000260   Section        0  fdiv.o(.text)
    .text                                    0x080002dc   Section        0  dmul.o(.text)
    .text                                    0x080003c0   Section        0  ddiv.o(.text)
    .text                                    0x0800049e   Section        0  fflti.o(.text)
    .text                                    0x080004b0   Section        0  ffltui.o(.text)
    .text                                    0x080004ba   Section        0  dflti.o(.text)
    .text                                    0x080004dc   Section        0  dfltui.o(.text)
    .text                                    0x080004f6   Section        0  ffixui.o(.text)
    .text                                    0x0800051e   Section        0  d2f.o(.text)
    .text                                    0x08000558   Section       20  cfcmple.o(.text)
    .text                                    0x0800056c   Section       20  cfrcmple.o(.text)
    .text                                    0x08000580   Section        0  uidiv.o(.text)
    .text                                    0x080005ac   Section        0  llshl.o(.text)
    .text                                    0x080005ca   Section        0  iusefp.o(.text)
    .text                                    0x080005ca   Section        0  fepilogue.o(.text)
    .text                                    0x08000638   Section        0  depilogue.o(.text)
    .text                                    0x080006f4   Section       36  init.o(.text)
    .text                                    0x08000718   Section        0  llushr.o(.text)
    .text                                    0x08000738   Section        0  __dczerorl2.o(.text)
    i.BusFault_Handler                       0x0800078e   Section        0  stm32f10x_it.o(i.BusFault_Handler)
    i.CPUoccupationRate_Calculatefinish      0x08000794   Section        0  maincycle.o(i.CPUoccupationRate_Calculatefinish)
    i.CPUoccupationRate_Calculatestart       0x080007e8   Section        0  maincycle.o(i.CPUoccupationRate_Calculatestart)
    i.DMA_Cmd                                0x08000800   Section        0  stm32f10x_dma.o(i.DMA_Cmd)
    i.DMA_GetCurrDataCounter                 0x08000818   Section        0  stm32f10x_dma.o(i.DMA_GetCurrDataCounter)
    i.DMA_Init                               0x08000820   Section        0  stm32f10x_dma.o(i.DMA_Init)
    i.DMA_SetCurrDataCounter                 0x0800085c   Section        0  stm32f10x_dma.o(i.DMA_SetCurrDataCounter)
    i.DebugMon_Handler                       0x08000860   Section        0  stm32f10x_it.o(i.DebugMon_Handler)
    i.EXTI0_IRQHandler                       0x08000864   Section        0  gpio.o(i.EXTI0_IRQHandler)
    i.EXTI15_10_IRQHandler                   0x0800087c   Section        0  gpio.o(i.EXTI15_10_IRQHandler)
    i.EXTI1_IRQHandler                       0x08000894   Section        0  gpio.o(i.EXTI1_IRQHandler)
    i.EXTI2_IRQHandler                       0x080008ac   Section        0  gpio.o(i.EXTI2_IRQHandler)
    i.EXTI3_IRQHandler                       0x080008c4   Section        0  gpio.o(i.EXTI3_IRQHandler)
    i.EXTI4_IRQHandler                       0x080008dc   Section        0  gpio.o(i.EXTI4_IRQHandler)
    i.EXTI9_5_IRQHandler                     0x080008f4   Section        0  gpio.o(i.EXTI9_5_IRQHandler)
    i.EXTI_ClearITPendingBit                 0x0800090c   Section        0  stm32f10x_exti.o(i.EXTI_ClearITPendingBit)
    i.GPIO_Init                              0x08000918   Section        0  stm32f10x_gpio.o(i.GPIO_Init)
    i.GPIO_PinRemapConfig                    0x08000a30   Section        0  stm32f10x_gpio.o(i.GPIO_PinRemapConfig)
    i.GPIO_StructInit                        0x08000ac0   Section        0  stm32f10x_gpio.o(i.GPIO_StructInit)
    i.HardFault_Handler                      0x08000ad0   Section        0  stm32f10x_it.o(i.HardFault_Handler)
    i.MemManage_Handler                      0x08000ad4   Section        0  stm32f10x_it.o(i.MemManage_Handler)
    i.NMI_Handler                            0x08000ad8   Section        0  stm32f10x_it.o(i.NMI_Handler)
    i.NVIC_Init                              0x08000adc   Section        0  misc.o(i.NVIC_Init)
    i.NVIC_PriorityGroupConfig               0x08000b4c   Section        0  misc.o(i.NVIC_PriorityGroupConfig)
    i.PID_calc1                              0x08000b60   Section        0  pid.o(i.PID_calc1)
    i.PID_calc2                              0x08000be0   Section        0  pid.o(i.PID_calc2)
    i.PID_init                               0x08000c74   Section        0  pid.o(i.PID_init)
    i.PendSV_Handler                         0x08000c90   Section        0  stm32f10x_it.o(i.PendSV_Handler)
    i.RCC_AHBPeriphClockCmd                  0x08000c94   Section        0  stm32f10x_rcc.o(i.RCC_AHBPeriphClockCmd)
    i.RCC_APB1PeriphClockCmd                 0x08000cb4   Section        0  stm32f10x_rcc.o(i.RCC_APB1PeriphClockCmd)
    i.RCC_APB2PeriphClockCmd                 0x08000cd4   Section        0  stm32f10x_rcc.o(i.RCC_APB2PeriphClockCmd)
    i.RCC_GetClocksFreq                      0x08000cf4   Section        0  stm32f10x_rcc.o(i.RCC_GetClocksFreq)
    i.SVC_Handler                            0x08000dc8   Section        0  stm32f10x_it.o(i.SVC_Handler)
    i.SetSysClock                            0x08000dca   Section        0  system_stm32f10x.o(i.SetSysClock)
    SetSysClock                              0x08000dcb   Thumb Code     8  system_stm32f10x.o(i.SetSysClock)
    i.SetSysClockTo72                        0x08000dd4   Section        0  system_stm32f10x.o(i.SetSysClockTo72)
    SetSysClockTo72                          0x08000dd5   Thumb Code   214  system_stm32f10x.o(i.SetSysClockTo72)
    i.SysTick_CLKSourceConfig                0x08000eb4   Section        0  misc.o(i.SysTick_CLKSourceConfig)
    i.SysTick_Handler                        0x08000edc   Section        0  stm32f10x_it.o(i.SysTick_Handler)
    i.SystemInit                             0x08000ee0   Section        0  system_stm32f10x.o(i.SystemInit)
    i.TI1_Config                             0x08000f40   Section        0  stm32f10x_tim.o(i.TI1_Config)
    TI1_Config                               0x08000f41   Thumb Code   108  stm32f10x_tim.o(i.TI1_Config)
    i.TI2_Config                             0x08000fc0   Section        0  stm32f10x_tim.o(i.TI2_Config)
    TI2_Config                               0x08000fc1   Thumb Code   130  stm32f10x_tim.o(i.TI2_Config)
    i.TI3_Config                             0x08001058   Section        0  stm32f10x_tim.o(i.TI3_Config)
    TI3_Config                               0x08001059   Thumb Code   122  stm32f10x_tim.o(i.TI3_Config)
    i.TI4_Config                             0x080010e8   Section        0  stm32f10x_tim.o(i.TI4_Config)
    TI4_Config                               0x080010e9   Thumb Code   130  stm32f10x_tim.o(i.TI4_Config)
    i.TIM4_IRQHandler                        0x08001180   Section        0  main.o(i.TIM4_IRQHandler)
    i.TIM_ARRPreloadConfig                   0x08001d70   Section        0  stm32f10x_tim.o(i.TIM_ARRPreloadConfig)
    i.TIM_ClearITPendingBit                  0x08001d88   Section        0  stm32f10x_tim.o(i.TIM_ClearITPendingBit)
    i.TIM_Cmd                                0x08001d8e   Section        0  stm32f10x_tim.o(i.TIM_Cmd)
    i.TIM_CtrlPWMOutputs                     0x08001da6   Section        0  stm32f10x_tim.o(i.TIM_CtrlPWMOutputs)
    i.TIM_EncoderInterfaceConfig             0x08001dc4   Section        0  stm32f10x_tim.o(i.TIM_EncoderInterfaceConfig)
    i.TIM_GetCounter                         0x08001e06   Section        0  stm32f10x_tim.o(i.TIM_GetCounter)
    i.TIM_ICInit                             0x08001e0c   Section        0  stm32f10x_tim.o(i.TIM_ICInit)
    i.TIM_ICStructInit                       0x08001eb8   Section        0  stm32f10x_tim.o(i.TIM_ICStructInit)
    i.TIM_ITConfig                           0x08001eca   Section        0  stm32f10x_tim.o(i.TIM_ITConfig)
    i.TIM_OC1Init                            0x08001edc   Section        0  stm32f10x_tim.o(i.TIM_OC1Init)
    i.TIM_OC1PreloadConfig                   0x08001f74   Section        0  stm32f10x_tim.o(i.TIM_OC1PreloadConfig)
    i.TIM_OC2Init                            0x08001f88   Section        0  stm32f10x_tim.o(i.TIM_OC2Init)
    i.TIM_OC3Init                            0x0800202c   Section        0  stm32f10x_tim.o(i.TIM_OC3Init)
    i.TIM_OC4Init                            0x080020cc   Section        0  stm32f10x_tim.o(i.TIM_OC4Init)
    i.TIM_OC4PreloadConfig                   0x08002148   Section        0  stm32f10x_tim.o(i.TIM_OC4PreloadConfig)
    i.TIM_SetCompare1                        0x08002162   Section        0  stm32f10x_tim.o(i.TIM_SetCompare1)
    i.TIM_SetCompare4                        0x08002166   Section        0  stm32f10x_tim.o(i.TIM_SetCompare4)
    i.TIM_SetCounter                         0x0800216c   Section        0  stm32f10x_tim.o(i.TIM_SetCounter)
    i.TIM_SetIC1Prescaler                    0x08002170   Section        0  stm32f10x_tim.o(i.TIM_SetIC1Prescaler)
    i.TIM_SetIC2Prescaler                    0x08002182   Section        0  stm32f10x_tim.o(i.TIM_SetIC2Prescaler)
    i.TIM_SetIC3Prescaler                    0x0800219c   Section        0  stm32f10x_tim.o(i.TIM_SetIC3Prescaler)
    i.TIM_SetIC4Prescaler                    0x080021ae   Section        0  stm32f10x_tim.o(i.TIM_SetIC4Prescaler)
    i.TIM_TimeBaseInit                       0x080021c8   Section        0  stm32f10x_tim.o(i.TIM_TimeBaseInit)
    i.TIM_TimeBaseStructInit                 0x0800226c   Section        0  stm32f10x_tim.o(i.TIM_TimeBaseStructInit)
    i.USART1_IRQHandler                      0x0800227e   Section        0  uart.o(i.USART1_IRQHandler)
    i.USART2_IRQHandler                      0x08002288   Section        0  uart.o(i.USART2_IRQHandler)
    i.USART3_IRQHandler                      0x08002292   Section        0  uart.o(i.USART3_IRQHandler)
    i.USART_ClearITPendingBit                0x0800229c   Section        0  stm32f10x_usart.o(i.USART_ClearITPendingBit)
    i.USART_Cmd                              0x080022ba   Section        0  stm32f10x_usart.o(i.USART_Cmd)
    i.USART_DMACmd                           0x080022d2   Section        0  stm32f10x_usart.o(i.USART_DMACmd)
    i.USART_GetFlagStatus                    0x080022e4   Section        0  stm32f10x_usart.o(i.USART_GetFlagStatus)
    i.USART_GetITStatus                      0x080022fe   Section        0  stm32f10x_usart.o(i.USART_GetITStatus)
    i.USART_ITConfig                         0x08002352   Section        0  stm32f10x_usart.o(i.USART_ITConfig)
    i.USART_Init                             0x0800239c   Section        0  stm32f10x_usart.o(i.USART_Init)
    i.USART_ReceiveData                      0x08002474   Section        0  stm32f10x_usart.o(i.USART_ReceiveData)
    i.USART_SendData                         0x0800247e   Section        0  stm32f10x_usart.o(i.USART_SendData)
    i.USARTx_IRQHandler                      0x08002488   Section        0  uart.o(i.USARTx_IRQHandler)
    USARTx_IRQHandler                        0x08002489   Thumb Code   160  uart.o(i.USARTx_IRQHandler)
    i.UsageFault_Handler                     0x08002540   Section        0  stm32f10x_it.o(i.UsageFault_Handler)
    i.__0printf$1                            0x08002544   Section        0  printf1.o(i.__0printf$1)
    i.__scatterload_copy                     0x08002564   Section       14  handlers.o(i.__scatterload_copy)
    i.__scatterload_null                     0x08002572   Section        2  handlers.o(i.__scatterload_null)
    i.__scatterload_zeroinit                 0x08002574   Section       14  handlers.o(i.__scatterload_zeroinit)
    i._printf_core                           0x08002584   Section        0  printf1.o(i._printf_core)
    _printf_core                             0x08002585   Thumb Code   336  printf1.o(i._printf_core)
    i.delay_init                             0x080026d8   Section        0  delay.o(i.delay_init)
    i.dma_Rinit                              0x0800271c   Section        0  uart.o(i.dma_Rinit)
    dma_Rinit                                0x0800271d   Thumb Code   106  uart.o(i.dma_Rinit)
    i.dma_Tinit                              0x08002798   Section        0  uart.o(i.dma_Tinit)
    dma_Tinit                                0x08002799   Thumb Code    90  uart.o(i.dma_Tinit)
    i.fputc                                  0x08002804   Section        0  uart.o(i.fputc)
    i.gpio_init                              0x08002828   Section        0  uart.o(i.gpio_init)
    gpio_init                                0x08002829   Thumb Code    96  uart.o(i.gpio_init)
    i.gpio_init                              0x0800289c   Section        0  ic.o(i.gpio_init)
    gpio_init                                0x0800289d   Thumb Code    68  ic.o(i.gpio_init)
    i.ic_getdata                             0x080028f0   Section        0  ic.o(i.ic_getdata)
    i.ic_init                                0x08002918   Section        0  ic.o(i.ic_init)
    i.main                                   0x0800293c   Section        0  main.o(i.main)
    i.maincycle_ms_init                      0x080029e4   Section        0  maincycle.o(i.maincycle_ms_init)
    i.nvic_init                              0x08002a0c   Section        0  maincycle.o(i.nvic_init)
    nvic_init                                0x08002a0d   Thumb Code    32  maincycle.o(i.nvic_init)
    i.nvic_init                              0x08002a2c   Section        0  uart.o(i.nvic_init)
    nvic_init                                0x08002a2d   Thumb Code    34  uart.o(i.nvic_init)
    i.pwm_init                               0x08002a54   Section        0  oc.o(i.pwm_init)
    i.straight_add                           0x08002a88   Section        0  pwm.o(i.straight_add)
    i.straight_read                          0x08002bb4   Section        0  pwm.o(i.straight_read)
    i.straight_set                           0x08002bcc   Section        0  pwm.o(i.straight_set)
    i.tim1_init                              0x08002ce4   Section        0  oc.o(i.tim1_init)
    i.tim_init                               0x08002db4   Section        0  maincycle.o(i.tim_init)
    tim_init                                 0x08002db5   Thumb Code    66  maincycle.o(i.tim_init)
    i.tim_init                               0x08002e00   Section        0  ic.o(i.tim_init)
    tim_init                                 0x08002e01   Thumb Code   118  ic.o(i.tim_init)
    i.trans_bt_R                             0x08002e80   Section        0  trans.o(i.trans_bt_R)
    i.trans_bt_T                             0x080031a8   Section        0  trans.o(i.trans_bt_T)
    i.trans_bt_init                          0x08003340   Section        0  trans.o(i.trans_bt_init)
    i.trans_others_R                         0x08003398   Section        0  trans.o(i.trans_others_R)
    i.trans_others_init                      0x080034fc   Section        0  trans.o(i.trans_others_init)
    i.uart_init                              0x0800354c   Section        0  uart.o(i.uart_init)
    i.uart_singletrans                       0x08003608   Section        0  uart.o(i.uart_singletrans)
    i.usart_init                             0x08003654   Section        0  uart.o(i.usart_init)
    usart_init                               0x08003655   Thumb Code    74  uart.o(i.usart_init)
    .data                                    0x20000000   Section       20  stm32f10x_rcc.o(.data)
    APBAHBPrescTable                         0x20000000   Data          16  stm32f10x_rcc.o(.data)
    ADCPrescTable                            0x20000010   Data           4  stm32f10x_rcc.o(.data)
    .data                                    0x20000014   Section        4  delay.o(.data)
    fac_us                                   0x20000014   Data           1  delay.o(.data)
    fac_ms                                   0x20000016   Data           2  delay.o(.data)
    .data                                    0x20000018   Section        4  maincycle.o(.data)
    TIM4_Period                              0x20000018   Data           2  maincycle.o(.data)
    TIM8_Counter                             0x2000001a   Data           2  maincycle.o(.data)
    .data                                    0x2000001c   Section        4  gpio.o(.data)
    i0                                       0x2000001c   Data           4  gpio.o(.data)
    .data                                    0x20000020   Section      208  uart.o(.data)
    USARTx                                   0x20000020   Data          20  uart.o(.data)
    RCC_APB1Periph_USARTx                    0x20000034   Data          20  uart.o(.data)
    RCC_APB2Periph_USARTx                    0x20000048   Data          20  uart.o(.data)
    GPIOx                                    0x2000005c   Data          20  uart.o(.data)
    RCC_APB2Periph_GPIOx                     0x20000070   Data          20  uart.o(.data)
    T_GPIO_Pin_x                             0x20000084   Data          20  uart.o(.data)
    R_GPIO_Pin_x                             0x20000098   Data          20  uart.o(.data)
    USARTx_IRQn                              0x200000ac   Data           5  uart.o(.data)
    RCC_AHBPeriph_DMAx                       0x200000b4   Data          20  uart.o(.data)
    T_DMA_Channel_x                          0x200000c8   Data          20  uart.o(.data)
    R_DMA_Channel_x                          0x200000dc   Data          20  uart.o(.data)
    .data                                    0x200000f0   Section       96  ic.o(.data)
    TIMx                                     0x200000f0   Data          16  ic.o(.data)
    RCC_APB1Periph_TIMx                      0x20000100   Data          16  ic.o(.data)
    GPIOx                                    0x20000110   Data          16  ic.o(.data)
    RCC_APB2Periph_GPIOx                     0x20000120   Data          16  ic.o(.data)
    A_GPIO_Pin_x                             0x20000130   Data          16  ic.o(.data)
    B_GPIO_Pin_x                             0x20000140   Data          16  ic.o(.data)
    .data                                    0x20000150   Section        8  pwm.o(.data)
    pwm1                                     0x20000150   Data           4  pwm.o(.data)
    pwm2                                     0x20000154   Data           4  pwm.o(.data)
    .data                                    0x20000158   Section      224  main.o(.data)
    cnt                                      0x20000158   Data           4  main.o(.data)
    rint1                                    0x2000015c   Data           4  main.o(.data)
    rint2                                    0x20000160   Data           4  main.o(.data)
    rint3                                    0x20000164   Data           4  main.o(.data)
    state                                    0x20000168   Data           1  main.o(.data)
    state_store                              0x20000169   Data           1  main.o(.data)
    state_cnt1                               0x2000016c   Data           4  main.o(.data)
    state_cnt2                               0x20000170   Data           4  main.o(.data)
    stop_button                              0x20000174   Data           1  main.o(.data)
    TEST__V_PID_ONLY_button                  0x20000175   Data           1  main.o(.data)
    move_button                              0x20000178   Data           4  main.o(.data)
    cntmax1                                  0x2000017c   Data           4  main.o(.data)
    sThr________MOVE_PRESTILL_STILL          0x20000180   Data           4  main.o(.data)
    angleDMax___MOVE_to_STILL                0x20000184   Data           4  main.o(.data)
    sDMax_______MOVE_to_STILL                0x20000188   Data           4  main.o(.data)
    cntmax______PRESTILL_to_STILL            0x2000018c   Data           4  main.o(.data)
    sDMin_______STILL_to_MOVE                0x20000190   Data           4  main.o(.data)
    v______P                                 0x20000194   Data           4  main.o(.data)
    v______I                                 0x20000198   Data           4  main.o(.data)
    v______D                                 0x2000019c   Data           4  main.o(.data)
    v1_____a                                 0x200001a0   Data           4  main.o(.data)
    v2_____a                                 0x200001a4   Data           4  main.o(.data)
    v1                                       0x200001a8   Data           4  main.o(.data)
    v2                                       0x200001ac   Data           4  main.o(.data)
    pwm1                                     0x200001b0   Data           4  main.o(.data)
    pwm2                                     0x200001b4   Data           4  main.o(.data)
    pwm_max                                  0x200001b8   Data           4  main.o(.data)
    angle__P                                 0x200001bc   Data           4  main.o(.data)
    angle__I                                 0x200001c0   Data           4  main.o(.data)
    angle__D                                 0x200001c4   Data           4  main.o(.data)
    angle__a                                 0x200001c8   Data           4  main.o(.data)
    average_filter_num                       0x200001cc   Data           4  main.o(.data)
    angle                                    0x200001d0   Data           4  main.o(.data)
    vd_____a                                 0x200001d4   Data           4  main.o(.data)
    vd_____a_max                             0x200001d8   Data           4  main.o(.data)
    s______P                                 0x200001dc   Data           4  main.o(.data)
    s______I                                 0x200001e0   Data           4  main.o(.data)
    s______D                                 0x200001e4   Data           4  main.o(.data)
    s______a                                 0x200001e8   Data           4  main.o(.data)
    sInt                                     0x200001ec   Data          40  main.o(.data)
    s                                        0x20000214   Data           4  main.o(.data)
    vc_____a                                 0x20000218   Data           4  main.o(.data)
    vc_____a_max                             0x2000021c   Data           4  main.o(.data)
    vselfc_a                                 0x20000220   Data           4  main.o(.data)
    vselfd_a                                 0x20000224   Data           4  main.o(.data)
    v1_____a__temp                           0x20000228   Data           4  main.o(.data)
    v2_____a__temp                           0x2000022c   Data           4  main.o(.data)
    v______a__peradd                         0x20000230   Data           4  main.o(.data)
    first                                    0x20000234   Data           4  main.o(.data)
    .data                                    0x20000238   Section       20  system_stm32f10x.o(.data)
    .data                                    0x2000024c   Section        4  stdout.o(.data)
    .bss                                     0x20000250   Section     1140  uart.o(.bss)
    GPIO_Remap_USARTx                        0x20000250   Data          20  uart.o(.bss)
    rx_pre                                   0x20000264   Data        1000  uart.o(.bss)
    bauds                                    0x2000064c   Data          20  uart.o(.bss)
    tx_ptrs                                  0x20000660   Data          20  uart.o(.bss)
    tx_lens                                  0x20000674   Data          20  uart.o(.bss)
    rx_ptrs                                  0x20000688   Data          20  uart.o(.bss)
    rx_lens                                  0x2000069c   Data          20  uart.o(.bss)
    rx_flags                                 0x200006b0   Data          20  uart.o(.bss)
    .bss                                     0x200006c4   Section     1540  trans.o(.bss)
    trans_bt_Tbuff                           0x200006c4   Data         512  trans.o(.bss)
    trans_bt_Rbuff                           0x200008c4   Data         512  trans.o(.bss)
    trans_bt_Rflag                           0x20000ac4   Data          16  trans.o(.bss)
    trans_mpu_Rbuff                          0x20000c8c   Data          44  trans.o(.bss)
    trans_mpu_Rflag                          0x20000cb8   Data          16  trans.o(.bss)
    .bss                                     0x20000cc8   Section      152  main.o(.bss)
    angleInt                                 0x20000d38   Data          40  main.o(.bss)
    STACK                                    0x20000d60   Section     1024  startup_stm32f10x_md.o(STACK)

    Global Symbols

    Symbol Name                              Value     Ov Type        Size  Object(Section)

    BuildAttributes$$THM_ISAv4$P$D$K$B$S$PE$A:L22UL41UL21$X:L11$S22US41US21$IEEE1$IW$USESV6$~STKCKD$USESV7$~SHL$OTIME$ROPI$IEEEX$EBA8$MICROLIB$REQ8$PRES8$EABIv2 0x00000000   Number         0  anon$$obj.o ABSOLUTE
    __ARM_use_no_argv                        0x00000000   Number         0  main.o ABSOLUTE
    _printf_a                                0x00000000   Number         0  stubs.o ABSOLUTE
    _printf_c                                0x00000000   Number         0  stubs.o ABSOLUTE
    _printf_charcount                        0x00000000   Number         0  stubs.o ABSOLUTE
    _printf_d                                0x00000000   Number         0  stubs.o ABSOLUTE
    _printf_e                                0x00000000   Number         0  stubs.o ABSOLUTE
    _printf_f                                0x00000000   Number         0  stubs.o ABSOLUTE
    _printf_flags                            0x00000000   Number         0  stubs.o ABSOLUTE
    _printf_fp_dec                           0x00000000   Number         0  stubs.o ABSOLUTE
    _printf_fp_hex                           0x00000000   Number         0  stubs.o ABSOLUTE
    _printf_g                                0x00000000   Number         0  stubs.o ABSOLUTE
    _printf_i                                0x00000000   Number         0  stubs.o ABSOLUTE
    _printf_int_dec                          0x00000000   Number         0  stubs.o ABSOLUTE
    _printf_l                                0x00000000   Number         0  stubs.o ABSOLUTE
    _printf_lc                               0x00000000   Number         0  stubs.o ABSOLUTE
    _printf_ll                               0x00000000   Number         0  stubs.o ABSOLUTE
    _printf_lld                              0x00000000   Number         0  stubs.o ABSOLUTE
    _printf_lli                              0x00000000   Number         0  stubs.o ABSOLUTE
    _printf_llo                              0x00000000   Number         0  stubs.o ABSOLUTE
    _printf_llu                              0x00000000   Number         0  stubs.o ABSOLUTE
    _printf_llx                              0x00000000   Number         0  stubs.o ABSOLUTE
    _printf_longlong_dec                     0x00000000   Number         0  stubs.o ABSOLUTE
    _printf_longlong_hex                     0x00000000   Number         0  stubs.o ABSOLUTE
    _printf_longlong_oct                     0x00000000   Number         0  stubs.o ABSOLUTE
    _printf_ls                               0x00000000   Number         0  stubs.o ABSOLUTE
    _printf_mbtowc                           0x00000000   Number         0  stubs.o ABSOLUTE
    _printf_n                                0x00000000   Number         0  stubs.o ABSOLUTE
    _printf_o                                0x00000000   Number         0  stubs.o ABSOLUTE
    _printf_p                                0x00000000   Number         0  stubs.o ABSOLUTE
    _printf_percent                          0x00000000   Number         0  stubs.o ABSOLUTE
    _printf_pre_padding                      0x00000000   Number         0  stubs.o ABSOLUTE
    _printf_return_value                     0x00000000   Number         0  stubs.o ABSOLUTE
    _printf_s                                0x00000000   Number         0  stubs.o ABSOLUTE
    _printf_sizespec                         0x00000000   Number         0  stubs.o ABSOLUTE
    _printf_str                              0x00000000   Number         0  stubs.o ABSOLUTE
    _printf_truncate_signed                  0x00000000   Number         0  stubs.o ABSOLUTE
    _printf_truncate_unsigned                0x00000000   Number         0  stubs.o ABSOLUTE
    _printf_u                                0x00000000   Number         0  stubs.o ABSOLUTE
    _printf_wc                               0x00000000   Number         0  stubs.o ABSOLUTE
    _printf_wctomb                           0x00000000   Number         0  stubs.o ABSOLUTE
    _printf_widthprec                        0x00000000   Number         0  stubs.o ABSOLUTE
    _printf_x                                0x00000000   Number         0  stubs.o ABSOLUTE
    __arm_fini_                               - Undefined Weak Reference
    __cpp_initialize__aeabi_                  - Undefined Weak Reference
    __cxa_finalize                            - Undefined Weak Reference
    _clock_init                               - Undefined Weak Reference
    _microlib_exit                            - Undefined Weak Reference
    __Vectors_Size                           0x000000ec   Number         0  startup_stm32f10x_md.o ABSOLUTE
    __Vectors                                0x08000000   Data           4  startup_stm32f10x_md.o(RESET)
    __Vectors_End                            0x080000ec   Data           0  startup_stm32f10x_md.o(RESET)
    __main                                   0x080000ed   Thumb Code     0  entry.o(.ARM.Collect$$$$00000000)
    _main_stk                                0x080000ed   Thumb Code     0  entry2.o(.ARM.Collect$$$$00000001)
    _main_scatterload                        0x080000f1   Thumb Code     0  entry5.o(.ARM.Collect$$$$00000004)
    __main_after_scatterload                 0x080000f5   Thumb Code     0  entry5.o(.ARM.Collect$$$$00000004)
    _main_clock                              0x080000f5   Thumb Code     0  entry7b.o(.ARM.Collect$$$$00000008)
    _main_cpp_init                           0x080000f5   Thumb Code     0  entry8b.o(.ARM.Collect$$$$0000000A)
    _main_init                               0x080000f5   Thumb Code     0  entry9a.o(.ARM.Collect$$$$0000000B)
    __rt_lib_shutdown_fini                   0x080000fd   Thumb Code     0  entry12b.o(.ARM.Collect$$$$0000000E)
    __rt_final_cpp                           0x08000101   Thumb Code     0  entry10a.o(.ARM.Collect$$$$0000000F)
    __rt_final_exit                          0x08000101   Thumb Code     0  entry11a.o(.ARM.Collect$$$$00000011)
    Reset_Handler                            0x08000105   Thumb Code     8  startup_stm32f10x_md.o(.text)
    ADC1_2_IRQHandler                        0x0800011f   Thumb Code     0  startup_stm32f10x_md.o(.text)
    CAN1_RX1_IRQHandler                      0x0800011f   Thumb Code     0  startup_stm32f10x_md.o(.text)
    CAN1_SCE_IRQHandler                      0x0800011f   Thumb Code     0  startup_stm32f10x_md.o(.text)
    DMA1_Channel1_IRQHandler                 0x0800011f   Thumb Code     0  startup_stm32f10x_md.o(.text)
    DMA1_Channel2_IRQHandler                 0x0800011f   Thumb Code     0  startup_stm32f10x_md.o(.text)
    DMA1_Channel3_IRQHandler                 0x0800011f   Thumb Code     0  startup_stm32f10x_md.o(.text)
    DMA1_Channel4_IRQHandler                 0x0800011f   Thumb Code     0  startup_stm32f10x_md.o(.text)
    DMA1_Channel5_IRQHandler                 0x0800011f   Thumb Code     0  startup_stm32f10x_md.o(.text)
    DMA1_Channel6_IRQHandler                 0x0800011f   Thumb Code     0  startup_stm32f10x_md.o(.text)
    DMA1_Channel7_IRQHandler                 0x0800011f   Thumb Code     0  startup_stm32f10x_md.o(.text)
    FLASH_IRQHandler                         0x0800011f   Thumb Code     0  startup_stm32f10x_md.o(.text)
    I2C1_ER_IRQHandler                       0x0800011f   Thumb Code     0  startup_stm32f10x_md.o(.text)
    I2C1_EV_IRQHandler                       0x0800011f   Thumb Code     0  startup_stm32f10x_md.o(.text)
    I2C2_ER_IRQHandler                       0x0800011f   Thumb Code     0  startup_stm32f10x_md.o(.text)
    I2C2_EV_IRQHandler                       0x0800011f   Thumb Code     0  startup_stm32f10x_md.o(.text)
    PVD_IRQHandler                           0x0800011f   Thumb Code     0  startup_stm32f10x_md.o(.text)
    RCC_IRQHandler                           0x0800011f   Thumb Code     0  startup_stm32f10x_md.o(.text)
    RTCAlarm_IRQHandler                      0x0800011f   Thumb Code     0  startup_stm32f10x_md.o(.text)
    RTC_IRQHandler                           0x0800011f   Thumb Code     0  startup_stm32f10x_md.o(.text)
    SPI1_IRQHandler                          0x0800011f   Thumb Code     0  startup_stm32f10x_md.o(.text)
    SPI2_IRQHandler                          0x0800011f   Thumb Code     0  startup_stm32f10x_md.o(.text)
    TAMPER_IRQHandler                        0x0800011f   Thumb Code     0  startup_stm32f10x_md.o(.text)
    TIM1_BRK_IRQHandler                      0x0800011f   Thumb Code     0  startup_stm32f10x_md.o(.text)
    TIM1_CC_IRQHandler                       0x0800011f   Thumb Code     0  startup_stm32f10x_md.o(.text)
    TIM1_TRG_COM_IRQHandler                  0x0800011f   Thumb Code     0  startup_stm32f10x_md.o(.text)
    TIM1_UP_IRQHandler                       0x0800011f   Thumb Code     0  startup_stm32f10x_md.o(.text)
    TIM2_IRQHandler                          0x0800011f   Thumb Code     0  startup_stm32f10x_md.o(.text)
    TIM3_IRQHandler                          0x0800011f   Thumb Code     0  startup_stm32f10x_md.o(.text)
    USBWakeUp_IRQHandler                     0x0800011f   Thumb Code     0  startup_stm32f10x_md.o(.text)
    USB_HP_CAN1_TX_IRQHandler                0x0800011f   Thumb Code     0  startup_stm32f10x_md.o(.text)
    USB_LP_CAN1_RX0_IRQHandler               0x0800011f   Thumb Code     0  startup_stm32f10x_md.o(.text)
    WWDG_IRQHandler                          0x0800011f   Thumb Code     0  startup_stm32f10x_md.o(.text)
    __aeabi_memset                           0x08000129   Thumb Code    14  memseta.o(.text)
    __aeabi_memset4                          0x08000129   Thumb Code     0  memseta.o(.text)
    __aeabi_memset8                          0x08000129   Thumb Code     0  memseta.o(.text)
    __aeabi_memclr                           0x08000137   Thumb Code     4  memseta.o(.text)
    __aeabi_memclr4                          0x08000137   Thumb Code     0  memseta.o(.text)
    __aeabi_memclr8                          0x08000137   Thumb Code     0  memseta.o(.text)
    _memset$wrapper                          0x0800013b   Thumb Code    18  memseta.o(.text)
    __aeabi_fadd                             0x0800014d   Thumb Code   164  fadd.o(.text)
    __aeabi_fsub                             0x080001f1   Thumb Code     6  fadd.o(.text)
    __aeabi_frsub                            0x080001f7   Thumb Code     6  fadd.o(.text)
    __aeabi_fmul                             0x080001fd   Thumb Code   100  fmul.o(.text)
    __aeabi_fdiv                             0x08000261   Thumb Code   124  fdiv.o(.text)
    __aeabi_dmul                             0x080002dd   Thumb Code   228  dmul.o(.text)
    __aeabi_ddiv                             0x080003c1   Thumb Code   222  ddiv.o(.text)
    __aeabi_i2f                              0x0800049f   Thumb Code    18  fflti.o(.text)
    __aeabi_ui2f                             0x080004b1   Thumb Code    10  ffltui.o(.text)
    __aeabi_i2d                              0x080004bb   Thumb Code    34  dflti.o(.text)
    __aeabi_ui2d                             0x080004dd   Thumb Code    26  dfltui.o(.text)
    __aeabi_f2uiz                            0x080004f7   Thumb Code    40  ffixui.o(.text)
    __aeabi_d2f                              0x0800051f   Thumb Code    56  d2f.o(.text)
    __aeabi_cfcmpeq                          0x08000559   Thumb Code     0  cfcmple.o(.text)
    __aeabi_cfcmple                          0x08000559   Thumb Code    20  cfcmple.o(.text)
    __aeabi_cfrcmple                         0x0800056d   Thumb Code    20  cfrcmple.o(.text)
    __aeabi_uidiv                            0x08000581   Thumb Code     0  uidiv.o(.text)
    __aeabi_uidivmod                         0x08000581   Thumb Code    44  uidiv.o(.text)
    __aeabi_llsl                             0x080005ad   Thumb Code    30  llshl.o(.text)
    _ll_shift_l                              0x080005ad   Thumb Code     0  llshl.o(.text)
    __I$use$fp                               0x080005cb   Thumb Code     0  iusefp.o(.text)
    _float_round                             0x080005cb   Thumb Code    18  fepilogue.o(.text)
    _float_epilogue                          0x080005dd   Thumb Code    92  fepilogue.o(.text)
    _double_round                            0x08000639   Thumb Code    30  depilogue.o(.text)
    _double_epilogue                         0x08000657   Thumb Code   156  depilogue.o(.text)
    __scatterload                            0x080006f5   Thumb Code    28  init.o(.text)
    __scatterload_rt2                        0x080006f5   Thumb Code     0  init.o(.text)
    __aeabi_llsr                             0x08000719   Thumb Code    32  llushr.o(.text)
    _ll_ushift_r                             0x08000719   Thumb Code     0  llushr.o(.text)
    __decompress                             0x08000739   Thumb Code     0  __dczerorl2.o(.text)
    __decompress1                            0x08000739   Thumb Code    86  __dczerorl2.o(.text)
    BusFault_Handler                         0x0800078f   Thumb Code     4  stm32f10x_it.o(i.BusFault_Handler)
    CPUoccupationRate_Calculatefinish        0x08000795   Thumb Code    68  maincycle.o(i.CPUoccupationRate_Calculatefinish)
    CPUoccupationRate_Calculatestart         0x080007e9   Thumb Code    14  maincycle.o(i.CPUoccupationRate_Calculatestart)
    DMA_Cmd                                  0x08000801   Thumb Code    24  stm32f10x_dma.o(i.DMA_Cmd)
    DMA_GetCurrDataCounter                   0x08000819   Thumb Code     8  stm32f10x_dma.o(i.DMA_GetCurrDataCounter)
    DMA_Init                                 0x08000821   Thumb Code    60  stm32f10x_dma.o(i.DMA_Init)
    DMA_SetCurrDataCounter                   0x0800085d   Thumb Code     4  stm32f10x_dma.o(i.DMA_SetCurrDataCounter)
    DebugMon_Handler                         0x08000861   Thumb Code     2  stm32f10x_it.o(i.DebugMon_Handler)
    EXTI0_IRQHandler                         0x08000865   Thumb Code    16  gpio.o(i.EXTI0_IRQHandler)
    EXTI15_10_IRQHandler                     0x0800087d   Thumb Code    16  gpio.o(i.EXTI15_10_IRQHandler)
    EXTI1_IRQHandler                         0x08000895   Thumb Code    16  gpio.o(i.EXTI1_IRQHandler)
    EXTI2_IRQHandler                         0x080008ad   Thumb Code    16  gpio.o(i.EXTI2_IRQHandler)
    EXTI3_IRQHandler                         0x080008c5   Thumb Code    16  gpio.o(i.EXTI3_IRQHandler)
    EXTI4_IRQHandler                         0x080008dd   Thumb Code    16  gpio.o(i.EXTI4_IRQHandler)
    EXTI9_5_IRQHandler                       0x080008f5   Thumb Code    16  gpio.o(i.EXTI9_5_IRQHandler)
    EXTI_ClearITPendingBit                   0x0800090d   Thumb Code     6  stm32f10x_exti.o(i.EXTI_ClearITPendingBit)
    GPIO_Init                                0x08000919   Thumb Code   278  stm32f10x_gpio.o(i.GPIO_Init)
    GPIO_PinRemapConfig                      0x08000a31   Thumb Code   138  stm32f10x_gpio.o(i.GPIO_PinRemapConfig)
    GPIO_StructInit                          0x08000ac1   Thumb Code    16  stm32f10x_gpio.o(i.GPIO_StructInit)
    HardFault_Handler                        0x08000ad1   Thumb Code     4  stm32f10x_it.o(i.HardFault_Handler)
    MemManage_Handler                        0x08000ad5   Thumb Code     4  stm32f10x_it.o(i.MemManage_Handler)
    NMI_Handler                              0x08000ad9   Thumb Code     2  stm32f10x_it.o(i.NMI_Handler)
    NVIC_Init                                0x08000add   Thumb Code   100  misc.o(i.NVIC_Init)
    NVIC_PriorityGroupConfig                 0x08000b4d   Thumb Code    10  misc.o(i.NVIC_PriorityGroupConfig)
    PID_calc1                                0x08000b61   Thumb Code   128  pid.o(i.PID_calc1)
    PID_calc2                                0x08000be1   Thumb Code   148  pid.o(i.PID_calc2)
    PID_init                                 0x08000c75   Thumb Code    28  pid.o(i.PID_init)
    PendSV_Handler                           0x08000c91   Thumb Code     2  stm32f10x_it.o(i.PendSV_Handler)
    RCC_AHBPeriphClockCmd                    0x08000c95   Thumb Code    26  stm32f10x_rcc.o(i.RCC_AHBPeriphClockCmd)
    RCC_APB1PeriphClockCmd                   0x08000cb5   Thumb Code    26  stm32f10x_rcc.o(i.RCC_APB1PeriphClockCmd)
    RCC_APB2PeriphClockCmd                   0x08000cd5   Thumb Code    26  stm32f10x_rcc.o(i.RCC_APB2PeriphClockCmd)
    RCC_GetClocksFreq                        0x08000cf5   Thumb Code   192  stm32f10x_rcc.o(i.RCC_GetClocksFreq)
    SVC_Handler                              0x08000dc9   Thumb Code     2  stm32f10x_it.o(i.SVC_Handler)
    SysTick_CLKSourceConfig                  0x08000eb5   Thumb Code    40  misc.o(i.SysTick_CLKSourceConfig)
    SysTick_Handler                          0x08000edd   Thumb Code     2  stm32f10x_it.o(i.SysTick_Handler)
    SystemInit                               0x08000ee1   Thumb Code    78  system_stm32f10x.o(i.SystemInit)
    TIM4_IRQHandler                          0x08001181   Thumb Code  2914  main.o(i.TIM4_IRQHandler)
    TIM_ARRPreloadConfig                     0x08001d71   Thumb Code    24  stm32f10x_tim.o(i.TIM_ARRPreloadConfig)
    TIM_ClearITPendingBit                    0x08001d89   Thumb Code     6  stm32f10x_tim.o(i.TIM_ClearITPendingBit)
    TIM_Cmd                                  0x08001d8f   Thumb Code    24  stm32f10x_tim.o(i.TIM_Cmd)
    TIM_CtrlPWMOutputs                       0x08001da7   Thumb Code    30  stm32f10x_tim.o(i.TIM_CtrlPWMOutputs)
    TIM_EncoderInterfaceConfig               0x08001dc5   Thumb Code    66  stm32f10x_tim.o(i.TIM_EncoderInterfaceConfig)
    TIM_GetCounter                           0x08001e07   Thumb Code     6  stm32f10x_tim.o(i.TIM_GetCounter)
    TIM_ICInit                               0x08001e0d   Thumb Code   150  stm32f10x_tim.o(i.TIM_ICInit)
    TIM_ICStructInit                         0x08001eb9   Thumb Code    18  stm32f10x_tim.o(i.TIM_ICStructInit)
    TIM_ITConfig                             0x08001ecb   Thumb Code    18  stm32f10x_tim.o(i.TIM_ITConfig)
    TIM_OC1Init                              0x08001edd   Thumb Code   132  stm32f10x_tim.o(i.TIM_OC1Init)
    TIM_OC1PreloadConfig                     0x08001f75   Thumb Code    18  stm32f10x_tim.o(i.TIM_OC1PreloadConfig)
    TIM_OC2Init                              0x08001f89   Thumb Code   154  stm32f10x_tim.o(i.TIM_OC2Init)
    TIM_OC3Init                              0x0800202d   Thumb Code   150  stm32f10x_tim.o(i.TIM_OC3Init)
    TIM_OC4Init                              0x080020cd   Thumb Code   114  stm32f10x_tim.o(i.TIM_OC4Init)
    TIM_OC4PreloadConfig                     0x08002149   Thumb Code    26  stm32f10x_tim.o(i.TIM_OC4PreloadConfig)
    TIM_SetCompare1                          0x08002163   Thumb Code     4  stm32f10x_tim.o(i.TIM_SetCompare1)
    TIM_SetCompare4                          0x08002167   Thumb Code     6  stm32f10x_tim.o(i.TIM_SetCompare4)
    TIM_SetCounter                           0x0800216d   Thumb Code     4  stm32f10x_tim.o(i.TIM_SetCounter)
    TIM_SetIC1Prescaler                      0x08002171   Thumb Code    18  stm32f10x_tim.o(i.TIM_SetIC1Prescaler)
    TIM_SetIC2Prescaler                      0x08002183   Thumb Code    26  stm32f10x_tim.o(i.TIM_SetIC2Prescaler)
    TIM_SetIC3Prescaler                      0x0800219d   Thumb Code    18  stm32f10x_tim.o(i.TIM_SetIC3Prescaler)
    TIM_SetIC4Prescaler                      0x080021af   Thumb Code    26  stm32f10x_tim.o(i.TIM_SetIC4Prescaler)
    TIM_TimeBaseInit                         0x080021c9   Thumb Code   122  stm32f10x_tim.o(i.TIM_TimeBaseInit)
    TIM_TimeBaseStructInit                   0x0800226d   Thumb Code    18  stm32f10x_tim.o(i.TIM_TimeBaseStructInit)
    USART1_IRQHandler                        0x0800227f   Thumb Code    10  uart.o(i.USART1_IRQHandler)
    USART2_IRQHandler                        0x08002289   Thumb Code    10  uart.o(i.USART2_IRQHandler)
    USART3_IRQHandler                        0x08002293   Thumb Code    10  uart.o(i.USART3_IRQHandler)
    USART_ClearITPendingBit                  0x0800229d   Thumb Code    30  stm32f10x_usart.o(i.USART_ClearITPendingBit)
    USART_Cmd                                0x080022bb   Thumb Code    24  stm32f10x_usart.o(i.USART_Cmd)
    USART_DMACmd                             0x080022d3   Thumb Code    18  stm32f10x_usart.o(i.USART_DMACmd)
    USART_GetFlagStatus                      0x080022e5   Thumb Code    26  stm32f10x_usart.o(i.USART_GetFlagStatus)
    USART_GetITStatus                        0x080022ff   Thumb Code    84  stm32f10x_usart.o(i.USART_GetITStatus)
    USART_ITConfig                           0x08002353   Thumb Code    74  stm32f10x_usart.o(i.USART_ITConfig)
    USART_Init                               0x0800239d   Thumb Code   210  stm32f10x_usart.o(i.USART_Init)
    USART_ReceiveData                        0x08002475   Thumb Code    10  stm32f10x_usart.o(i.USART_ReceiveData)
    USART_SendData                           0x0800247f   Thumb Code     8  stm32f10x_usart.o(i.USART_SendData)
    UsageFault_Handler                       0x08002541   Thumb Code     4  stm32f10x_it.o(i.UsageFault_Handler)
    __0printf$1                              0x08002545   Thumb Code    22  printf1.o(i.__0printf$1)
    __1printf$1                              0x08002545   Thumb Code     0  printf1.o(i.__0printf$1)
    __2printf                                0x08002545   Thumb Code     0  printf1.o(i.__0printf$1)
    __scatterload_copy                       0x08002565   Thumb Code    14  handlers.o(i.__scatterload_copy)
    __scatterload_null                       0x08002573   Thumb Code     2  handlers.o(i.__scatterload_null)
    __scatterload_zeroinit                   0x08002575   Thumb Code    14  handlers.o(i.__scatterload_zeroinit)
    delay_init                               0x080026d9   Thumb Code    50  delay.o(i.delay_init)
    fputc                                    0x08002805   Thumb Code    32  uart.o(i.fputc)
    ic_getdata                               0x080028f1   Thumb Code    36  ic.o(i.ic_getdata)
    ic_init                                  0x08002919   Thumb Code    32  ic.o(i.ic_init)
    main                                     0x0800293d   Thumb Code   148  main.o(i.main)
    maincycle_ms_init                        0x080029e5   Thumb Code    34  maincycle.o(i.maincycle_ms_init)
    pwm_init                                 0x08002a55   Thumb Code    46  oc.o(i.pwm_init)
    straight_add                             0x08002a89   Thumb Code   272  pwm.o(i.straight_add)
    straight_read                            0x08002bb5   Thumb Code    14  pwm.o(i.straight_read)
    straight_set                             0x08002bcd   Thumb Code   252  pwm.o(i.straight_set)
    tim1_init                                0x08002ce5   Thumb Code   200  oc.o(i.tim1_init)
    trans_bt_R                               0x08002e81   Thumb Code   798  trans.o(i.trans_bt_R)
    trans_bt_T                               0x080031a9   Thumb Code   402  trans.o(i.trans_bt_T)
    trans_bt_init                            0x08003341   Thumb Code    74  trans.o(i.trans_bt_init)
    trans_others_R                           0x08003399   Thumb Code   348  trans.o(i.trans_others_R)
    trans_others_init                        0x080034fd   Thumb Code    66  trans.o(i.trans_others_init)
    uart_init                                0x0800354d   Thumb Code   150  uart.o(i.uart_init)
    uart_singletrans                         0x08003609   Thumb Code    66  uart.o(i.uart_singletrans)
    Region$$Table$$Base                      0x080036b0   Number         0  anon$$obj.o(Region$$Table)
    Region$$Table$$Limit                     0x080036d0   Number         0  anon$$obj.o(Region$$Table)
    SystemCoreClock                          0x20000238   Data           4  system_stm32f10x.o(.data)
    AHBPrescTable                            0x2000023c   Data          16  system_stm32f10x.o(.data)
    __stdout                                 0x2000024c   Data           4  stdout.o(.data)
    trans_others_Tbuff                       0x20000ad4   Data         208  trans.o(.bss)
    trans_others_TFlag                       0x20000ba4   Data          16  trans.o(.bss)
    trans_others_Rbuff                       0x20000bb4   Data         200  trans.o(.bss)
    trans_others_RFlag                       0x20000c7c   Data          16  trans.o(.bss)
    v1_____pid                               0x20000cc8   Data          28  main.o(.bss)
    v2_____pid                               0x20000ce4   Data          28  main.o(.bss)
    angle__pid                               0x20000d00   Data          28  main.o(.bss)
    s______pid                               0x20000d1c   Data          28  main.o(.bss)
    __initial_sp                             0x20001160   Data           0  startup_stm32f10x_md.o(STACK)



==============================================================================

Memory Map of the image

  Image Entry point : 0x080000ed

  Load Region LR_IROM1 (Base: 0x08000000, Size: 0x00003920, Max: 0x00010000, ABSOLUTE, COMPRESSED[0x00003770])

    Execution Region ER_IROM1 (Exec base: 0x08000000, Load base: 0x08000000, Size: 0x000036d0, Max: 0x00010000, ABSOLUTE)

    Exec Addr    Load Addr    Size         Type   Attr      Idx    E Section Name        Object

    0x08000000   0x08000000   0x000000ec   Data   RO           19    RESET               startup_stm32f10x_md.o
    0x080000ec   0x080000ec   0x00000000   Code   RO         4461  * .ARM.Collect$$$$00000000  mc_w.l(entry.o)
    0x080000ec   0x080000ec   0x00000004   Code   RO         4800    .ARM.Collect$$$$00000001  mc_w.l(entry2.o)
    0x080000f0   0x080000f0   0x00000004   Code   RO         4803    .ARM.Collect$$$$00000004  mc_w.l(entry5.o)
    0x080000f4   0x080000f4   0x00000000   Code   RO         4805    .ARM.Collect$$$$00000008  mc_w.l(entry7b.o)
    0x080000f4   0x080000f4   0x00000000   Code   RO         4807    .ARM.Collect$$$$0000000A  mc_w.l(entry8b.o)
    0x080000f4   0x080000f4   0x00000008   Code   RO         4808    .ARM.Collect$$$$0000000B  mc_w.l(entry9a.o)
    0x080000fc   0x080000fc   0x00000004   Code   RO         4815    .ARM.Collect$$$$0000000E  mc_w.l(entry12b.o)
    0x08000100   0x08000100   0x00000000   Code   RO         4810    .ARM.Collect$$$$0000000F  mc_w.l(entry10a.o)
    0x08000100   0x08000100   0x00000000   Code   RO         4812    .ARM.Collect$$$$00000011  mc_w.l(entry11a.o)
    0x08000100   0x08000100   0x00000004   Code   RO         4801    .ARM.Collect$$$$00002712  mc_w.l(entry2.o)
    0x08000104   0x08000104   0x00000024   Code   RO           20    .text               startup_stm32f10x_md.o
    0x08000128   0x08000128   0x00000024   Code   RO         4466    .text               mc_w.l(memseta.o)
    0x0800014c   0x0800014c   0x000000b0   Code   RO         4731    .text               mf_w.l(fadd.o)
    0x080001fc   0x080001fc   0x00000064   Code   RO         4733    .text               mf_w.l(fmul.o)
    0x08000260   0x08000260   0x0000007c   Code   RO         4735    .text               mf_w.l(fdiv.o)
    0x080002dc   0x080002dc   0x000000e4   Code   RO         4739    .text               mf_w.l(dmul.o)
    0x080003c0   0x080003c0   0x000000de   Code   RO         4741    .text               mf_w.l(ddiv.o)
    0x0800049e   0x0800049e   0x00000012   Code   RO         4743    .text               mf_w.l(fflti.o)
    0x080004b0   0x080004b0   0x0000000a   Code   RO         4745    .text               mf_w.l(ffltui.o)
    0x080004ba   0x080004ba   0x00000022   Code   RO         4747    .text               mf_w.l(dflti.o)
    0x080004dc   0x080004dc   0x0000001a   Code   RO         4749    .text               mf_w.l(dfltui.o)
    0x080004f6   0x080004f6   0x00000028   Code   RO         4753    .text               mf_w.l(ffixui.o)
    0x0800051e   0x0800051e   0x00000038   Code   RO         4757    .text               mf_w.l(d2f.o)
    0x08000556   0x08000556   0x00000002   PAD
    0x08000558   0x08000558   0x00000014   Code   RO         4759    .text               mf_w.l(cfcmple.o)
    0x0800056c   0x0800056c   0x00000014   Code   RO         4761    .text               mf_w.l(cfrcmple.o)
    0x08000580   0x08000580   0x0000002c   Code   RO         4817    .text               mc_w.l(uidiv.o)
    0x080005ac   0x080005ac   0x0000001e   Code   RO         4821    .text               mc_w.l(llshl.o)
    0x080005ca   0x080005ca   0x00000000   Code   RO         4832    .text               mc_w.l(iusefp.o)
    0x080005ca   0x080005ca   0x0000006e   Code   RO         4833    .text               mf_w.l(fepilogue.o)
    0x08000638   0x08000638   0x000000ba   Code   RO         4835    .text               mf_w.l(depilogue.o)
    0x080006f2   0x080006f2   0x00000002   PAD
    0x080006f4   0x080006f4   0x00000024   Code   RO         4845    .text               mc_w.l(init.o)
    0x08000718   0x08000718   0x00000020   Code   RO         4847    .text               mc_w.l(llushr.o)
    0x08000738   0x08000738   0x00000056   Code   RO         4859    .text               mc_w.l(__dczerorl2.o)
    0x0800078e   0x0800078e   0x00000004   Code   RO         3604    i.BusFault_Handler  stm32f10x_it.o
    0x08000792   0x08000792   0x00000002   PAD
    0x08000794   0x08000794   0x00000054   Code   RO         3161    i.CPUoccupationRate_Calculatefinish  maincycle.o
    0x080007e8   0x080007e8   0x00000018   Code   RO         3162    i.CPUoccupationRate_Calculatestart  maincycle.o
    0x08000800   0x08000800   0x00000018   Code   RO          834    i.DMA_Cmd           stm32f10x_dma.o
    0x08000818   0x08000818   0x00000008   Code   RO          836    i.DMA_GetCurrDataCounter  stm32f10x_dma.o
    0x08000820   0x08000820   0x0000003c   Code   RO          840    i.DMA_Init          stm32f10x_dma.o
    0x0800085c   0x0800085c   0x00000004   Code   RO          841    i.DMA_SetCurrDataCounter  stm32f10x_dma.o
    0x08000860   0x08000860   0x00000002   Code   RO         3605    i.DebugMon_Handler  stm32f10x_it.o
    0x08000862   0x08000862   0x00000002   PAD
    0x08000864   0x08000864   0x00000018   Code   RO         3200    i.EXTI0_IRQHandler  gpio.o
    0x0800087c   0x0800087c   0x00000018   Code   RO         3201    i.EXTI15_10_IRQHandler  gpio.o
    0x08000894   0x08000894   0x00000018   Code   RO         3202    i.EXTI1_IRQHandler  gpio.o
    0x080008ac   0x080008ac   0x00000018   Code   RO         3203    i.EXTI2_IRQHandler  gpio.o
    0x080008c4   0x080008c4   0x00000018   Code   RO         3204    i.EXTI3_IRQHandler  gpio.o
    0x080008dc   0x080008dc   0x00000018   Code   RO         3205    i.EXTI4_IRQHandler  gpio.o
    0x080008f4   0x080008f4   0x00000018   Code   RO         3206    i.EXTI9_5_IRQHandler  gpio.o
    0x0800090c   0x0800090c   0x0000000c   Code   RO          905    i.EXTI_ClearITPendingBit  stm32f10x_exti.o
    0x08000918   0x08000918   0x00000116   Code   RO         1258    i.GPIO_Init         stm32f10x_gpio.o
    0x08000a2e   0x08000a2e   0x00000002   PAD
    0x08000a30   0x08000a30   0x00000090   Code   RO         1260    i.GPIO_PinRemapConfig  stm32f10x_gpio.o
    0x08000ac0   0x08000ac0   0x00000010   Code   RO         1267    i.GPIO_StructInit   stm32f10x_gpio.o
    0x08000ad0   0x08000ad0   0x00000004   Code   RO         3606    i.HardFault_Handler  stm32f10x_it.o
    0x08000ad4   0x08000ad4   0x00000004   Code   RO         3607    i.MemManage_Handler  stm32f10x_it.o
    0x08000ad8   0x08000ad8   0x00000002   Code   RO         3608    i.NMI_Handler       stm32f10x_it.o
    0x08000ada   0x08000ada   0x00000002   PAD
    0x08000adc   0x08000adc   0x00000070   Code   RO           24    i.NVIC_Init         misc.o
    0x08000b4c   0x08000b4c   0x00000014   Code   RO           25    i.NVIC_PriorityGroupConfig  misc.o
    0x08000b60   0x08000b60   0x00000080   Code   RO         3134    i.PID_calc1         pid.o
    0x08000be0   0x08000be0   0x00000094   Code   RO         3135    i.PID_calc2         pid.o
    0x08000c74   0x08000c74   0x0000001c   Code   RO         3136    i.PID_init          pid.o
    0x08000c90   0x08000c90   0x00000002   Code   RO         3609    i.PendSV_Handler    stm32f10x_it.o
    0x08000c92   0x08000c92   0x00000002   PAD
    0x08000c94   0x08000c94   0x00000020   Code   RO         1673    i.RCC_AHBPeriphClockCmd  stm32f10x_rcc.o
    0x08000cb4   0x08000cb4   0x00000020   Code   RO         1674    i.RCC_APB1PeriphClockCmd  stm32f10x_rcc.o
    0x08000cd4   0x08000cd4   0x00000020   Code   RO         1676    i.RCC_APB2PeriphClockCmd  stm32f10x_rcc.o
    0x08000cf4   0x08000cf4   0x000000d4   Code   RO         1684    i.RCC_GetClocksFreq  stm32f10x_rcc.o
    0x08000dc8   0x08000dc8   0x00000002   Code   RO         3610    i.SVC_Handler       stm32f10x_it.o
    0x08000dca   0x08000dca   0x00000008   Code   RO         3667    i.SetSysClock       system_stm32f10x.o
    0x08000dd2   0x08000dd2   0x00000002   PAD
    0x08000dd4   0x08000dd4   0x000000e0   Code   RO         3668    i.SetSysClockTo72   system_stm32f10x.o
    0x08000eb4   0x08000eb4   0x00000028   Code   RO           28    i.SysTick_CLKSourceConfig  misc.o
    0x08000edc   0x08000edc   0x00000002   Code   RO         3611    i.SysTick_Handler   stm32f10x_it.o
    0x08000ede   0x08000ede   0x00000002   PAD
    0x08000ee0   0x08000ee0   0x00000060   Code   RO         3670    i.SystemInit        system_stm32f10x.o
    0x08000f40   0x08000f40   0x00000080   Code   RO         2292    i.TI1_Config        stm32f10x_tim.o
    0x08000fc0   0x08000fc0   0x00000098   Code   RO         2293    i.TI2_Config        stm32f10x_tim.o
    0x08001058   0x08001058   0x00000090   Code   RO         2294    i.TI3_Config        stm32f10x_tim.o
    0x080010e8   0x080010e8   0x00000098   Code   RO         2295    i.TI4_Config        stm32f10x_tim.o
    0x08001180   0x08001180   0x00000bf0   Code   RO         3549    i.TIM4_IRQHandler   main.o
    0x08001d70   0x08001d70   0x00000018   Code   RO         2296    i.TIM_ARRPreloadConfig  stm32f10x_tim.o
    0x08001d88   0x08001d88   0x00000006   Code   RO         2303    i.TIM_ClearITPendingBit  stm32f10x_tim.o
    0x08001d8e   0x08001d8e   0x00000018   Code   RO         2308    i.TIM_Cmd           stm32f10x_tim.o
    0x08001da6   0x08001da6   0x0000001e   Code   RO         2310    i.TIM_CtrlPWMOutputs  stm32f10x_tim.o
    0x08001dc4   0x08001dc4   0x00000042   Code   RO         2317    i.TIM_EncoderInterfaceConfig  stm32f10x_tim.o
    0x08001e06   0x08001e06   0x00000006   Code   RO         2327    i.TIM_GetCounter    stm32f10x_tim.o
    0x08001e0c   0x08001e0c   0x000000ac   Code   RO         2331    i.TIM_ICInit        stm32f10x_tim.o
    0x08001eb8   0x08001eb8   0x00000012   Code   RO         2332    i.TIM_ICStructInit  stm32f10x_tim.o
    0x08001eca   0x08001eca   0x00000012   Code   RO         2333    i.TIM_ITConfig      stm32f10x_tim.o
    0x08001edc   0x08001edc   0x00000098   Code   RO         2337    i.TIM_OC1Init       stm32f10x_tim.o
    0x08001f74   0x08001f74   0x00000012   Code   RO         2340    i.TIM_OC1PreloadConfig  stm32f10x_tim.o
    0x08001f86   0x08001f86   0x00000002   PAD
    0x08001f88   0x08001f88   0x000000a4   Code   RO         2342    i.TIM_OC2Init       stm32f10x_tim.o
    0x0800202c   0x0800202c   0x000000a0   Code   RO         2347    i.TIM_OC3Init       stm32f10x_tim.o
    0x080020cc   0x080020cc   0x0000007c   Code   RO         2352    i.TIM_OC4Init       stm32f10x_tim.o
    0x08002148   0x08002148   0x0000001a   Code   RO         2354    i.TIM_OC4PreloadConfig  stm32f10x_tim.o
    0x08002162   0x08002162   0x00000004   Code   RO         2369    i.TIM_SetCompare1   stm32f10x_tim.o
    0x08002166   0x08002166   0x00000006   Code   RO         2372    i.TIM_SetCompare4   stm32f10x_tim.o
    0x0800216c   0x0800216c   0x00000004   Code   RO         2373    i.TIM_SetCounter    stm32f10x_tim.o
    0x08002170   0x08002170   0x00000012   Code   RO         2374    i.TIM_SetIC1Prescaler  stm32f10x_tim.o
    0x08002182   0x08002182   0x0000001a   Code   RO         2375    i.TIM_SetIC2Prescaler  stm32f10x_tim.o
    0x0800219c   0x0800219c   0x00000012   Code   RO         2376    i.TIM_SetIC3Prescaler  stm32f10x_tim.o
    0x080021ae   0x080021ae   0x0000001a   Code   RO         2377    i.TIM_SetIC4Prescaler  stm32f10x_tim.o
    0x080021c8   0x080021c8   0x000000a4   Code   RO         2379    i.TIM_TimeBaseInit  stm32f10x_tim.o
    0x0800226c   0x0800226c   0x00000012   Code   RO         2380    i.TIM_TimeBaseStructInit  stm32f10x_tim.o
    0x0800227e   0x0800227e   0x0000000a   Code   RO         3287    i.USART1_IRQHandler  uart.o
    0x08002288   0x08002288   0x0000000a   Code   RO         3288    i.USART2_IRQHandler  uart.o
    0x08002292   0x08002292   0x0000000a   Code   RO         3289    i.USART3_IRQHandler  uart.o
    0x0800229c   0x0800229c   0x0000001e   Code   RO         2841    i.USART_ClearITPendingBit  stm32f10x_usart.o
    0x080022ba   0x080022ba   0x00000018   Code   RO         2844    i.USART_Cmd         stm32f10x_usart.o
    0x080022d2   0x080022d2   0x00000012   Code   RO         2845    i.USART_DMACmd      stm32f10x_usart.o
    0x080022e4   0x080022e4   0x0000001a   Code   RO         2847    i.USART_GetFlagStatus  stm32f10x_usart.o
    0x080022fe   0x080022fe   0x00000054   Code   RO         2848    i.USART_GetITStatus  stm32f10x_usart.o
    0x08002352   0x08002352   0x0000004a   Code   RO         2850    i.USART_ITConfig    stm32f10x_usart.o
    0x0800239c   0x0800239c   0x000000d8   Code   RO         2851    i.USART_Init        stm32f10x_usart.o
    0x08002474   0x08002474   0x0000000a   Code   RO         2858    i.USART_ReceiveData  stm32f10x_usart.o
    0x0800247e   0x0800247e   0x00000008   Code   RO         2861    i.USART_SendData    stm32f10x_usart.o
    0x08002486   0x08002486   0x00000002   PAD
    0x08002488   0x08002488   0x000000b8   Code   RO         3290    i.USARTx_IRQHandler  uart.o
    0x08002540   0x08002540   0x00000004   Code   RO         3612    i.UsageFault_Handler  stm32f10x_it.o
    0x08002544   0x08002544   0x00000020   Code   RO         4515    i.__0printf$1       mc_w.l(printf1.o)
    0x08002564   0x08002564   0x0000000e   Code   RO         4853    i.__scatterload_copy  mc_w.l(handlers.o)
    0x08002572   0x08002572   0x00000002   Code   RO         4854    i.__scatterload_null  mc_w.l(handlers.o)
    0x08002574   0x08002574   0x0000000e   Code   RO         4855    i.__scatterload_zeroinit  mc_w.l(handlers.o)
    0x08002582   0x08002582   0x00000002   PAD
    0x08002584   0x08002584   0x00000154   Code   RO         4522    i._printf_core      mc_w.l(printf1.o)
    0x080026d8   0x080026d8   0x00000044   Code   RO         3074    i.delay_init        delay.o
    0x0800271c   0x0800271c   0x0000007c   Code   RO         3291    i.dma_Rinit         uart.o
    0x08002798   0x08002798   0x0000006c   Code   RO         3292    i.dma_Tinit         uart.o
    0x08002804   0x08002804   0x00000024   Code   RO         3293    i.fputc             uart.o
    0x08002828   0x08002828   0x00000074   Code   RO         3294    i.gpio_init         uart.o
    0x0800289c   0x0800289c   0x00000054   Code   RO         3374    i.gpio_init         ic.o
    0x080028f0   0x080028f0   0x00000028   Code   RO         3375    i.ic_getdata        ic.o
    0x08002918   0x08002918   0x00000024   Code   RO         3376    i.ic_init           ic.o
    0x0800293c   0x0800293c   0x000000a8   Code   RO         3550    i.main              main.o
    0x080029e4   0x080029e4   0x00000028   Code   RO         3163    i.maincycle_ms_init  maincycle.o
    0x08002a0c   0x08002a0c   0x00000020   Code   RO         3164    i.nvic_init         maincycle.o
    0x08002a2c   0x08002a2c   0x00000028   Code   RO         3295    i.nvic_init         uart.o
    0x08002a54   0x08002a54   0x00000034   Code   RO         3265    i.pwm_init          oc.o
    0x08002a88   0x08002a88   0x0000012c   Code   RO         3520    i.straight_add      pwm.o
    0x08002bb4   0x08002bb4   0x00000018   Code   RO         3521    i.straight_read     pwm.o
    0x08002bcc   0x08002bcc   0x00000118   Code   RO         3522    i.straight_set      pwm.o
    0x08002ce4   0x08002ce4   0x000000d0   Code   RO         3266    i.tim1_init         oc.o
    0x08002db4   0x08002db4   0x0000004c   Code   RO         3165    i.tim_init          maincycle.o
    0x08002e00   0x08002e00   0x00000080   Code   RO         3377    i.tim_init          ic.o
    0x08002e80   0x08002e80   0x00000328   Code   RO         3407    i.trans_bt_R        trans.o
    0x080031a8   0x080031a8   0x00000198   Code   RO         3408    i.trans_bt_T        trans.o
    0x08003340   0x08003340   0x00000058   Code   RO         3409    i.trans_bt_init     trans.o
    0x08003398   0x08003398   0x00000164   Code   RO         3412    i.trans_others_R    trans.o
    0x080034fc   0x080034fc   0x00000050   Code   RO         3414    i.trans_others_init  trans.o
    0x0800354c   0x0800354c   0x000000bc   Code   RO         3296    i.uart_init         uart.o
    0x08003608   0x08003608   0x0000004c   Code   RO         3297    i.uart_singletrans  uart.o
    0x08003654   0x08003654   0x0000005c   Code   RO         3298    i.usart_init        uart.o
    0x080036b0   0x080036b0   0x00000020   Data   RO         4851    Region$$Table       anon$$obj.o


    Execution Region RW_IRAM1 (Exec base: 0x20000000, Load base: 0x080036d0, Size: 0x00001160, Max: 0x00005000, ABSOLUTE, COMPRESSED[0x000000a0])

    Exec Addr    Load Addr    Size         Type   Attr      Idx    E Section Name        Object

    0x20000000   COMPRESSED   0x00000014   Data   RW         1704    .data               stm32f10x_rcc.o
    0x20000014   COMPRESSED   0x00000004   Data   RW         3077    .data               delay.o
    0x20000018   COMPRESSED   0x00000004   Data   RW         3166    .data               maincycle.o
    0x2000001c   COMPRESSED   0x00000004   Data   RW         3209    .data               gpio.o
    0x20000020   COMPRESSED   0x000000d0   Data   RW         3300    .data               uart.o
    0x200000f0   COMPRESSED   0x00000060   Data   RW         3378    .data               ic.o
    0x20000150   COMPRESSED   0x00000008   Data   RW         3523    .data               pwm.o
    0x20000158   COMPRESSED   0x000000e0   Data   RW         3552    .data               main.o
    0x20000238   COMPRESSED   0x00000014   Data   RW         3671    .data               system_stm32f10x.o
    0x2000024c   COMPRESSED   0x00000004   Data   RW         4816    .data               mc_w.l(stdout.o)
    0x20000250        -       0x00000474   Zero   RW         3299    .bss                uart.o
    0x200006c4        -       0x00000604   Zero   RW         3415    .bss                trans.o
    0x20000cc8        -       0x00000098   Zero   RW         3551    .bss                main.o
    0x20000d60        -       0x00000400   Zero   RW           17    STACK               startup_stm32f10x_md.o


==============================================================================

Image component sizes


      Code (inc. data)   RO Data    RW Data    ZI Data      Debug   Object Name

         0          0          0          0          0       4020   core_cm3.o
        68         18          0          4          0        729   delay.o
       168         56          0          4          0       3999   gpio.o
       288         34          0         96          0       2935   ic.o
      3224        536          0        224        152       3603   main.o
       256         42          0          4          0       3007   maincycle.o
       172         22          0          0          0     259081   misc.o
       260         14          0          0          0       1219   oc.o
       304          0          0          0          0       2875   pid.o
       604         66          0          8          0       2150   pwm.o
        36          8        236          0       1024        824   startup_stm32f10x_md.o
        96          0          0          0          0       4031   stm32f10x_dma.o
        12          6          0          0          0        549   stm32f10x_exti.o
       438          6          0          0          0       3432   stm32f10x_gpio.o
        26          0          0          0          0       3958   stm32f10x_it.o
       308         38          0         20          0       5166   stm32f10x_rcc.o
      1868        200          0          0          0      18778   stm32f10x_tim.o
       490          6          0          0          0       7678   stm32f10x_usart.o
       328         28          0         20          0       2217   system_stm32f10x.o
      1740         52          0          0       1540       8441   trans.o
       994        156          0        208       1140       9023   uart.o

    ----------------------------------------------------------------------
     11698       1288        268        588       3856     347715   Object Totals
         0          0         32          0          0          0   (incl. Generated)
        18          0          0          0          0          0   (incl. Padding)

    ----------------------------------------------------------------------

      Code (inc. data)   RO Data    RW Data    ZI Data      Debug   Library Member Name

        86          0          0          0          0          0   __dczerorl2.o
         0          0          0          0          0          0   entry.o
         0          0          0          0          0          0   entry10a.o
         0          0          0          0          0          0   entry11a.o
         4          0          0          0          0          0   entry12b.o
         8          4          0          0          0          0   entry2.o
         4          0          0          0          0          0   entry5.o
         0          0          0          0          0          0   entry7b.o
         0          0          0          0          0          0   entry8b.o
         8          4          0          0          0          0   entry9a.o
        30          0          0          0          0          0   handlers.o
        36          8          0          0          0         68   init.o
         0          0          0          0          0          0   iusefp.o
        30          0          0          0          0         68   llshl.o
        32          0          0          0          0         68   llushr.o
        36          0          0          0          0        108   memseta.o
       372         14          0          0          0        184   printf1.o
         0          0          0          4          0          0   stdout.o
        44          0          0          0          0         80   uidiv.o
        20          0          0          0          0         68   cfcmple.o
        20          0          0          0          0         68   cfrcmple.o
        56          0          0          0          0         88   d2f.o
       222          0          0          0          0        100   ddiv.o
       186          0          0          0          0        176   depilogue.o
        34          0          0          0          0         76   dflti.o
        26          0          0          0          0         76   dfltui.o
       228          0          0          0          0         96   dmul.o
       176          0          0          0          0        140   fadd.o
       124          0          0          0          0         88   fdiv.o
       110          0          0          0          0        168   fepilogue.o
        40          0          0          0          0         68   ffixui.o
        18          0          0          0          0         68   fflti.o
        10          0          0          0          0         68   ffltui.o
       100          0          0          0          0         76   fmul.o

    ----------------------------------------------------------------------
      2066         30          0          4          0       2000   Library Totals
         6          0          0          0          0          0   (incl. Padding)

    ----------------------------------------------------------------------

      Code (inc. data)   RO Data    RW Data    ZI Data      Debug   Library Name

       690         30          0          4          0        576   mc_w.l
      1370          0          0          0          0       1424   mf_w.l

    ----------------------------------------------------------------------
      2066         30          0          4          0       2000   Library Totals

    ----------------------------------------------------------------------

==============================================================================


      Code (inc. data)   RO Data    RW Data    ZI Data      Debug   

     13764       1318        268        592       3856     343447   Grand Totals
     13764       1318        268        160       3856     343447   ELF Image Totals (compressed)
     13764       1318        268        160          0          0   ROM Totals

==============================================================================

    Total RO  Size (Code + RO Data)                14032 (  13.70kB)
    Total RW  Size (RW Data + ZI Data)              4448 (   4.34kB)
    Total ROM Size (Code + RO Data + RW Data)      14192 (  13.86kB)

==============================================================================

