Component: ARM Compiler 5.06 update 7 (build 960) Tool: armlink [4d3601]

==============================================================================

Section Cross References

    startup_stm32f10x_md.o(RESET) refers to startup_stm32f10x_md.o(STACK) for __initial_sp
    startup_stm32f10x_md.o(RESET) refers to startup_stm32f10x_md.o(.text) for Reset_Handler
    startup_stm32f10x_md.o(RESET) refers to stm32f10x_it.o(i.NMI_Handler) for NMI_Handler
    startup_stm32f10x_md.o(RESET) refers to stm32f10x_it.o(i.HardFault_Handler) for HardFault_Handler
    startup_stm32f10x_md.o(RESET) refers to stm32f10x_it.o(i.MemManage_Handler) for MemManage_Handler
    startup_stm32f10x_md.o(RESET) refers to stm32f10x_it.o(i.BusFault_Handler) for BusFault_Handler
    startup_stm32f10x_md.o(RESET) refers to stm32f10x_it.o(i.UsageFault_Handler) for UsageFault_Handler
    startup_stm32f10x_md.o(RESET) refers to stm32f10x_it.o(i.SVC_Handler) for SVC_Handler
    startup_stm32f10x_md.o(RESET) refers to stm32f10x_it.o(i.DebugMon_Handler) for DebugMon_Handler
    startup_stm32f10x_md.o(RESET) refers to stm32f10x_it.o(i.PendSV_Handler) for PendSV_Handler
    startup_stm32f10x_md.o(RESET) refers to stm32f10x_it.o(i.SysTick_Handler) for SysTick_Handler
    startup_stm32f10x_md.o(RESET) refers to gpio.o(i.EXTI0_IRQHandler) for EXTI0_IRQHandler
    startup_stm32f10x_md.o(RESET) refers to gpio.o(i.EXTI1_IRQHandler) for EXTI1_IRQHandler
    startup_stm32f10x_md.o(RESET) refers to gpio.o(i.EXTI2_IRQHandler) for EXTI2_IRQHandler
    startup_stm32f10x_md.o(RESET) refers to gpio.o(i.EXTI3_IRQHandler) for EXTI3_IRQHandler
    startup_stm32f10x_md.o(RESET) refers to gpio.o(i.EXTI4_IRQHandler) for EXTI4_IRQHandler
    startup_stm32f10x_md.o(RESET) refers to gpio.o(i.EXTI9_5_IRQHandler) for EXTI9_5_IRQHandler
    startup_stm32f10x_md.o(RESET) refers to main.o(i.TIM4_IRQHandler) for TIM4_IRQHandler
    startup_stm32f10x_md.o(RESET) refers to uart.o(i.USART1_IRQHandler) for USART1_IRQHandler
    startup_stm32f10x_md.o(RESET) refers to uart.o(i.USART2_IRQHandler) for USART2_IRQHandler
    startup_stm32f10x_md.o(RESET) refers to uart.o(i.USART3_IRQHandler) for USART3_IRQHandler
    startup_stm32f10x_md.o(RESET) refers to gpio.o(i.EXTI15_10_IRQHandler) for EXTI15_10_IRQHandler
    startup_stm32f10x_md.o(.text) refers to system_stm32f10x.o(i.SystemInit) for SystemInit
    startup_stm32f10x_md.o(.text) refers to entry.o(.ARM.Collect$$$$00000000) for __main
    stm32f10x_adc.o(i.ADC_DeInit) refers to stm32f10x_rcc.o(i.RCC_APB2PeriphResetCmd) for RCC_APB2PeriphResetCmd
    stm32f10x_bkp.o(i.BKP_DeInit) refers to stm32f10x_rcc.o(i.RCC_BackupResetCmd) for RCC_BackupResetCmd
    stm32f10x_can.o(i.CAN_DeInit) refers to stm32f10x_rcc.o(i.RCC_APB1PeriphResetCmd) for RCC_APB1PeriphResetCmd
    stm32f10x_can.o(i.CAN_GetITStatus) refers to stm32f10x_can.o(i.CheckITStatus) for CheckITStatus
    stm32f10x_cec.o(i.CEC_DeInit) refers to stm32f10x_rcc.o(i.RCC_APB1PeriphResetCmd) for RCC_APB1PeriphResetCmd
    stm32f10x_dac.o(i.DAC_DeInit) refers to stm32f10x_rcc.o(i.RCC_APB1PeriphResetCmd) for RCC_APB1PeriphResetCmd
    stm32f10x_flash.o(i.FLASH_EnableWriteProtection) refers to stm32f10x_flash.o(i.FLASH_WaitForLastOperation) for FLASH_WaitForLastOperation
    stm32f10x_flash.o(i.FLASH_EraseAllBank1Pages) refers to stm32f10x_flash.o(i.FLASH_WaitForLastBank1Operation) for FLASH_WaitForLastBank1Operation
    stm32f10x_flash.o(i.FLASH_EraseAllPages) refers to stm32f10x_flash.o(i.FLASH_WaitForLastOperation) for FLASH_WaitForLastOperation
    stm32f10x_flash.o(i.FLASH_EraseOptionBytes) refers to stm32f10x_flash.o(i.FLASH_GetReadOutProtectionStatus) for FLASH_GetReadOutProtectionStatus
    stm32f10x_flash.o(i.FLASH_EraseOptionBytes) refers to stm32f10x_flash.o(i.FLASH_WaitForLastOperation) for FLASH_WaitForLastOperation
    stm32f10x_flash.o(i.FLASH_ErasePage) refers to stm32f10x_flash.o(i.FLASH_WaitForLastOperation) for FLASH_WaitForLastOperation
    stm32f10x_flash.o(i.FLASH_ProgramHalfWord) refers to stm32f10x_flash.o(i.FLASH_WaitForLastOperation) for FLASH_WaitForLastOperation
    stm32f10x_flash.o(i.FLASH_ProgramOptionByteData) refers to stm32f10x_flash.o(i.FLASH_WaitForLastOperation) for FLASH_WaitForLastOperation
    stm32f10x_flash.o(i.FLASH_ProgramWord) refers to stm32f10x_flash.o(i.FLASH_WaitForLastOperation) for FLASH_WaitForLastOperation
    stm32f10x_flash.o(i.FLASH_ReadOutProtection) refers to stm32f10x_flash.o(i.FLASH_WaitForLastOperation) for FLASH_WaitForLastOperation
    stm32f10x_flash.o(i.FLASH_UserOptionByteConfig) refers to stm32f10x_flash.o(i.FLASH_WaitForLastOperation) for FLASH_WaitForLastOperation
    stm32f10x_flash.o(i.FLASH_WaitForLastBank1Operation) refers to stm32f10x_flash.o(i.FLASH_GetBank1Status) for FLASH_GetBank1Status
    stm32f10x_flash.o(i.FLASH_WaitForLastOperation) refers to stm32f10x_flash.o(i.FLASH_GetBank1Status) for FLASH_GetBank1Status
[...]
    Removing stm32f10x_spi.o(i.SPI_CalculateCRC), (24 bytes).
    Removing stm32f10x_spi.o(i.SPI_Cmd), (24 bytes).
    Removing stm32f10x_spi.o(i.SPI_DataSizeConfig), (18 bytes).
    Removing stm32f10x_spi.o(i.SPI_GetCRC), (16 bytes).
    Removing stm32f10x_spi.o(i.SPI_GetCRCPolynomial), (6 bytes).
    Removing stm32f10x_spi.o(i.SPI_I2S_ClearFlag), (6 bytes).
    Removing stm32f10x_spi.o(i.SPI_I2S_ClearITPendingBit), (20 bytes).
    Removing stm32f10x_spi.o(i.SPI_I2S_DMACmd), (18 bytes).
    Removing stm32f10x_spi.o(i.SPI_I2S_DeInit), (88 bytes).
    Removing stm32f10x_spi.o(i.SPI_I2S_GetFlagStatus), (18 bytes).
    Removing stm32f10x_spi.o(i.SPI_I2S_GetITStatus), (52 bytes).
    Removing stm32f10x_spi.o(i.SPI_I2S_ITConfig), (32 bytes).
    Removing stm32f10x_spi.o(i.SPI_I2S_ReceiveData), (6 bytes).
    Removing stm32f10x_spi.o(i.SPI_I2S_SendData), (4 bytes).
    Removing stm32f10x_spi.o(i.SPI_Init), (60 bytes).
    Removing stm32f10x_spi.o(i.SPI_NSSInternalSoftwareConfig), (30 bytes).
    Removing stm32f10x_spi.o(i.SPI_SSOutputCmd), (24 bytes).
    Removing stm32f10x_spi.o(i.SPI_StructInit), (24 bytes).
    Removing stm32f10x_spi.o(i.SPI_TransmitCRC), (10 bytes).
    Removing stm32f10x_tim.o(i.TIM_BDTRConfig), (32 bytes).
    Removing stm32f10x_tim.o(i.TIM_BDTRStructInit), (18 bytes).
    Removing stm32f10x_tim.o(i.TIM_CCPreloadControl), (24 bytes).
    Removing stm32f10x_tim.o(i.TIM_CCxCmd), (30 bytes).
    Removing stm32f10x_tim.o(i.TIM_CCxNCmd), (30 bytes).
    Removing stm32f10x_tim.o(i.TIM_ClearFlag), (6 bytes).
    Removing stm32f10x_tim.o(i.TIM_ClearOC1Ref), (18 bytes).
    Removing stm32f10x_tim.o(i.TIM_ClearOC2Ref), (24 bytes).
    Removing stm32f10x_tim.o(i.TIM_ClearOC3Ref), (18 bytes).
    Removing stm32f10x_tim.o(i.TIM_ClearOC4Ref), (24 bytes).
    Removing stm32f10x_tim.o(i.TIM_CounterModeConfig), (18 bytes).
    Removing stm32f10x_tim.o(i.TIM_DMACmd), (18 bytes).
    Removing stm32f10x_tim.o(i.TIM_DMAConfig), (10 bytes).
    Removing stm32f10x_tim.o(i.TIM_DeInit), (488 bytes).
    Removing stm32f10x_tim.o(i.TIM_ETRClockMode1Config), (54 bytes).
    Removing stm32f10x_tim.o(i.TIM_ETRClockMode2Config), (32 bytes).
    Removing stm32f10x_tim.o(i.TIM_ETRConfig), (28 bytes).
    Removing stm32f10x_tim.o(i.TIM_ForcedOC1Config), (18 bytes).
    Removing stm32f10x_tim.o(i.TIM_ForcedOC2Config), (26 bytes).
    Removing stm32f10x_tim.o(i.TIM_ForcedOC3Config), (18 bytes).
    Removing stm32f10x_tim.o(i.TIM_ForcedOC4Config), (26 bytes).
    Removing stm32f10x_tim.o(i.TIM_GenerateEvent), (4 bytes).
    Removing stm32f10x_tim.o(i.TIM_GetCapture1), (6 bytes).
    Removing stm32f10x_tim.o(i.TIM_GetCapture2), (6 bytes).
    Removing stm32f10x_tim.o(i.TIM_GetCapture3), (6 bytes).
    Removing stm32f10x_tim.o(i.TIM_GetCapture4), (8 bytes).
    Removing stm32f10x_tim.o(i.TIM_GetFlagStatus), (18 bytes).
    Removing stm32f10x_tim.o(i.TIM_GetITStatus), (34 bytes).
    Removing stm32f10x_tim.o(i.TIM_GetPrescaler), (6 bytes).
    Removing stm32f10x_tim.o(i.TIM_ITRxExternalClockConfig), (24 bytes).
    Removing stm32f10x_tim.o(i.TIM_InternalClockConfig), (12 bytes).
    Removing stm32f10x_tim.o(i.TIM_OC1FastConfig), (18 bytes).
    Removing stm32f10x_tim.o(i.TIM_OC1NPolarityConfig), (18 bytes).
    Removing stm32f10x_tim.o(i.TIM_OC1PolarityConfig), (18 bytes).
    Removing stm32f10x_tim.o(i.TIM_OC2FastConfig), (26 bytes).
    Removing stm32f10x_tim.o(i.TIM_OC2NPolarityConfig), (26 bytes).
    Removing stm32f10x_tim.o(i.TIM_OC2PolarityConfig), (26 bytes).
    Removing stm32f10x_tim.o(i.TIM_OC2PreloadConfig), (26 bytes).
    Removing stm32f10x_tim.o(i.TIM_OC3FastConfig), (18 bytes).
    Removing stm32f10x_tim.o(i.TIM_OC3NPolarityConfig), (26 bytes).
    Removing stm32f10x_tim.o(i.TIM_OC3PolarityConfig), (26 bytes).
    Removing stm32f10x_tim.o(i.TIM_OC3PreloadConfig), (18 bytes).
    Removing stm32f10x_tim.o(i.TIM_OC4FastConfig), (26 bytes).
    Removing stm32f10x_tim.o(i.TIM_OC4PolarityConfig), (26 bytes).
    Removing stm32f10x_tim.o(i.TIM_OCStructInit), (20 bytes).
    Removing stm32f10x_tim.o(i.TIM_PWMIConfig), (124 bytes).
    Removing stm32f10x_tim.o(i.TIM_PrescalerConfig), (6 bytes).
    Removing stm32f10x_tim.o(i.TIM_SelectCCDMA), (24 bytes).
    Removing stm32f10x_tim.o(i.TIM_SelectCOM), (24 bytes).
    Removing stm32f10x_tim.o(i.TIM_SelectHallSensor), (24 bytes).
    Removing stm32f10x_tim.o(i.TIM_SelectInputTrigger), (18 bytes).
    Removing stm32f10x_tim.o(i.TIM_SelectMasterSlaveMode), (18 bytes).
    Removing stm32f10x_tim.o(i.TIM_SelectOCxM), (82 bytes).
    Removing stm32f10x_tim.o(i.TIM_SelectOnePulseMode), (18 bytes).
    Removing stm32f10x_tim.o(i.TIM_SelectOutputTrigger), (18 bytes).
    Removing stm32f10x_tim.o(i.TIM_SelectSlaveMode), (18 bytes).
    Removing stm32f10x_tim.o(i.TIM_SetAutoreload), (4 bytes).
    Removing stm32f10x_tim.o(i.TIM_SetClockDivision), (18 bytes).
    Removing stm32f10x_tim.o(i.TIM_SetCompare2), (4 bytes).
    Removing stm32f10x_tim.o(i.TIM_SetCompare3), (4 bytes).
    Removing stm32f10x_tim.o(i.TIM_TIxExternalClockConfig), (62 bytes).
    Removing stm32f10x_tim.o(i.TIM_UpdateDisableConfig), (24 bytes).
    Removing stm32f10x_tim.o(i.TIM_UpdateRequestConfig), (24 bytes).
    Removing stm32f10x_usart.o(i.USART_ClearFlag), (18 bytes).
    Removing stm32f10x_usart.o(i.USART_ClockInit), (34 bytes).
    Removing stm32f10x_usart.o(i.USART_ClockStructInit), (12 bytes).
    Removing stm32f10x_usart.o(i.USART_DeInit), (156 bytes).
    Removing stm32f10x_usart.o(i.USART_GetFlagStatus), (26 bytes).
    Removing stm32f10x_usart.o(i.USART_HalfDuplexCmd), (24 bytes).
    Removing stm32f10x_usart.o(i.USART_IrDACmd), (24 bytes).
    Removing stm32f10x_usart.o(i.USART_IrDAConfig), (18 bytes).
    Removing stm32f10x_usart.o(i.USART_LINBreakDetectLengthConfig), (18 bytes).
    Removing stm32f10x_usart.o(i.USART_LINCmd), (24 bytes).
    Removing stm32f10x_usart.o(i.USART_OneBitMethodCmd), (24 bytes).
    Removing stm32f10x_usart.o(i.USART_OverSampling8Cmd), (22 bytes).
    Removing stm32f10x_usart.o(i.USART_ReceiverWakeUpCmd), (24 bytes).
    Removing stm32f10x_usart.o(i.USART_SendBreak), (10 bytes).
    Removing stm32f10x_usart.o(i.USART_SendData), (8 bytes).
    Removing stm32f10x_usart.o(i.USART_SetAddress), (18 bytes).
    Removing stm32f10x_usart.o(i.USART_SetGuardTime), (16 bytes).
    Removing stm32f10x_usart.o(i.USART_SetPrescaler), (16 bytes).
    Removing stm32f10x_usart.o(i.USART_SmartCardCmd), (24 bytes).
    Removing stm32f10x_usart.o(i.USART_SmartCardNACKCmd), (24 bytes).
    Removing stm32f10x_usart.o(i.USART_StructInit), (24 bytes).
    Removing stm32f10x_usart.o(i.USART_WakeUpConfig), (18 bytes).
    Removing stm32f10x_wwdg.o(i.WWDG_ClearFlag), (12 bytes).
    Removing stm32f10x_wwdg.o(i.WWDG_DeInit), (22 bytes).
    Removing stm32f10x_wwdg.o(i.WWDG_Enable), (16 bytes).
    Removing stm32f10x_wwdg.o(i.WWDG_EnableIT), (12 bytes).
    Removing stm32f10x_wwdg.o(i.WWDG_GetFlagStatus), (12 bytes).
    Removing stm32f10x_wwdg.o(i.WWDG_SetCounter), (16 bytes).
    Removing stm32f10x_wwdg.o(i.WWDG_SetPrescaler), (24 bytes).
    Removing stm32f10x_wwdg.o(i.WWDG_SetWindowValue), (40 bytes).
    Removing delay.o(i.delay_ms), (76 bytes).
    Removing delay.o(i.delay_us), (76 bytes).
    Removing sys.o(.emb_text), (6 bytes).
    Removing sys.o(i.INTX_DISABLE), (4 bytes).
    Removing sys.o(i.INTX_ENABLE), (4 bytes).
    Removing sys.o(i.WFI_SET), (4 bytes).
    Removing gpio.o(i.gpi_init), (312 bytes).
    Removing gpio.o(i.gpo_init), (52 bytes).
    Removing uart.o(i.UART4_IRQHandler), (10 bytes).
    Removing uart.o(i.fputc), (36 bytes).
    Removing trans.o(i.trans_mpu_R), (212 bytes).
    Removing trans.o(i.trans_mpu_init), (60 bytes).
    Removing trans.o(i.trans_others_T), (316 bytes).
    Removing mpu.o(i.mpu__init), (28 bytes).
    Removing mpu.o(i.mpu_getdata), (56 bytes).
    Removing mpu.o(.data), (36 bytes).
    Removing system_stm32f10x.o(i.SystemCoreClockUpdate), (164 bytes).
    Removing adc.o(i.adc__init), (76 bytes).
    Removing adc.o(i.adc_getdata), (12 bytes).
    Removing adc.o(i.adc_init), (64 bytes).
    Removing adc.o(i.dma_init), (96 bytes).
    Removing adc.o(i.gpio_init), (36 bytes).
    Removing adc.o(.data), (2 bytes).
    Removing trans_hex.o(i.trans_hex_R), (872 bytes).
    Removing trans_hex.o(i.trans_hex_init), (60 bytes).
    Removing trans_hex.o(.bss), (156 bytes).
    Removing inv_mpu.o(i.accel_self_test), (168 bytes).
    Removing inv_mpu.o(i.get_accel_prod_shift), (180 bytes).
    Removing inv_mpu.o(i.get_st_biases), (1132 bytes).
    Removing inv_mpu.o(i.gyro_self_test), (272 bytes).
    Removing inv_mpu.o(i.mpu_configure_fifo), (112 bytes).
    Removing inv_mpu.o(i.mpu_get_accel_fsr), (76 bytes).
    Removing inv_mpu.o(i.mpu_get_accel_reg), (116 bytes).
    Removing inv_mpu.o(i.mpu_get_accel_sens), (84 bytes).
    Removing inv_mpu.o(i.mpu_get_compass_fsr), (8 bytes).
    Removing inv_mpu.o(i.mpu_get_compass_reg), (8 bytes).
    Removing inv_mpu.o(i.mpu_get_compass_sample_rate), (10 bytes).
    Removing inv_mpu.o(i.mpu_get_dmp_state), (20 bytes).
    Removing inv_mpu.o(i.mpu_get_fifo_config), (16 bytes).
    Removing inv_mpu.o(i.mpu_get_gyro_fsr), (68 bytes).
    Removing inv_mpu.o(i.mpu_get_gyro_reg), (116 bytes).
    Removing inv_mpu.o(i.mpu_get_gyro_sens), (80 bytes).
    Removing inv_mpu.o(i.mpu_get_int_status), (68 bytes).
    Removing inv_mpu.o(i.mpu_get_lpf), (80 bytes).
    Removing inv_mpu.o(i.mpu_get_power_state), (28 bytes).
    Removing inv_mpu.o(i.mpu_get_sample_rate), (32 bytes).
    Removing inv_mpu.o(i.mpu_get_temperature), (160 bytes).
    Removing inv_mpu.o(i.mpu_init), (400 bytes).
    Removing inv_mpu.o(i.mpu_load_firmware), (184 bytes).
    Removing inv_mpu.o(i.mpu_lp_accel_mode), (224 bytes).
    Removing inv_mpu.o(i.mpu_lp_motion_interrupt), (516 bytes).
    Removing inv_mpu.o(i.mpu_read_fifo), (504 bytes).
    Removing inv_mpu.o(i.mpu_read_fifo_stream), (192 bytes).
    Removing inv_mpu.o(i.mpu_read_mem), (128 bytes).
    Removing inv_mpu.o(i.mpu_read_reg), (72 bytes).
    Removing inv_mpu.o(i.mpu_reg_dump), (76 bytes).
    Removing inv_mpu.o(i.mpu_reset_fifo), (444 bytes).
    Removing inv_mpu.o(i.mpu_run_self_test), (284 bytes).
    Removing inv_mpu.o(i.mpu_set_accel_bias), (384 bytes).
    Removing inv_mpu.o(i.mpu_set_accel_fsr), (132 bytes).
    Removing inv_mpu.o(i.mpu_set_bypass), (332 bytes).
    Removing inv_mpu.o(i.mpu_set_compass_sample_rate), (8 bytes).
    Removing inv_mpu.o(i.mpu_set_dmp_state), (144 bytes).
    Removing inv_mpu.o(i.mpu_set_gyro_fsr), (136 bytes).
    Removing inv_mpu.o(i.mpu_set_int_latched), (108 bytes).
    Removing inv_mpu.o(i.mpu_set_int_level), (16 bytes).
    Removing inv_mpu.o(i.mpu_set_lpf), (132 bytes).
    Removing inv_mpu.o(i.mpu_set_sample_rate), (156 bytes).
    Removing inv_mpu.o(i.mpu_set_sensors), (208 bytes).
    Removing inv_mpu.o(i.mpu_write_mem), (128 bytes).
    Removing inv_mpu.o(i.myget_ms), (2 bytes).
    Removing inv_mpu.o(i.set_int_enable), (144 bytes).
    Removing inv_mpu.o(.constdata), (80 bytes).
    Removing inv_mpu.o(.data), (44 bytes).
    Removing inv_mpu_dmp_motion_driver.o(i.decode_gesture), (100 bytes).
    Removing inv_mpu_dmp_motion_driver.o(i.dmp_enable_6x_lp_quat), (60 bytes).
    Removing inv_mpu_dmp_motion_driver.o(i.dmp_enable_feature), (540 bytes).
    Removing inv_mpu_dmp_motion_driver.o(i.dmp_enable_gyro_cal), (88 bytes).
    Removing inv_mpu_dmp_motion_driver.o(i.dmp_enable_lp_quat), (60 bytes).
    Removing inv_mpu_dmp_motion_driver.o(i.dmp_get_enabled_features), (16 bytes).
    Removing inv_mpu_dmp_motion_driver.o(i.dmp_get_fifo_rate), (16 bytes).
    Removing inv_mpu_dmp_motion_driver.o(i.dmp_get_pedometer_step_count), (66 bytes).
    Removing inv_mpu_dmp_motion_driver.o(i.dmp_get_pedometer_walk_time), (72 bytes).
    Removing inv_mpu_dmp_motion_driver.o(i.dmp_load_motion_driver_firmware), (24 bytes).
    Removing inv_mpu_dmp_motion_driver.o(i.dmp_read_fifo), (460 bytes).
    Removing inv_mpu_dmp_motion_driver.o(i.dmp_register_android_orient_cb), (16 bytes).
    Removing inv_mpu_dmp_motion_driver.o(i.dmp_register_tap_cb), (16 bytes).
    Removing inv_mpu_dmp_motion_driver.o(i.dmp_set_accel_bias), (304 bytes).
    Removing inv_mpu_dmp_motion_driver.o(i.dmp_set_fifo_rate), (112 bytes).
    Removing inv_mpu_dmp_motion_driver.o(i.dmp_set_gyro_bias), (304 bytes).
    Removing inv_mpu_dmp_motion_driver.o(i.dmp_set_interrupt_mode), (92 bytes).
    Removing inv_mpu_dmp_motion_driver.o(i.dmp_set_orientation), (312 bytes).
    Removing inv_mpu_dmp_motion_driver.o(i.dmp_set_pedometer_step_count), (42 bytes).
    Removing inv_mpu_dmp_motion_driver.o(i.dmp_set_pedometer_walk_time), (48 bytes).
    Removing inv_mpu_dmp_motion_driver.o(i.dmp_set_shake_reject_thresh), (56 bytes).
    Removing inv_mpu_dmp_motion_driver.o(i.dmp_set_shake_reject_time), (38 bytes).
    Removing inv_mpu_dmp_motion_driver.o(i.dmp_set_shake_reject_timeout), (38 bytes).
    Removing inv_mpu_dmp_motion_driver.o(i.dmp_set_tap_axes), (70 bytes).
    Removing inv_mpu_dmp_motion_driver.o(i.dmp_set_tap_count), (38 bytes).
    Removing inv_mpu_dmp_motion_driver.o(i.dmp_set_tap_thresh), (416 bytes).
    Removing inv_mpu_dmp_motion_driver.o(i.dmp_set_tap_time), (38 bytes).
    Removing inv_mpu_dmp_motion_driver.o(i.dmp_set_tap_time_multi), (38 bytes).
    Removing inv_mpu_dmp_motion_driver.o(.bss), (16 bytes).
    Removing inv_mpu_dmp_motion_driver.o(.constdata), (3062 bytes).
    Removing ioi2c.o(i.I2C_ReadOneByte), (70 bytes).
    Removing ioi2c.o(i.IIC_Ack), (76 bytes).
    Removing ioi2c.o(i.IIC_Init), (44 bytes).
    Removing ioi2c.o(i.IIC_NAck), (76 bytes).
    Removing ioi2c.o(i.IIC_Read_Byte), (112 bytes).
    Removing ioi2c.o(i.IIC_Send_Byte), (100 bytes).
    Removing ioi2c.o(i.IIC_Start), (104 bytes).
    Removing ioi2c.o(i.IIC_Stop), (72 bytes).
    Removing ioi2c.o(i.IIC_Wait_Ack), (104 bytes).
    Removing ioi2c.o(i.IICreadByte), (22 bytes).
    Removing ioi2c.o(i.IICreadBytes), (100 bytes).
    Removing ioi2c.o(i.IICwriteBit), (64 bytes).
    Removing ioi2c.o(i.IICwriteBits), (106 bytes).
    Removing ioi2c.o(i.IICwriteByte), (20 bytes).
    Removing ioi2c.o(i.IICwriteBytes), (70 bytes).
    Removing ioi2c.o(i.i2cRead), (118 bytes).
    Removing ioi2c.o(i.i2cWrite), (96 bytes).
    Removing mpu6050.o(i.DMP_Init), (88 bytes).
    Removing mpu6050.o(i.MPU6050_getDeviceID), (24 bytes).
    Removing mpu6050.o(i.MPU6050_initialize), (40 bytes).
    Removing mpu6050.o(i.MPU6050_newValues), (500 bytes).
    Removing mpu6050.o(i.MPU6050_setClockSource), (20 bytes).
    Removing mpu6050.o(i.MPU6050_setFullScaleAccelRange), (20 bytes).
    Removing mpu6050.o(i.MPU6050_setFullScaleGyroRange), (20 bytes).
    Removing mpu6050.o(i.MPU6050_setI2CBypassEnabled), (18 bytes).
    Removing mpu6050.o(i.MPU6050_setI2CMasterModeEnabled), (18 bytes).
    Removing mpu6050.o(i.MPU6050_setSleepEnabled), (18 bytes).
    Removing mpu6050.o(i.MPU6050_testConnection), (18 bytes).
    Removing mpu6050.o(i.Read_DMP), (604 bytes).
    Removing mpu6050.o(i.Read_Temperature), (128 bytes).
    Removing mpu6050.o(i.getAngle), (84 bytes).
    Removing mpu6050.o(i.inv_orientation_matrix_to_scalar), (40 bytes).
    Removing mpu6050.o(i.inv_row_2_scale), (78 bytes).
    Removing mpu6050.o(i.run_self_test), (144 bytes).
    Removing mpu6050.o(.bss), (146 bytes).
    Removing mpu6050.o(.data), (60 bytes).
    Removing dadd.o(.text), (334 bytes).
    Removing ffixi.o(.text), (50 bytes).
    Removing f2d.o(.text), (38 bytes).
    Removing dscalb.o(.text), (46 bytes).
    Removing cdcmple.o(.text), (48 bytes).
    Removing dsqrt.o(.text), (162 bytes).

570 unused section(s) (total 37866 bytes) removed from the image.

==============================================================================

Image Symbol Table

    Local Symbols

    Symbol Name                              Value     Ov Type        Size  Object(Section)

    ../clib/../cmprslib/zerorunl2.c          0x00000000   Number         0  __dczerorl2.o ABSOLUTE
    ../clib/microlib/division.c              0x00000000   Number         0  uldiv.o ABSOLUTE
    ../clib/microlib/division.c              0x00000000   Number         0  ldiv.o ABSOLUTE
    ../clib/microlib/errno.c                 0x00000000   Number         0  errno.o ABSOLUTE
    ../clib/microlib/init/entry.s            0x00000000   Number         0  entry9a.o ABSOLUTE
    ../clib/microlib/init/entry.s            0x00000000   Number         0  entry9b.o ABSOLUTE
    ../clib/microlib/init/entry.s            0x00000000   Number         0  entry2.o ABSOLUTE
    ../clib/microlib/init/entry.s            0x00000000   Number         0  entry8b.o ABSOLUTE
    ../clib/microlib/init/entry.s            0x00000000   Number         0  entry8a.o ABSOLUTE
    ../clib/microlib/init/entry.s            0x00000000   Number         0  entry11a.o ABSOLUTE
    ../clib/microlib/init/entry.s            0x00000000   Number         0  entry12b.o ABSOLUTE
    ../clib/microlib/init/entry.s            0x00000000   Number         0  entry12a.o ABSOLUTE
    ../clib/microlib/init/entry.s            0x00000000   Number         0  entry11b.o ABSOLUTE
    ../clib/microlib/init/entry.s            0x00000000   Number         0  entry10b.o ABSOLUTE
    ../clib/microlib/init/entry.s            0x00000000   Number         0  entry5.o ABSOLUTE
    ../clib/microlib/init/entry.s            0x00000000   Number         0  entry10a.o ABSOLUTE
    ../clib/microlib/init/entry.s            0x00000000   Number         0  entry7b.o ABSOLUTE
    ../clib/microlib/init/entry.s            0x00000000   Number         0  entry7a.o ABSOLUTE
    ../clib/microlib/init/entry.s            0x00000000   Number         0  entry.o ABSOLUTE
    ../clib/microlib/longlong.c              0x00000000   Number         0  llsshr.o ABSOLUTE
    ../clib/microlib/longlong.c              0x00000000   Number         0  llushr.o ABSOLUTE
    ../clib/microlib/longlong.c              0x00000000   Number         0  llshl.o ABSOLUTE
    ../clib/microlib/string/memcmp.c         0x00000000   Number         0  memcmp.o ABSOLUTE
    ../clib/microlib/string/memset.c         0x00000000   Number         0  memseta.o ABSOLUTE
    ../clib/microlib/stubs.s                 0x00000000   Number         0  iusefp.o ABSOLUTE
    ../fplib/microlib/d2f.c                  0x00000000   Number         0  d2f.o ABSOLUTE
    ../fplib/microlib/f2d.c                  0x00000000   Number         0  f2d.o ABSOLUTE
    ../fplib/microlib/fpadd.c                0x00000000   Number         0  fadd.o ABSOLUTE
    ../fplib/microlib/fpadd.c                0x00000000   Number         0  dadd.o ABSOLUTE
    ../fplib/microlib/fpdiv.c                0x00000000   Number         0  ddiv.o ABSOLUTE
    ../fplib/microlib/fpdiv.c                0x00000000   Number         0  fdiv.o ABSOLUTE
    ../fplib/microlib/fpepilogue.c           0x00000000   Number         0  fepilogue.o ABSOLUTE
    ../fplib/microlib/fpepilogue.c           0x00000000   Number         0  depilogue.o ABSOLUTE
    ../fplib/microlib/fpfix.c                0x00000000   Number         0  ffixi.o ABSOLUTE
    ../fplib/microlib/fpfix.c                0x00000000   Number         0  ffixui.o ABSOLUTE
    ../fplib/microlib/fpflt.c                0x00000000   Number         0  fflti.o ABSOLUTE
    ../fplib/microlib/fpflt.c                0x00000000   Number         0  ffltui.o ABSOLUTE
    ../fplib/microlib/fpflt.c                0x00000000   Number         0  dflti.o ABSOLUTE
    ../fplib/microlib/fpflt.c                0x00000000   Number         0  dfltui.o ABSOLUTE
    ../fplib/microlib/fpmul.c                0x00000000   Number         0  fmul.o ABSOLUTE
    ../fplib/microlib/fpmul.c                0x00000000   Number         0  dmul.o ABSOLUTE
    ../fplib/microlib/fpscalb.c              0x00000000   Number         0  dscalb.o ABSOLUTE
    ../fplib/microlib/fpsqrt.c               0x00000000   Number         0  dsqrt.o ABSOLUTE
    ../mathlib/asin.c                        0x00000000   Number         0  asin.o ABSOLUTE
    ../mathlib/asin.c                        0x00000000   Number         0  asin_x.o ABSOLUTE
    ../mathlib/atan.c                        0x00000000   Number         0  atan.o ABSOLUTE
    ../mathlib/atan.c                        0x00000000   Number         0  atan_x.o ABSOLUTE
    ../mathlib/atan2.c                       0x00000000   Number         0  atan2_x.o ABSOLUTE
    ../mathlib/atan2.c                       0x00000000   Number         0  atan2.o ABSOLUTE
    ../mathlib/dunder.c                      0x00000000   Number         0  dunder.o ABSOLUTE
    ../mathlib/fpclassify.c                  0x00000000   Number         0  fpclassify.o ABSOLUTE
    ../mathlib/poly.c                        0x00000000   Number         0  poly.o ABSOLUTE
    ../mathlib/qnan.c                        0x00000000   Number         0  qnan.o ABSOLUTE
    ../mathlib/sqrt.c                        0x00000000   Number         0  sqrt_x.o ABSOLUTE
    ../mathlib/sqrt.c                        0x00000000   Number         0  sqrt.o ABSOLUTE
    ..\Button\gpio.c                         0x00000000   Number         0  gpio.o ABSOLUTE
    ..\Button\ic.c                           0x00000000   Number         0  ic.o ABSOLUTE
    ..\Button\oc.c                           0x00000000   Number         0  oc.o ABSOLUTE
    ..\Button\others\mpu\IOI2C.c             0x00000000   Number         0  ioi2c.o ABSOLUTE
    ..\Button\others\mpu\MPU6050.c           0x00000000   Number         0  mpu6050.o ABSOLUTE
    ..\Button\others\mpu\inv_mpu.c           0x00000000   Number         0  inv_mpu.o ABSOLUTE
    ..\Button\others\mpu\inv_mpu_dmp_motion_driver.c 0x00000000   Number         0  inv_mpu_dmp_motion_driver.o ABSOLUTE
    ..\Button\uart.c                         0x00000000   Number         0  uart.o ABSOLUTE
    ..\CORE\core_cm3.c                       0x00000000   Number         0  core_cm3.o ABSOLUTE
    ..\CORE\startup_stm32f10x_md.s           0x00000000   Number         0  startup_stm32f10x_md.o ABSOLUTE
    ..\Middle\mpu.c                          0x00000000   Number         0  mpu.o ABSOLUTE
    ..\Middle\pwm.c                          0x00000000   Number         0  pwm.o ABSOLUTE
    ..\Middle\trans.c                        0x00000000   Number         0  trans.o ABSOLUTE
    ..\STM32F10x_FWLib\src\misc.c            0x00000000   Number         0  misc.o ABSOLUTE
    ..\STM32F10x_FWLib\src\stm32f10x_adc.c   0x00000000   Number         0  stm32f10x_adc.o ABSOLUTE
    ..\STM32F10x_FWLib\src\stm32f10x_bkp.c   0x00000000   Number         0  stm32f10x_bkp.o ABSOLUTE
    ..\STM32F10x_FWLib\src\stm32f10x_can.c   0x00000000   Number         0  stm32f10x_can.o ABSOLUTE
    ..\STM32F10x_FWLib\src\stm32f10x_cec.c   0x00000000   Number         0  stm32f10x_cec.o ABSOLUTE
    ..\STM32F10x_FWLib\src\stm32f10x_crc.c   0x00000000   Number         0  stm32f10x_crc.o ABSOLUTE
    ..\STM32F10x_FWLib\src\stm32f10x_dac.c   0x00000000   Number         0  stm32f10x_dac.o ABSOLUTE
    ..\STM32F10x_FWLib\src\stm32f10x_dbgmcu.c 0x00000000   Number         0  stm32f10x_dbgmcu.o ABSOLUTE
    ..\STM32F10x_FWLib\src\stm32f10x_dma.c   0x00000000   Number         0  stm32f10x_dma.o ABSOLUTE
    ..\STM32F10x_FWLib\src\stm32f10x_exti.c  0x00000000   Number         0  stm32f10x_exti.o ABSOLUTE
    ..\STM32F10x_FWLib\src\stm32f10x_flash.c 0x00000000   Number         0  stm32f10x_flash.o ABSOLUTE
    ..\STM32F10x_FWLib\src\stm32f10x_fsmc.c  0x00000000   Number         0  stm32f10x_fsmc.o ABSOLUTE
    ..\STM32F10x_FWLib\src\stm32f10x_gpio.c  0x00000000   Number         0  stm32f10x_gpio.o ABSOLUTE
    ..\STM32F10x_FWLib\src\stm32f10x_i2c.c   0x00000000   Number         0  stm32f10x_i2c.o ABSOLUTE
    ..\STM32F10x_FWLib\src\stm32f10x_iwdg.c  0x00000000   Number         0  stm32f10x_iwdg.o ABSOLUTE
    ..\STM32F10x_FWLib\src\stm32f10x_pwr.c   0x00000000   Number         0  stm32f10x_pwr.o ABSOLUTE
    ..\STM32F10x_FWLib\src\stm32f10x_rcc.c   0x00000000   Number         0  stm32f10x_rcc.o ABSOLUTE
    ..\STM32F10x_FWLib\src\stm32f10x_rtc.c   0x00000000   Number         0  stm32f10x_rtc.o ABSOLUTE
    ..\STM32F10x_FWLib\src\stm32f10x_sdio.c  0x00000000   Number         0  stm32f10x_sdio.o ABSOLUTE
    ..\STM32F10x_FWLib\src\stm32f10x_spi.c   0x00000000   Number         0  stm32f10x_spi.o ABSOLUTE
    ..\STM32F10x_FWLib\src\stm32f10x_tim.c   0x00000000   Number         0  stm32f10x_tim.o ABSOLUTE
    ..\STM32F10x_FWLib\src\stm32f10x_usart.c 0x00000000   Number         0  stm32f10x_usart.o ABSOLUTE
    ..\STM32F10x_FWLib\src\stm32f10x_wwdg.c  0x00000000   Number         0  stm32f10x_wwdg.o ABSOLUTE
    ..\SYSTEM\delay\delay.c                  0x00000000   Number         0  delay.o ABSOLUTE
    ..\SYSTEM\maincycle\maincycle.c          0x00000000   Number         0  maincycle.o ABSOLUTE
    ..\SYSTEM\pid\pid.c                      0x00000000   Number         0  pid.o ABSOLUTE
    ..\SYSTEM\sys\sys.c                      0x00000000   Number         0  sys.o ABSOLUTE
    ..\\CORE\\core_cm3.c                     0x00000000   Number         0  core_cm3.o ABSOLUTE
    ..\\SYSTEM\\sys\\sys.c                   0x00000000   Number         0  sys.o ABSOLUTE
    adc.c                                    0x00000000   Number         0  adc.o ABSOLUTE
    cdcmple.s                                0x00000000   Number         0  cdcmple.o ABSOLUTE
    cfcmple.s                                0x00000000   Number         0  cfcmple.o ABSOLUTE
    cfrcmple.s                               0x00000000   Number         0  cfrcmple.o ABSOLUTE
    dc.s                                     0x00000000   Number         0  dc.o ABSOLUTE
    handlers.s                               0x00000000   Number         0  handlers.o ABSOLUTE
    init.s                                   0x00000000   Number         0  init.o ABSOLUTE
    main.c                                   0x00000000   Number         0  main.o ABSOLUTE
    stm32f10x_it.c                           0x00000000   Number         0  stm32f10x_it.o ABSOLUTE
    system_stm32f10x.c                       0x00000000   Number         0  system_stm32f10x.o ABSOLUTE
    trans_hex.c                              0x00000000   Number         0  trans_hex.o ABSOLUTE
    RESET                                    0x08000000   Section      236  startup_stm32f10x_md.o(RESET)
    .ARM.Collect$$$$00000000                 0x080000ec   Section        0  entry.o(.ARM.Collect$$$$00000000)
    .ARM.Collect$$$$00000001                 0x080000ec   Section        4  entry2.o(.ARM.Collect$$$$00000001)
    .ARM.Collect$$$$00000004                 0x080000f0   Section        4  entry5.o(.ARM.Collect$$$$00000004)
    .ARM.Collect$$$$00000008                 0x080000f4   Section        0  entry7b.o(.ARM.Collect$$$$00000008)
    .ARM.Collect$$$$0000000A                 0x080000f4   Section        0  entry8b.o(.ARM.Collect$$$$0000000A)
    .ARM.Collect$$$$0000000B                 0x080000f4   Section        8  entry9a.o(.ARM.Collect$$$$0000000B)
    .ARM.Collect$$$$0000000E                 0x080000fc   Section        4  entry12b.o(.ARM.Collect$$$$0000000E)
    .ARM.Collect$$$$0000000F                 0x08000100   Section        0  entry10a.o(.ARM.Collect$$$$0000000F)
    .ARM.Collect$$$$00000011                 0x08000100   Section        0  entry11a.o(.ARM.Collect$$$$00000011)
    .ARM.Collect$$$$00002712                 0x08000100   Section        4  entry2.o(.ARM.Collect$$$$00002712)
    __lit__00000000                          0x08000100   Data           4  entry2.o(.ARM.Collect$$$$00002712)
    .text                                    0x08000104   Section       36  startup_stm32f10x_md.o(.text)
    .text                                    0x08000128   Section        0  memseta.o(.text)
    .text                                    0x0800014c   Section        0  fadd.o(.text)
    .text                                    0x080001fc   Section        0  fmul.o(.text)
    .text                                    0x08000260   Section        0  fdiv.o(.text)
    .text                                    0x080002dc   Section        0  dmul.o(.text)
    .text                                    0x080003c0   Section        0  ddiv.o(.text)
    .text                                    0x0800049e   Section        0  fflti.o(.text)
    .text                                    0x080004b0   Section        0  ffltui.o(.text)
    .text                                    0x080004ba   Section        0  dflti.o(.text)
    .text                                    0x080004dc   Section        0  dfltui.o(.text)
    .text                                    0x080004f6   Section        0  ffixui.o(.text)
    .text                                    0x0800051e   Section        0  d2f.o(.text)
    .text                                    0x08000558   Section       20  cfcmple.o(.text)
    .text                                    0x0800056c   Section       20  cfrcmple.o(.text)
    .text                                    0x08000580   Section        0  llshl.o(.text)
    .text                                    0x0800059e   Section        0  fepilogue.o(.text)
    .text                                    0x0800059e   Section        0  iusefp.o(.text)
    .text                                    0x0800060c   Section        0  depilogue.o(.text)
    .text                                    0x080006c8   Section       36  init.o(.text)
    .text                                    0x080006ec   Section        0  llushr.o(.text)
    .text                                    0x0800070c   Section        0  __dczerorl2.o(.text)
    i.BusFault_Handler                       0x08000762   Section        0  stm32f10x_it.o(i.BusFault_Handler)
    i.CPUoccupationRate_Calculatefinish      0x08000768   Section        0  maincycle.o(i.CPUoccupationRate_Calculatefinish)
    i.CPUoccupationRate_Calculatestart       0x080007bc   Section        0  maincycle.o(i.CPUoccupationRate_Calculatestart)
    i.DMA_Cmd                                0x080007d4   Section        0  stm32f10x_dma.o(i.DMA_Cmd)
    i.DMA_GetCurrDataCounter                 0x080007ec   Section        0  stm32f10x_dma.o(i.DMA_GetCurrDataCounter)
    i.DMA_Init                               0x080007f4   Section        0  stm32f10x_dma.o(i.DMA_Init)
    i.DMA_SetCurrDataCounter                 0x08000830   Section        0  stm32f10x_dma.o(i.DMA_SetCurrDataCounter)
    i.DebugMon_Handler                       0x08000834   Section        0  stm32f10x_it.o(i.DebugMon_Handler)
    i.EXTI0_IRQHandler                       0x08000838   Section        0  gpio.o(i.EXTI0_IRQHandler)
    i.EXTI15_10_IRQHandler                   0x08000850   Section        0  gpio.o(i.EXTI15_10_IRQHandler)
    i.EXTI1_IRQHandler                       0x08000868   Section        0  gpio.o(i.EXTI1_IRQHandler)
    i.EXTI2_IRQHandler                       0x08000880   Section        0  gpio.o(i.EXTI2_IRQHandler)
    i.EXTI3_IRQHandler                       0x08000898   Section        0  gpio.o(i.EXTI3_IRQHandler)
    i.EXTI4_IRQHandler                       0x080008b0   Section        0  gpio.o(i.EXTI4_IRQHandler)
    i.EXTI9_5_IRQHandler                     0x080008c8   Section        0  gpio.o(i.EXTI9_5_IRQHandler)
    i.EXTI_ClearITPendingBit                 0x080008e0   Section        0  stm32f10x_exti.o(i.EXTI_ClearITPendingBit)
    i.GPIO_Init                              0x080008ec   Section        0  stm32f10x_gpio.o(i.GPIO_Init)
    i.GPIO_PinRemapConfig                    0x08000a04   Section        0  stm32f10x_gpio.o(i.GPIO_PinRemapConfig)
    i.GPIO_StructInit                        0x08000a94   Section        0  stm32f10x_gpio.o(i.GPIO_StructInit)
    i.HardFault_Handler                      0x08000aa4   Section        0  stm32f10x_it.o(i.HardFault_Handler)
    i.MemManage_Handler                      0x08000aa8   Section        0  stm32f10x_it.o(i.MemManage_Handler)
    i.NMI_Handler                            0x08000aac   Section        0  stm32f10x_it.o(i.NMI_Handler)
    i.NVIC_Init                              0x08000ab0   Section        0  misc.o(i.NVIC_Init)
    i.NVIC_PriorityGroupConfig               0x08000b20   Section        0  misc.o(i.NVIC_PriorityGroupConfig)
    i.PID_calc1                              0x08000b34   Section        0  pid.o(i.PID_calc1)
    i.PID_calc2                              0x08000bb4   Section        0  pid.o(i.PID_calc2)
    i.PID_init                               0x08000c48   Section        0  pid.o(i.PID_init)
    i.PendSV_Handler                         0x08000c64   Section        0  stm32f10x_it.o(i.PendSV_Handler)
    i.RCC_AHBPeriphClockCmd                  0x08000c68   Section        0  stm32f10x_rcc.o(i.RCC_AHBPeriphClockCmd)
    i.RCC_APB1PeriphClockCmd                 0x08000c88   Section        0  stm32f10x_rcc.o(i.RCC_APB1PeriphClockCmd)
    i.RCC_APB2PeriphClockCmd                 0x08000ca8   Section        0  stm32f10x_rcc.o(i.RCC_APB2PeriphClockCmd)
    i.RCC_GetClocksFreq                      0x08000cc8   Section        0  stm32f10x_rcc.o(i.RCC_GetClocksFreq)
    i.SVC_Handler                            0x08000d9c   Section        0  stm32f10x_it.o(i.SVC_Handler)
    i.SetSysClock                            0x08000d9e   Section        0  system_stm32f10x.o(i.SetSysClock)
    SetSysClock                              0x08000d9f   Thumb Code     8  system_stm32f10x.o(i.SetSysClock)
    i.SetSysClockTo72                        0x08000da8   Section        0  system_stm32f10x.o(i.SetSysClockTo72)
    SetSysClockTo72                          0x08000da9   Thumb Code   214  system_stm32f10x.o(i.SetSysClockTo72)
    i.SysTick_CLKSourceConfig                0x08000e88   Section        0  misc.o(i.SysTick_CLKSourceConfig)
    i.SysTick_Handler                        0x08000eb0   Section        0  stm32f10x_it.o(i.SysTick_Handler)
    i.SystemInit                             0x08000eb4   Section        0  system_stm32f10x.o(i.SystemInit)
    i.TI1_Config                             0x08000f14   Section        0  stm32f10x_tim.o(i.TI1_Config)
    TI1_Config                               0x08000f15   Thumb Code   108  stm32f10x_tim.o(i.TI1_Config)
    i.TI2_Config                             0x08000f94   Section        0  stm32f10x_tim.o(i.TI2_Config)
    TI2_Config                               0x08000f95   Thumb Code   130  stm32f10x_tim.o(i.TI2_Config)
    i.TI3_Config                             0x0800102c   Section        0  stm32f10x_tim.o(i.TI3_Config)
    TI3_Config                               0x0800102d   Thumb Code   122  stm32f10x_tim.o(i.TI3_Config)
    i.TI4_Config                             0x080010bc   Section        0  stm32f10x_tim.o(i.TI4_Config)
    TI4_Config                               0x080010bd   Thumb Code   130  stm32f10x_tim.o(i.TI4_Config)
    i.TIM4_IRQHandler                        0x08001154   Section        0  main.o(i.TIM4_IRQHandler)
    i.TIM_ARRPreloadConfig                   0x08001944   Section        0  stm32f10x_tim.o(i.TIM_ARRPreloadConfig)
    i.TIM_ClearITPendingBit                  0x0800195c   Section        0  stm32f10x_tim.o(i.TIM_ClearITPendingBit)
    i.TIM_Cmd                                0x08001962   Section        0  stm32f10x_tim.o(i.TIM_Cmd)
    i.TIM_CtrlPWMOutputs                     0x0800197a   Section        0  stm32f10x_tim.o(i.TIM_CtrlPWMOutputs)
    i.TIM_EncoderInterfaceConfig             0x08001998   Section        0  stm32f10x_tim.o(i.TIM_EncoderInterfaceConfig)
    i.TIM_GetCounter                         0x080019da   Section        0  stm32f10x_tim.o(i.TIM_GetCounter)
    i.TIM_ICInit                             0x080019e0   Section        0  stm32f10x_tim.o(i.TIM_ICInit)
    i.TIM_ICStructInit                       0x08001a8c   Section        0  stm32f10x_tim.o(i.TIM_ICStructInit)
    i.TIM_ITConfig                           0x08001a9e   Section        0  stm32f10x_tim.o(i.TIM_ITConfig)
    i.TIM_OC1Init                            0x08001ab0   Section        0  stm32f10x_tim.o(i.TIM_OC1Init)
    i.TIM_OC1PreloadConfig                   0x08001b48   Section        0  stm32f10x_tim.o(i.TIM_OC1PreloadConfig)
    i.TIM_OC2Init                            0x08001b5c   Section        0  stm32f10x_tim.o(i.TIM_OC2Init)
    i.TIM_OC3Init                            0x08001c00   Section        0  stm32f10x_tim.o(i.TIM_OC3Init)
    i.TIM_OC4Init                            0x08001ca0   Section        0  stm32f10x_tim.o(i.TIM_OC4Init)
    i.TIM_OC4PreloadConfig                   0x08001d1c   Section        0  stm32f10x_tim.o(i.TIM_OC4PreloadConfig)
    i.TIM_SetCompare1                        0x08001d36   Section        0  stm32f10x_tim.o(i.TIM_SetCompare1)
    i.TIM_SetCompare4                        0x08001d3a   Section        0  stm32f10x_tim.o(i.TIM_SetCompare4)
    i.TIM_SetCounter                         0x08001d40   Section        0  stm32f10x_tim.o(i.TIM_SetCounter)
    i.TIM_SetIC1Prescaler                    0x08001d44   Section        0  stm32f10x_tim.o(i.TIM_SetIC1Prescaler)
    i.TIM_SetIC2Prescaler                    0x08001d56   Section        0  stm32f10x_tim.o(i.TIM_SetIC2Prescaler)
    i.TIM_SetIC3Prescaler                    0x08001d70   Section        0  stm32f10x_tim.o(i.TIM_SetIC3Prescaler)
    i.TIM_SetIC4Prescaler                    0x08001d82   Section        0  stm32f10x_tim.o(i.TIM_SetIC4Prescaler)
    i.TIM_TimeBaseInit                       0x08001d9c   Section        0  stm32f10x_tim.o(i.TIM_TimeBaseInit)
    i.TIM_TimeBaseStructInit                 0x08001e40   Section        0  stm32f10x_tim.o(i.TIM_TimeBaseStructInit)
    i.USART1_IRQHandler                      0x08001e52   Section        0  uart.o(i.USART1_IRQHandler)
    i.USART2_IRQHandler                      0x08001e5c   Section        0  uart.o(i.USART2_IRQHandler)
    i.USART3_IRQHandler                      0x08001e66   Section        0  uart.o(i.USART3_IRQHandler)
    i.USART_ClearITPendingBit                0x08001e70   Section        0  stm32f10x_usart.o(i.USART_ClearITPendingBit)
    i.USART_Cmd                              0x08001e8e   Section        0  stm32f10x_usart.o(i.USART_Cmd)
    i.USART_DMACmd                           0x08001ea6   Section        0  stm32f10x_usart.o(i.USART_DMACmd)
    i.USART_GetITStatus                      0x08001eb8   Section        0  stm32f10x_usart.o(i.USART_GetITStatus)
    i.USART_ITConfig                         0x08001f0c   Section        0  stm32f10x_usart.o(i.USART_ITConfig)
    i.USART_Init                             0x08001f58   Section        0  stm32f10x_usart.o(i.USART_Init)
    i.USART_ReceiveData                      0x08002030   Section        0  stm32f10x_usart.o(i.USART_ReceiveData)
    i.USARTx_IRQHandler                      0x0800203c   Section        0  uart.o(i.USARTx_IRQHandler)
    USARTx_IRQHandler                        0x0800203d   Thumb Code   160  uart.o(i.USARTx_IRQHandler)
    i.UsageFault_Handler                     0x080020f4   Section        0  stm32f10x_it.o(i.UsageFault_Handler)
    i.__scatterload_copy                     0x080020f8   Section       14  handlers.o(i.__scatterload_copy)
    i.__scatterload_null                     0x08002106   Section        2  handlers.o(i.__scatterload_null)
    i.__scatterload_zeroinit                 0x08002108   Section       14  handlers.o(i.__scatterload_zeroinit)
    i.delay_init                             0x08002118   Section        0  delay.o(i.delay_init)
    i.dma_Rinit                              0x0800215c   Section        0  uart.o(i.dma_Rinit)
    dma_Rinit                                0x0800215d   Thumb Code   106  uart.o(i.dma_Rinit)
    i.dma_Tinit                              0x080021d8   Section        0  uart.o(i.dma_Tinit)
    dma_Tinit                                0x080021d9   Thumb Code    90  uart.o(i.dma_Tinit)
    i.gpio_init                              0x08002244   Section        0  uart.o(i.gpio_init)
    gpio_init                                0x08002245   Thumb Code    96  uart.o(i.gpio_init)
    i.gpio_init                              0x080022b8   Section        0  ic.o(i.gpio_init)
    gpio_init                                0x080022b9   Thumb Code    68  ic.o(i.gpio_init)
    i.ic_getdata                             0x0800230c   Section        0  ic.o(i.ic_getdata)
    i.ic_init                                0x08002334   Section        0  ic.o(i.ic_init)
    i.main                                   0x08002358   Section        0  main.o(i.main)
    i.maincycle_ms_init                      0x08002400   Section        0  maincycle.o(i.maincycle_ms_init)
    i.nvic_init                              0x08002428   Section        0  maincycle.o(i.nvic_init)
    nvic_init                                0x08002429   Thumb Code    32  maincycle.o(i.nvic_init)
    i.nvic_init                              0x08002448   Section        0  uart.o(i.nvic_init)
    nvic_init                                0x08002449   Thumb Code    34  uart.o(i.nvic_init)
    i.pwm_init                               0x08002470   Section        0  oc.o(i.pwm_init)
    i.straight_add                           0x080024a4   Section        0  pwm.o(i.straight_add)
    i.straight_set                           0x080025d0   Section        0  pwm.o(i.straight_set)
    i.tim1_init                              0x080026e8   Section        0  oc.o(i.tim1_init)
    i.tim_init                               0x080027b8   Section        0  maincycle.o(i.tim_init)
    tim_init                                 0x080027b9   Thumb Code    66  maincycle.o(i.tim_init)
    i.tim_init                               0x08002804   Section        0  ic.o(i.tim_init)
    tim_init                                 0x08002805   Thumb Code   118  ic.o(i.tim_init)
    i.trans_bt_R                             0x08002884   Section        0  trans.o(i.trans_bt_R)
    i.trans_bt_T                             0x08002bac   Section        0  trans.o(i.trans_bt_T)
    i.trans_bt_init                          0x08002d44   Section        0  trans.o(i.trans_bt_init)
    i.trans_others_R                         0x08002d9c   Section        0  trans.o(i.trans_others_R)
    i.trans_others_init                      0x08002f00   Section        0  trans.o(i.trans_others_init)
    i.uart_init                              0x08002f50   Section        0  uart.o(i.uart_init)
    i.uart_singletrans                       0x0800300c   Section        0  uart.o(i.uart_singletrans)
    i.usart_init                             0x08003058   Section        0  uart.o(i.usart_init)
    usart_init                               0x08003059   Thumb Code    74  uart.o(i.usart_init)
    .data                                    0x20000000   Section       20  stm32f10x_rcc.o(.data)
    APBAHBPrescTable                         0x20000000   Data          16  stm32f10x_rcc.o(.data)
    ADCPrescTable                            0x20000010   Data           4  stm32f10x_rcc.o(.data)
    .data                                    0x20000014   Section        4  delay.o(.data)
    fac_us                                   0x20000014   Data           1  delay.o(.data)
    fac_ms                                   0x20000016   Data           2  delay.o(.data)
    .data                                    0x20000018   Section        4  maincycle.o(.data)
    TIM4_Period                              0x20000018   Data           2  maincycle.o(.data)
    TIM8_Counter                             0x2000001a   Data           2  maincycle.o(.data)
    .data                                    0x2000001c   Section        4  gpio.o(.data)
    i0                                       0x2000001c   Data           4  gpio.o(.data)
    .data                                    0x20000020   Section      208  uart.o(.data)
    USARTx                                   0x20000020   Data          20  uart.o(.data)
    RCC_APB1Periph_USARTx                    0x20000034   Data          20  uart.o(.data)
    RCC_APB2Periph_USARTx                    0x20000048   Data          20  uart.o(.data)
    GPIOx                                    0x2000005c   Data          20  uart.o(.data)
    RCC_APB2Periph_GPIOx                     0x20000070   Data          20  uart.o(.data)
    T_GPIO_Pin_x                             0x20000084   Data          20  uart.o(.data)
    R_GPIO_Pin_x                             0x20000098   Data          20  uart.o(.data)
    USARTx_IRQn                              0x200000ac   Data           5  uart.o(.data)
    RCC_AHBPeriph_DMAx                       0x200000b4   Data          20  uart.o(.data)
    T_DMA_Channel_x                          0x200000c8   Data          20  uart.o(.data)
    R_DMA_Channel_x                          0x200000dc   Data          20  uart.o(.data)
    .data                                    0x200000f0   Section       96  ic.o(.data)
    TIMx                                     0x200000f0   Data          16  ic.o(.data)
    RCC_APB1Periph_TIMx                      0x20000100   Data          16  ic.o(.data)
    GPIOx                                    0x20000110   Data          16  ic.o(.data)
    RCC_APB2Periph_GPIOx                     0x20000120   Data          16  ic.o(.data)
    A_GPIO_Pin_x                             0x20000130   Data          16  ic.o(.data)
    B_GPIO_Pin_x                             0x20000140   Data          16  ic.o(.data)
    .data                                    0x20000150   Section        8  pwm.o(.data)
    pwm1                                     0x20000150   Data           4  pwm.o(.data)
    pwm2                                     0x20000154   Data           4  pwm.o(.data)
    .data                                    0x20000158   Section      148  main.o(.data)
    cnt                                      0x20000158   Data           4  main.o(.data)
    state                                    0x2000015c   Data           1  main.o(.data)
    state_store                              0x2000015d   Data           1  main.o(.data)
    stop_button                              0x2000015e   Data           1  main.o(.data)
    TEST__V_PID_ONLY_button                  0x2000015f   Data           1  main.o(.data)
    MOVE_to_STILL_delta_angle                0x20000160   Data           4  main.o(.data)
    MOVE_to_STILL_delta_s                    0x20000164   Data           4  main.o(.data)
    STILL_to_MOVE_delta_s                    0x20000168   Data           4  main.o(.data)
    MOVE_between_STILL_cnt                   0x2000016c   Data           4  main.o(.data)
    MOVE_between_STILL_cnt_max               0x20000170   Data           4  main.o(.data)
    P_v                                      0x20000174   Data           4  main.o(.data)
    I_v                                      0x20000178   Data           4  main.o(.data)
    D_v                                      0x2000017c   Data           4  main.o(.data)
    a_v1                                     0x20000180   Data           4  main.o(.data)
    a_v2                                     0x20000184   Data           4  main.o(.data)
    v1                                       0x20000188   Data           4  main.o(.data)
    v2                                       0x2000018c   Data           4  main.o(.data)
    pwm1                                     0x20000190   Data           4  main.o(.data)
    pwm2                                     0x20000194   Data           4  main.o(.data)
    pwm_max                                  0x20000198   Data           4  main.o(.data)
    P_angle                                  0x2000019c   Data           4  main.o(.data)
    I_angle                                  0x200001a0   Data           4  main.o(.data)
    D_angle                                  0x200001a4   Data           4  main.o(.data)
    a_angle                                  0x200001a8   Data           4  main.o(.data)
    average_filter_num                       0x200001ac   Data           4  main.o(.data)
    angle                                    0x200001b0   Data           4  main.o(.data)
    a_vd                                     0x200001b4   Data           4  main.o(.data)
    a_vd_max                                 0x200001b8   Data           4  main.o(.data)
    P_s                                      0x200001bc   Data           4  main.o(.data)
    I_s                                      0x200001c0   Data           4  main.o(.data)
    D_s                                      0x200001c4   Data           4  main.o(.data)
    a_s                                      0x200001c8   Data           4  main.o(.data)
    s                                        0x200001cc   Data           4  main.o(.data)
    a_vc                                     0x200001d0   Data           4  main.o(.data)
    a_vc_max                                 0x200001d4   Data           4  main.o(.data)
    min_enable_pid__s                        0x200001d8   Data           4  main.o(.data)
    min_enable_pid__delta_s                  0x200001dc   Data           4  main.o(.data)
    a_v1_temp                                0x200001e0   Data           4  main.o(.data)
    a_v2_temp                                0x200001e4   Data           4  main.o(.data)
    a_v__peradd                              0x200001e8   Data           4  main.o(.data)
    .data                                    0x200001ec   Section       20  system_stm32f10x.o(.data)
    .bss                                     0x20000200   Section     1140  uart.o(.bss)
    GPIO_Remap_USARTx                        0x20000200   Data          20  uart.o(.bss)
    rx_pre                                   0x20000214   Data        1000  uart.o(.bss)
    bauds                                    0x200005fc   Data          20  uart.o(.bss)
    tx_ptrs                                  0x20000610   Data          20  uart.o(.bss)
    tx_lens                                  0x20000624   Data          20  uart.o(.bss)
    rx_ptrs                                  0x20000638   Data          20  uart.o(.bss)
    rx_lens                                  0x2000064c   Data          20  uart.o(.bss)
    rx_flags                                 0x20000660   Data          20  uart.o(.bss)
    .bss                                     0x20000674   Section     1540  trans.o(.bss)
    trans_bt_Tbuff                           0x20000674   Data         512  trans.o(.bss)
    trans_bt_Rbuff                           0x20000874   Data         512  trans.o(.bss)
    trans_bt_Rflag                           0x20000a74   Data          16  trans.o(.bss)
    trans_mpu_Rbuff                          0x20000c3c   Data          44  trans.o(.bss)
    trans_mpu_Rflag                          0x20000c68   Data          16  trans.o(.bss)
    .bss                                     0x20000c78   Section      192  main.o(.bss)
    angle_int                                0x20000ce8   Data          40  main.o(.bss)
    s_int                                    0x20000d10   Data          40  main.o(.bss)
    STACK                                    0x20000d38   Section     1024  startup_stm32f10x_md.o(STACK)

    Global Symbols

    Symbol Name                              Value     Ov Type        Size  Object(Section)

    BuildAttributes$$THM_ISAv4$P$D$K$B$S$PE$A:L22UL41UL21$X:L11$S22US41US21$IEEE1$IW$USESV6$~STKCKD$USESV7$~SHL$OTIME$ROPI$IEEEX$EBA8$MICROLIB$REQ8$PRES8$EABIv2 0x00000000   Number         0  anon$$obj.o ABSOLUTE
    __ARM_use_no_argv                        0x00000000   Number         0  main.o ABSOLUTE
    __arm_fini_                               - Undefined Weak Reference
    __cpp_initialize__aeabi_                  - Undefined Weak Reference
    __cxa_finalize                            - Undefined Weak Reference
    _clock_init                               - Undefined Weak Reference
    _microlib_exit                            - Undefined Weak Reference
    __Vectors_Size                           0x000000ec   Number         0  startup_stm32f10x_md.o ABSOLUTE
    __Vectors                                0x08000000   Data           4  startup_stm32f10x_md.o(RESET)
    __Vectors_End                            0x080000ec   Data           0  startup_stm32f10x_md.o(RESET)
    __main                                   0x080000ed   Thumb Code     0  entry.o(.ARM.Collect$$$$00000000)
    _main_stk                                0x080000ed   Thumb Code     0  entry2.o(.ARM.Collect$$$$00000001)
    _main_scatterload                        0x080000f1   Thumb Code     0  entry5.o(.ARM.Collect$$$$00000004)
    __main_after_scatterload                 0x080000f5   Thumb Code     0  entry5.o(.ARM.Collect$$$$00000004)
    _main_clock                              0x080000f5   Thumb Code     0  entry7b.o(.ARM.Collect$$$$00000008)
    _main_cpp_init                           0x080000f5   Thumb Code     0  entry8b.o(.ARM.Collect$$$$0000000A)
    _main_init                               0x080000f5   Thumb Code     0  entry9a.o(.ARM.Collect$$$$0000000B)
    __rt_lib_shutdown_fini                   0x080000fd   Thumb Code     0  entry12b.o(.ARM.Collect$$$$0000000E)
    __rt_final_cpp                           0x08000101   Thumb Code     0  entry10a.o(.ARM.Collect$$$$0000000F)
    __rt_final_exit                          0x08000101   Thumb Code     0  entry11a.o(.ARM.Collect$$$$00000011)
    Reset_Handler                            0x08000105   Thumb Code     8  startup_stm32f10x_md.o(.text)
    ADC1_2_IRQHandler                        0x0800011f   Thumb Code     0  startup_stm32f10x_md.o(.text)
    CAN1_RX1_IRQHandler                      0x0800011f   Thumb Code     0  startup_stm32f10x_md.o(.text)
    CAN1_SCE_IRQHandler                      0x0800011f   Thumb Code     0  startup_stm32f10x_md.o(.text)
    DMA1_Channel1_IRQHandler                 0x0800011f   Thumb Code     0  startup_stm32f10x_md.o(.text)
    DMA1_Channel2_IRQHandler                 0x0800011f   Thumb Code     0  startup_stm32f10x_md.o(.text)
    DMA1_Channel3_IRQHandler                 0x0800011f   Thumb Code     0  startup_stm32f10x_md.o(.text)
    DMA1_Channel4_IRQHandler                 0x0800011f   Thumb Code     0  startup_stm32f10x_md.o(.text)
    DMA1_Channel5_IRQHandler                 0x0800011f   Thumb Code     0  startup_stm32f10x_md.o(.text)
    DMA1_Channel6_IRQHandler                 0x0800011f   Thumb Code     0  startup_stm32f10x_md.o(.text)
    DMA1_Channel7_IRQHandler                 0x0800011f   Thumb Code     0  startup_stm32f10x_md.o(.text)
    FLASH_IRQHandler                         0x0800011f   Thumb Code     0  startup_stm32f10x_md.o(.text)
    I2C1_ER_IRQHandler                       0x0800011f   Thumb Code     0  startup_stm32f10x_md.o(.text)
    I2C1_EV_IRQHandler                       0x0800011f   Thumb Code     0  startup_stm32f10x_md.o(.text)
    I2C2_ER_IRQHandler                       0x0800011f   Thumb Code     0  startup_stm32f10x_md.o(.text)
    I2C2_EV_IRQHandler                       0x0800011f   Thumb Code     0  startup_stm32f10x_md.o(.text)
    PVD_IRQHandler                           0x0800011f   Thumb Code     0  startup_stm32f10x_md.o(.text)
    RCC_IRQHandler                           0x0800011f   Thumb Code     0  startup_stm32f10x_md.o(.text)
    RTCAlarm_IRQHandler                      0x0800011f   Thumb Code     0  startup_stm32f10x_md.o(.text)
    RTC_IRQHandler                           0x0800011f   Thumb Code     0  startup_stm32f10x_md.o(.text)
    SPI1_IRQHandler                          0x0800011f   Thumb Code     0  startup_stm32f10x_md.o(.text)
    SPI2_IRQHandler                          0x0800011f   Thumb Code     0  startup_stm32f10x_md.o(.text)
    TAMPER_IRQHandler                        0x0800011f   Thumb Code     0  startup_stm32f10x_md.o(.text)
    TIM1_BRK_IRQHandler                      0x0800011f   Thumb Code     0  startup_stm32f10x_md.o(.text)
    TIM1_CC_IRQHandler                       0x0800011f   Thumb Code     0  startup_stm32f10x_md.o(.text)
    TIM1_TRG_COM_IRQHandler                  0x0800011f   Thumb Code     0  startup_stm32f10x_md.o(.text)
    TIM1_UP_IRQHandler                       0x0800011f   Thumb Code     0  startup_stm32f10x_md.o(.text)
    TIM2_IRQHandler                          0x0800011f   Thumb Code     0  startup_stm32f10x_md.o(.text)
    TIM3_IRQHandler                          0x0800011f   Thumb Code     0  startup_stm32f10x_md.o(.text)
    USBWakeUp_IRQHandler                     0x0800011f   Thumb Code     0  startup_stm32f10x_md.o(.text)
    USB_HP_CAN1_TX_IRQHandler                0x0800011f   Thumb Code     0  startup_stm32f10x_md.o(.text)
    USB_LP_CAN1_RX0_IRQHandler               0x0800011f   Thumb Code     0  startup_stm32f10x_md.o(.text)
    WWDG_IRQHandler                          0x0800011f   Thumb Code     0  startup_stm32f10x_md.o(.text)
    __aeabi_memset                           0x08000129   Thumb Code    14  memseta.o(.text)
    __aeabi_memset4                          0x08000129   Thumb Code     0  memseta.o(.text)
    __aeabi_memset8                          0x08000129   Thumb Code     0  memseta.o(.text)
    __aeabi_memclr                           0x08000137   Thumb Code     4  memseta.o(.text)
    __aeabi_memclr4                          0x08000137   Thumb Code     0  memseta.o(.text)
    __aeabi_memclr8                          0x08000137   Thumb Code     0  memseta.o(.text)
    _memset$wrapper                          0x0800013b   Thumb Code    18  memseta.o(.text)
    __aeabi_fadd                             0x0800014d   Thumb Code   164  fadd.o(.text)
    __aeabi_fsub                             0x080001f1   Thumb Code     6  fadd.o(.text)
    __aeabi_frsub                            0x080001f7   Thumb Code     6  fadd.o(.text)
    __aeabi_fmul                             0x080001fd   Thumb Code   100  fmul.o(.text)
    __aeabi_fdiv                             0x08000261   Thumb Code   124  fdiv.o(.text)
    __aeabi_dmul                             0x080002dd   Thumb Code   228  dmul.o(.text)
    __aeabi_ddiv                             0x080003c1   Thumb Code   222  ddiv.o(.text)
    __aeabi_i2f                              0x0800049f   Thumb Code    18  fflti.o(.text)
    __aeabi_ui2f                             0x080004b1   Thumb Code    10  ffltui.o(.text)
    __aeabi_i2d                              0x080004bb   Thumb Code    34  dflti.o(.text)
    __aeabi_ui2d                             0x080004dd   Thumb Code    26  dfltui.o(.text)
    __aeabi_f2uiz                            0x080004f7   Thumb Code    40  ffixui.o(.text)
    __aeabi_d2f                              0x0800051f   Thumb Code    56  d2f.o(.text)
    __aeabi_cfcmpeq                          0x08000559   Thumb Code     0  cfcmple.o(.text)
    __aeabi_cfcmple                          0x08000559   Thumb Code    20  cfcmple.o(.text)
    __aeabi_cfrcmple                         0x0800056d   Thumb Code    20  cfrcmple.o(.text)
    __aeabi_llsl                             0x08000581   Thumb Code    30  llshl.o(.text)
    _ll_shift_l                              0x08000581   Thumb Code     0  llshl.o(.text)
    __I$use$fp                               0x0800059f   Thumb Code     0  iusefp.o(.text)
    _float_round                             0x0800059f   Thumb Code    18  fepilogue.o(.text)
    _float_epilogue                          0x080005b1   Thumb Code    92  fepilogue.o(.text)
    _double_round                            0x0800060d   Thumb Code    30  depilogue.o(.text)
    _double_epilogue                         0x0800062b   Thumb Code   156  depilogue.o(.text)
    __scatterload                            0x080006c9   Thumb Code    28  init.o(.text)
    __scatterload_rt2                        0x080006c9   Thumb Code     0  init.o(.text)
    __aeabi_llsr                             0x080006ed   Thumb Code    32  llushr.o(.text)
    _ll_ushift_r                             0x080006ed   Thumb Code     0  llushr.o(.text)
    __decompress                             0x0800070d   Thumb Code     0  __dczerorl2.o(.text)
    __decompress1                            0x0800070d   Thumb Code    86  __dczerorl2.o(.text)
    BusFault_Handler                         0x08000763   Thumb Code     4  stm32f10x_it.o(i.BusFault_Handler)
    CPUoccupationRate_Calculatefinish        0x08000769   Thumb Code    68  maincycle.o(i.CPUoccupationRate_Calculatefinish)
    CPUoccupationRate_Calculatestart         0x080007bd   Thumb Code    14  maincycle.o(i.CPUoccupationRate_Calculatestart)
    DMA_Cmd                                  0x080007d5   Thumb Code    24  stm32f10x_dma.o(i.DMA_Cmd)
    DMA_GetCurrDataCounter                   0x080007ed   Thumb Code     8  stm32f10x_dma.o(i.DMA_GetCurrDataCounter)
    DMA_Init                                 0x080007f5   Thumb Code    60  stm32f10x_dma.o(i.DMA_Init)
    DMA_SetCurrDataCounter                   0x08000831   Thumb Code     4  stm32f10x_dma.o(i.DMA_SetCurrDataCounter)
    DebugMon_Handler                         0x08000835   Thumb Code     2  stm32f10x_it.o(i.DebugMon_Handler)
    EXTI0_IRQHandler                         0x08000839   Thumb Code    16  gpio.o(i.EXTI0_IRQHandler)
    EXTI15_10_IRQHandler                     0x08000851   Thumb Code    16  gpio.o(i.EXTI15_10_IRQHandler)
    EXTI1_IRQHandler                         0x08000869   Thumb Code    16  gpio.o(i.EXTI1_IRQHandler)
    EXTI2_IRQHandler                         0x08000881   Thumb Code    16  gpio.o(i.EXTI2_IRQHandler)
    EXTI3_IRQHandler                         0x08000899   Thumb Code    16  gpio.o(i.EXTI3_IRQHandler)
    EXTI4_IRQHandler                         0x080008b1   Thumb Code    16  gpio.o(i.EXTI4_IRQHandler)
    EXTI9_5_IRQHandler                       0x080008c9   Thumb Code    16  gpio.o(i.EXTI9_5_IRQHandler)
    EXTI_ClearITPendingBit                   0x080008e1   Thumb Code     6  stm32f10x_exti.o(i.EXTI_ClearITPendingBit)
    GPIO_Init                                0x080008ed   Thumb Code   278  stm32f10x_gpio.o(i.GPIO_Init)
    GPIO_PinRemapConfig                      0x08000a05   Thumb Code   138  stm32f10x_gpio.o(i.GPIO_PinRemapConfig)
    GPIO_StructInit                          0x08000a95   Thumb Code    16  stm32f10x_gpio.o(i.GPIO_StructInit)
    HardFault_Handler                        0x08000aa5   Thumb Code     4  stm32f10x_it.o(i.HardFault_Handler)
    MemManage_Handler                        0x08000aa9   Thumb Code     4  stm32f10x_it.o(i.MemManage_Handler)
    NMI_Handler                              0x08000aad   Thumb Code     2  stm32f10x_it.o(i.NMI_Handler)
    NVIC_Init                                0x08000ab1   Thumb Code   100  misc.o(i.NVIC_Init)
    NVIC_PriorityGroupConfig                 0x08000b21   Thumb Code    10  misc.o(i.NVIC_PriorityGroupConfig)
    PID_calc1                                0x08000b35   Thumb Code   128  pid.o(i.PID_calc1)
    PID_calc2                                0x08000bb5   Thumb Code   148  pid.o(i.PID_calc2)
    PID_init                                 0x08000c49   Thumb Code    28  pid.o(i.PID_init)
    PendSV_Handler                           0x08000c65   Thumb Code     2  stm32f10x_it.o(i.PendSV_Handler)
    RCC_AHBPeriphClockCmd                    0x08000c69   Thumb Code    26  stm32f10x_rcc.o(i.RCC_AHBPeriphClockCmd)
    RCC_APB1PeriphClockCmd                   0x08000c89   Thumb Code    26  stm32f10x_rcc.o(i.RCC_APB1PeriphClockCmd)
    RCC_APB2PeriphClockCmd                   0x08000ca9   Thumb Code    26  stm32f10x_rcc.o(i.RCC_APB2PeriphClockCmd)
    RCC_GetClocksFreq                        0x08000cc9   Thumb Code   192  stm32f10x_rcc.o(i.RCC_GetClocksFreq)
    SVC_Handler                              0x08000d9d   Thumb Code     2  stm32f10x_it.o(i.SVC_Handler)
    SysTick_CLKSourceConfig                  0x08000e89   Thumb Code    40  misc.o(i.SysTick_CLKSourceConfig)
    SysTick_Handler                          0x08000eb1   Thumb Code     2  stm32f10x_it.o(i.SysTick_Handler)
    SystemInit                               0x08000eb5   Thumb Code    78  system_stm32f10x.o(i.SystemInit)
    TIM4_IRQHandler                          0x08001155   Thumb Code  1890  main.o(i.TIM4_IRQHandler)
    TIM_ARRPreloadConfig                     0x08001945   Thumb Code    24  stm32f10x_tim.o(i.TIM_ARRPreloadConfig)
    TIM_ClearITPendingBit                    0x0800195d   Thumb Code     6  stm32f10x_tim.o(i.TIM_ClearITPendingBit)
    TIM_Cmd                                  0x08001963   Thumb Code    24  stm32f10x_tim.o(i.TIM_Cmd)
    TIM_CtrlPWMOutputs                       0x0800197b   Thumb Code    30  stm32f10x_tim.o(i.TIM_CtrlPWMOutputs)
    TIM_EncoderInterfaceConfig               0x08001999   Thumb Code    66  stm32f10x_tim.o(i.TIM_EncoderInterfaceConfig)
    TIM_GetCounter                           0x080019db   Thumb Code     6  stm32f10x_tim.o(i.TIM_GetCounter)
    TIM_ICInit                               0x080019e1   Thumb Code   150  stm32f10x_tim.o(i.TIM_ICInit)
    TIM_ICStructInit                         0x08001a8d   Thumb Code    18  stm32f10x_tim.o(i.TIM_ICStructInit)
    TIM_ITConfig                             0x08001a9f   Thumb Code    18  stm32f10x_tim.o(i.TIM_ITConfig)
    TIM_OC1Init                              0x08001ab1   Thumb Code   132  stm32f10x_tim.o(i.TIM_OC1Init)
    TIM_OC1PreloadConfig                     0x08001b49   Thumb Code    18  stm32f10x_tim.o(i.TIM_OC1PreloadConfig)
    TIM_OC2Init                              0x08001b5d   Thumb Code   154  stm32f10x_tim.o(i.TIM_OC2Init)
    TIM_OC3Init                              0x08001c01   Thumb Code   150  stm32f10x_tim.o(i.TIM_OC3Init)
    TIM_OC4Init                              0x08001ca1   Thumb Code   114  stm32f10x_tim.o(i.TIM_OC4Init)
    TIM_OC4PreloadConfig                     0x08001d1d   Thumb Code    26  stm32f10x_tim.o(i.TIM_OC4PreloadConfig)
    TIM_SetCompare1                          0x08001d37   Thumb Code     4  stm32f10x_tim.o(i.TIM_SetCompare1)
    TIM_SetCompare4                          0x08001d3b   Thumb Code     6  stm32f10x_tim.o(i.TIM_SetCompare4)
    TIM_SetCounter                           0x08001d41   Thumb Code     4  stm32f10x_tim.o(i.TIM_SetCounter)
    TIM_SetIC1Prescaler                      0x08001d45   Thumb Code    18  stm32f10x_tim.o(i.TIM_SetIC1Prescaler)
    TIM_SetIC2Prescaler                      0x08001d57   Thumb Code    26  stm32f10x_tim.o(i.TIM_SetIC2Prescaler)
    TIM_SetIC3Prescaler                      0x08001d71   Thumb Code    18  stm32f10x_tim.o(i.TIM_SetIC3Prescaler)
    TIM_SetIC4Prescaler                      0x08001d83   Thumb Code    26  stm32f10x_tim.o(i.TIM_SetIC4Prescaler)
    TIM_TimeBaseInit                         0x08001d9d   Thumb Code   122  stm32f10x_tim.o(i.TIM_TimeBaseInit)
    TIM_TimeBaseStructInit                   0x08001e41   Thumb Code    18  stm32f10x_tim.o(i.TIM_TimeBaseStructInit)
    USART1_IRQHandler                        0x08001e53   Thumb Code    10  uart.o(i.USART1_IRQHandler)
    USART2_IRQHandler                        0x08001e5d   Thumb Code    10  uart.o(i.USART2_IRQHandler)
    USART3_IRQHandler                        0x08001e67   Thumb Code    10  uart.o(i.USART3_IRQHandler)
    USART_ClearITPendingBit                  0x08001e71   Thumb Code    30  stm32f10x_usart.o(i.USART_ClearITPendingBit)
    USART_Cmd                                0x08001e8f   Thumb Code    24  stm32f10x_usart.o(i.USART_Cmd)
    USART_DMACmd                             0x08001ea7   Thumb Code    18  stm32f10x_usart.o(i.USART_DMACmd)
    USART_GetITStatus                        0x08001eb9   Thumb Code    84  stm32f10x_usart.o(i.USART_GetITStatus)
    USART_ITConfig                           0x08001f0d   Thumb Code    74  stm32f10x_usart.o(i.USART_ITConfig)
    USART_Init                               0x08001f59   Thumb Code   210  stm32f10x_usart.o(i.USART_Init)
    USART_ReceiveData                        0x08002031   Thumb Code    10  stm32f10x_usart.o(i.USART_ReceiveData)
    UsageFault_Handler                       0x080020f5   Thumb Code     4  stm32f10x_it.o(i.UsageFault_Handler)
    __scatterload_copy                       0x080020f9   Thumb Code    14  handlers.o(i.__scatterload_copy)
    __scatterload_null                       0x08002107   Thumb Code     2  handlers.o(i.__scatterload_null)
    __scatterload_zeroinit                   0x08002109   Thumb Code    14  handlers.o(i.__scatterload_zeroinit)
    delay_init                               0x08002119   Thumb Code    50  delay.o(i.delay_init)
    ic_getdata                               0x0800230d   Thumb Code    36  ic.o(i.ic_getdata)
    ic_init                                  0x08002335   Thumb Code    32  ic.o(i.ic_init)
    main                                     0x08002359   Thumb Code   148  main.o(i.main)
    maincycle_ms_init                        0x08002401   Thumb Code    34  maincycle.o(i.maincycle_ms_init)
    pwm_init                                 0x08002471   Thumb Code    46  oc.o(i.pwm_init)
    straight_add                             0x080024a5   Thumb Code   272  pwm.o(i.straight_add)
    straight_set                             0x080025d1   Thumb Code   252  pwm.o(i.straight_set)
    tim1_init                                0x080026e9   Thumb Code   200  oc.o(i.tim1_init)
    trans_bt_R                               0x08002885   Thumb Code   798  trans.o(i.trans_bt_R)
    trans_bt_T                               0x08002bad   Thumb Code   402  trans.o(i.trans_bt_T)
    trans_bt_init                            0x08002d45   Thumb Code    74  trans.o(i.trans_bt_init)
    trans_others_R                           0x08002d9d   Thumb Code   348  trans.o(i.trans_others_R)
    trans_others_init                        0x08002f01   Thumb Code    66  trans.o(i.trans_others_init)
    uart_init                                0x08002f51   Thumb Code   150  uart.o(i.uart_init)
    uart_singletrans                         0x0800300d   Thumb Code    66  uart.o(i.uart_singletrans)
    Region$$Table$$Base                      0x080030b4   Number         0  anon$$obj.o(Region$$Table)
    Region$$Table$$Limit                     0x080030d4   Number         0  anon$$obj.o(Region$$Table)
    SystemCoreClock                          0x200001ec   Data           4  system_stm32f10x.o(.data)
    AHBPrescTable                            0x200001f0   Data          16  system_stm32f10x.o(.data)
    trans_others_Tbuff                       0x20000a84   Data         208  trans.o(.bss)
    trans_others_TFlag                       0x20000b54   Data          16  trans.o(.bss)
    trans_others_Rbuff                       0x20000b64   Data         200  trans.o(.bss)
    trans_others_RFlag                       0x20000c2c   Data          16  trans.o(.bss)
    v1_pid                                   0x20000c78   Data          28  main.o(.bss)
    v2_pid                                   0x20000c94   Data          28  main.o(.bss)
    angle_pid                                0x20000cb0   Data          28  main.o(.bss)
    s_pid                                    0x20000ccc   Data          28  main.o(.bss)
    __initial_sp                             0x20001138   Data           0  startup_stm32f10x_md.o(STACK)



==============================================================================

Memory Map of the image

  Image Entry point : 0x080000ed

  Load Region LR_IROM1 (Base: 0x08000000, Size: 0x000032d4, Max: 0x00010000, ABSOLUTE, COMPRESSED[0x00003170])

    Execution Region ER_IROM1 (Exec base: 0x08000000, Load base: 0x08000000, Size: 0x000030d4, Max: 0x00010000, ABSOLUTE)

    Exec Addr    Load Addr    Size         Type   Attr      Idx    E Section Name        Object

    0x08000000   0x08000000   0x000000ec   Data   RO           19    RESET               startup_stm32f10x_md.o
    0x080000ec   0x080000ec   0x00000000   Code   RO         4455  * .ARM.Collect$$$$00000000  mc_w.l(entry.o)
    0x080000ec   0x080000ec   0x00000004   Code   RO         4533    .ARM.Collect$$$$00000001  mc_w.l(entry2.o)
    0x080000f0   0x080000f0   0x00000004   Code   RO         4536    .ARM.Collect$$$$00000004  mc_w.l(entry5.o)
    0x080000f4   0x080000f4   0x00000000   Code   RO         4538    .ARM.Collect$$$$00000008  mc_w.l(entry7b.o)
    0x080000f4   0x080000f4   0x00000000   Code   RO         4540    .ARM.Collect$$$$0000000A  mc_w.l(entry8b.o)
    0x080000f4   0x080000f4   0x00000008   Code   RO         4541    .ARM.Collect$$$$0000000B  mc_w.l(entry9a.o)
    0x080000fc   0x080000fc   0x00000004   Code   RO         4548    .ARM.Collect$$$$0000000E  mc_w.l(entry12b.o)
    0x08000100   0x08000100   0x00000000   Code   RO         4543    .ARM.Collect$$$$0000000F  mc_w.l(entry10a.o)
    0x08000100   0x08000100   0x00000000   Code   RO         4545    .ARM.Collect$$$$00000011  mc_w.l(entry11a.o)
    0x08000100   0x08000100   0x00000004   Code   RO         4534    .ARM.Collect$$$$00002712  mc_w.l(entry2.o)
    0x08000104   0x08000104   0x00000024   Code   RO           20    .text               startup_stm32f10x_md.o
    0x08000128   0x08000128   0x00000024   Code   RO         4460    .text               mc_w.l(memseta.o)
    0x0800014c   0x0800014c   0x000000b0   Code   RO         4464    .text               mf_w.l(fadd.o)
    0x080001fc   0x080001fc   0x00000064   Code   RO         4466    .text               mf_w.l(fmul.o)
    0x08000260   0x08000260   0x0000007c   Code   RO         4468    .text               mf_w.l(fdiv.o)
    0x080002dc   0x080002dc   0x000000e4   Code   RO         4472    .text               mf_w.l(dmul.o)
    0x080003c0   0x080003c0   0x000000de   Code   RO         4474    .text               mf_w.l(ddiv.o)
    0x0800049e   0x0800049e   0x00000012   Code   RO         4476    .text               mf_w.l(fflti.o)
    0x080004b0   0x080004b0   0x0000000a   Code   RO         4478    .text               mf_w.l(ffltui.o)
    0x080004ba   0x080004ba   0x00000022   Code   RO         4480    .text               mf_w.l(dflti.o)
    0x080004dc   0x080004dc   0x0000001a   Code   RO         4482    .text               mf_w.l(dfltui.o)
    0x080004f6   0x080004f6   0x00000028   Code   RO         4486    .text               mf_w.l(ffixui.o)
    0x0800051e   0x0800051e   0x00000038   Code   RO         4490    .text               mf_w.l(d2f.o)
    0x08000556   0x08000556   0x00000002   PAD
    0x08000558   0x08000558   0x00000014   Code   RO         4492    .text               mf_w.l(cfcmple.o)
    0x0800056c   0x0800056c   0x00000014   Code   RO         4494    .text               mf_w.l(cfrcmple.o)
    0x08000580   0x08000580   0x0000001e   Code   RO         4551    .text               mc_w.l(llshl.o)
    0x0800059e   0x0800059e   0x00000000   Code   RO         4562    .text               mc_w.l(iusefp.o)
    0x0800059e   0x0800059e   0x0000006e   Code   RO         4563    .text               mf_w.l(fepilogue.o)
    0x0800060c   0x0800060c   0x000000ba   Code   RO         4565    .text               mf_w.l(depilogue.o)
    0x080006c6   0x080006c6   0x00000002   PAD
    0x080006c8   0x080006c8   0x00000024   Code   RO         4571    .text               mc_w.l(init.o)
    0x080006ec   0x080006ec   0x00000020   Code   RO         4573    .text               mc_w.l(llushr.o)
    0x0800070c   0x0800070c   0x00000056   Code   RO         4585    .text               mc_w.l(__dczerorl2.o)
    0x08000762   0x08000762   0x00000004   Code   RO         3598    i.BusFault_Handler  stm32f10x_it.o
    0x08000766   0x08000766   0x00000002   PAD
    0x08000768   0x08000768   0x00000054   Code   RO         3161    i.CPUoccupationRate_Calculatefinish  maincycle.o
    0x080007bc   0x080007bc   0x00000018   Code   RO         3162    i.CPUoccupationRate_Calculatestart  maincycle.o
    0x080007d4   0x080007d4   0x00000018   Code   RO          834    i.DMA_Cmd           stm32f10x_dma.o
    0x080007ec   0x080007ec   0x00000008   Code   RO          836    i.DMA_GetCurrDataCounter  stm32f10x_dma.o
    0x080007f4   0x080007f4   0x0000003c   Code   RO          840    i.DMA_Init          stm32f10x_dma.o
    0x08000830   0x08000830   0x00000004   Code   RO          841    i.DMA_SetCurrDataCounter  stm32f10x_dma.o
    0x08000834   0x08000834   0x00000002   Code   RO         3599    i.DebugMon_Handler  stm32f10x_it.o
    0x08000836   0x08000836   0x00000002   PAD
    0x08000838   0x08000838   0x00000018   Code   RO         3200    i.EXTI0_IRQHandler  gpio.o
    0x08000850   0x08000850   0x00000018   Code   RO         3201    i.EXTI15_10_IRQHandler  gpio.o
    0x08000868   0x08000868   0x00000018   Code   RO         3202    i.EXTI1_IRQHandler  gpio.o
    0x08000880   0x08000880   0x00000018   Code   RO         3203    i.EXTI2_IRQHandler  gpio.o
    0x08000898   0x08000898   0x00000018   Code   RO         3204    i.EXTI3_IRQHandler  gpio.o
    0x080008b0   0x080008b0   0x00000018   Code   RO         3205    i.EXTI4_IRQHandler  gpio.o
    0x080008c8   0x080008c8   0x00000018   Code   RO         3206    i.EXTI9_5_IRQHandler  gpio.o
    0x080008e0   0x080008e0   0x0000000c   Code   RO          905    i.EXTI_ClearITPendingBit  stm32f10x_exti.o
    0x080008ec   0x080008ec   0x00000116   Code   RO         1258    i.GPIO_Init         stm32f10x_gpio.o
    0x08000a02   0x08000a02   0x00000002   PAD
    0x08000a04   0x08000a04   0x00000090   Code   RO         1260    i.GPIO_PinRemapConfig  stm32f10x_gpio.o
    0x08000a94   0x08000a94   0x00000010   Code   RO         1267    i.GPIO_StructInit   stm32f10x_gpio.o
    0x08000aa4   0x08000aa4   0x00000004   Code   RO         3600    i.HardFault_Handler  stm32f10x_it.o
    0x08000aa8   0x08000aa8   0x00000004   Code   RO         3601    i.MemManage_Handler  stm32f10x_it.o
    0x08000aac   0x08000aac   0x00000002   Code   RO         3602    i.NMI_Handler       stm32f10x_it.o
    0x08000aae   0x08000aae   0x00000002   PAD
    0x08000ab0   0x08000ab0   0x00000070   Code   RO           24    i.NVIC_Init         misc.o
    0x08000b20   0x08000b20   0x00000014   Code   RO           25    i.NVIC_PriorityGroupConfig  misc.o
    0x08000b34   0x08000b34   0x00000080   Code   RO         3134    i.PID_calc1         pid.o
    0x08000bb4   0x08000bb4   0x00000094   Code   RO         3135    i.PID_calc2         pid.o
    0x08000c48   0x08000c48   0x0000001c   Code   RO         3136    i.PID_init          pid.o
    0x08000c64   0x08000c64   0x00000002   Code   RO         3603    i.PendSV_Handler    stm32f10x_it.o
    0x08000c66   0x08000c66   0x00000002   PAD
    0x08000c68   0x08000c68   0x00000020   Code   RO         1673    i.RCC_AHBPeriphClockCmd  stm32f10x_rcc.o
    0x08000c88   0x08000c88   0x00000020   Code   RO         1674    i.RCC_APB1PeriphClockCmd  stm32f10x_rcc.o
    0x08000ca8   0x08000ca8   0x00000020   Code   RO         1676    i.RCC_APB2PeriphClockCmd  stm32f10x_rcc.o
    0x08000cc8   0x08000cc8   0x000000d4   Code   RO         1684    i.RCC_GetClocksFreq  stm32f10x_rcc.o
    0x08000d9c   0x08000d9c   0x00000002   Code   RO         3604    i.SVC_Handler       stm32f10x_it.o
    0x08000d9e   0x08000d9e   0x00000008   Code   RO         3661    i.SetSysClock       system_stm32f10x.o
    0x08000da6   0x08000da6   0x00000002   PAD
    0x08000da8   0x08000da8   0x000000e0   Code   RO         3662    i.SetSysClockTo72   system_stm32f10x.o
    0x08000e88   0x08000e88   0x00000028   Code   RO           28    i.SysTick_CLKSourceConfig  misc.o
    0x08000eb0   0x08000eb0   0x00000002   Code   RO         3605    i.SysTick_Handler   stm32f10x_it.o
    0x08000eb2   0x08000eb2   0x00000002   PAD
    0x08000eb4   0x08000eb4   0x00000060   Code   RO         3664    i.SystemInit        system_stm32f10x.o
    0x08000f14   0x08000f14   0x00000080   Code   RO         2292    i.TI1_Config        stm32f10x_tim.o
    0x08000f94   0x08000f94   0x00000098   Code   RO         2293    i.TI2_Config        stm32f10x_tim.o
    0x0800102c   0x0800102c   0x00000090   Code   RO         2294    i.TI3_Config        stm32f10x_tim.o
    0x080010bc   0x080010bc   0x00000098   Code   RO         2295    i.TI4_Config        stm32f10x_tim.o
    0x08001154   0x08001154   0x000007f0   Code   RO         3543    i.TIM4_IRQHandler   main.o
    0x08001944   0x08001944   0x00000018   Code   RO         2296    i.TIM_ARRPreloadConfig  stm32f10x_tim.o
    0x0800195c   0x0800195c   0x00000006   Code   RO         2303    i.TIM_ClearITPendingBit  stm32f10x_tim.o
    0x08001962   0x08001962   0x00000018   Code   RO         2308    i.TIM_Cmd           stm32f10x_tim.o
    0x0800197a   0x0800197a   0x0000001e   Code   RO         2310    i.TIM_CtrlPWMOutputs  stm32f10x_tim.o
    0x08001998   0x08001998   0x00000042   Code   RO         2317    i.TIM_EncoderInterfaceConfig  stm32f10x_tim.o
    0x080019da   0x080019da   0x00000006   Code   RO         2327    i.TIM_GetCounter    stm32f10x_tim.o
    0x080019e0   0x080019e0   0x000000ac   Code   RO         2331    i.TIM_ICInit        stm32f10x_tim.o
    0x08001a8c   0x08001a8c   0x00000012   Code   RO         2332    i.TIM_ICStructInit  stm32f10x_tim.o
    0x08001a9e   0x08001a9e   0x00000012   Code   RO         2333    i.TIM_ITConfig      stm32f10x_tim.o
    0x08001ab0   0x08001ab0   0x00000098   Code   RO         2337    i.TIM_OC1Init       stm32f10x_tim.o
    0x08001b48   0x08001b48   0x00000012   Code   RO         2340    i.TIM_OC1PreloadConfig  stm32f10x_tim.o
    0x08001b5a   0x08001b5a   0x00000002   PAD
    0x08001b5c   0x08001b5c   0x000000a4   Code   RO         2342    i.TIM_OC2Init       stm32f10x_tim.o
    0x08001c00   0x08001c00   0x000000a0   Code   RO         2347    i.TIM_OC3Init       stm32f10x_tim.o
    0x08001ca0   0x08001ca0   0x0000007c   Code   RO         2352    i.TIM_OC4Init       stm32f10x_tim.o
    0x08001d1c   0x08001d1c   0x0000001a   Code   RO         2354    i.TIM_OC4PreloadConfig  stm32f10x_tim.o
    0x08001d36   0x08001d36   0x00000004   Code   RO         2369    i.TIM_SetCompare1   stm32f10x_tim.o
    0x08001d3a   0x08001d3a   0x00000006   Code   RO         2372    i.TIM_SetCompare4   stm32f10x_tim.o
    0x08001d40   0x08001d40   0x00000004   Code   RO         2373    i.TIM_SetCounter    stm32f10x_tim.o
    0x08001d44   0x08001d44   0x00000012   Code   RO         2374    i.TIM_SetIC1Prescaler  stm32f10x_tim.o
    0x08001d56   0x08001d56   0x0000001a   Code   RO         2375    i.TIM_SetIC2Prescaler  stm32f10x_tim.o
    0x08001d70   0x08001d70   0x00000012   Code   RO         2376    i.TIM_SetIC3Prescaler  stm32f10x_tim.o
    0x08001d82   0x08001d82   0x0000001a   Code   RO         2377    i.TIM_SetIC4Prescaler  stm32f10x_tim.o
    0x08001d9c   0x08001d9c   0x000000a4   Code   RO         2379    i.TIM_TimeBaseInit  stm32f10x_tim.o
    0x08001e40   0x08001e40   0x00000012   Code   RO         2380    i.TIM_TimeBaseStructInit  stm32f10x_tim.o
    0x08001e52   0x08001e52   0x0000000a   Code   RO         3287    i.USART1_IRQHandler  uart.o
    0x08001e5c   0x08001e5c   0x0000000a   Code   RO         3288    i.USART2_IRQHandler  uart.o
    0x08001e66   0x08001e66   0x0000000a   Code   RO         3289    i.USART3_IRQHandler  uart.o
    0x08001e70   0x08001e70   0x0000001e   Code   RO         2841    i.USART_ClearITPendingBit  stm32f10x_usart.o
    0x08001e8e   0x08001e8e   0x00000018   Code   RO         2844    i.USART_Cmd         stm32f10x_usart.o
    0x08001ea6   0x08001ea6   0x00000012   Code   RO         2845    i.USART_DMACmd      stm32f10x_usart.o
    0x08001eb8   0x08001eb8   0x00000054   Code   RO         2848    i.USART_GetITStatus  stm32f10x_usart.o
    0x08001f0c   0x08001f0c   0x0000004a   Code   RO         2850    i.USART_ITConfig    stm32f10x_usart.o
    0x08001f56   0x08001f56   0x00000002   PAD
    0x08001f58   0x08001f58   0x000000d8   Code   RO         2851    i.USART_Init        stm32f10x_usart.o
    0x08002030   0x08002030   0x0000000a   Code   RO         2858    i.USART_ReceiveData  stm32f10x_usart.o
    0x0800203a   0x0800203a   0x00000002   PAD
    0x0800203c   0x0800203c   0x000000b8   Code   RO         3290    i.USARTx_IRQHandler  uart.o
    0x080020f4   0x080020f4   0x00000004   Code   RO         3606    i.UsageFault_Handler  stm32f10x_it.o
    0x080020f8   0x080020f8   0x0000000e   Code   RO         4579    i.__scatterload_copy  mc_w.l(handlers.o)
    0x08002106   0x08002106   0x00000002   Code   RO         4580    i.__scatterload_null  mc_w.l(handlers.o)
    0x08002108   0x08002108   0x0000000e   Code   RO         4581    i.__scatterload_zeroinit  mc_w.l(handlers.o)
    0x08002116   0x08002116   0x00000002   PAD
    0x08002118   0x08002118   0x00000044   Code   RO         3074    i.delay_init        delay.o
    0x0800215c   0x0800215c   0x0000007c   Code   RO         3291    i.dma_Rinit         uart.o
    0x080021d8   0x080021d8   0x0000006c   Code   RO         3292    i.dma_Tinit         uart.o
    0x08002244   0x08002244   0x00000074   Code   RO         3294    i.gpio_init         uart.o
    0x080022b8   0x080022b8   0x00000054   Code   RO         3374    i.gpio_init         ic.o
    0x0800230c   0x0800230c   0x00000028   Code   RO         3375    i.ic_getdata        ic.o
    0x08002334   0x08002334   0x00000024   Code   RO         3376    i.ic_init           ic.o
    0x08002358   0x08002358   0x000000a8   Code   RO         3544    i.main              main.o
    0x08002400   0x08002400   0x00000028   Code   RO         3163    i.maincycle_ms_init  maincycle.o
    0x08002428   0x08002428   0x00000020   Code   RO         3164    i.nvic_init         maincycle.o
    0x08002448   0x08002448   0x00000028   Code   RO         3295    i.nvic_init         uart.o
    0x08002470   0x08002470   0x00000034   Code   RO         3265    i.pwm_init          oc.o
    0x080024a4   0x080024a4   0x0000012c   Code   RO         3520    i.straight_add      pwm.o
    0x080025d0   0x080025d0   0x00000118   Code   RO         3521    i.straight_set      pwm.o
    0x080026e8   0x080026e8   0x000000d0   Code   RO         3266    i.tim1_init         oc.o
    0x080027b8   0x080027b8   0x0000004c   Code   RO         3165    i.tim_init          maincycle.o
    0x08002804   0x08002804   0x00000080   Code   RO         3377    i.tim_init          ic.o
    0x08002884   0x08002884   0x00000328   Code   RO         3407    i.trans_bt_R        trans.o
    0x08002bac   0x08002bac   0x00000198   Code   RO         3408    i.trans_bt_T        trans.o
    0x08002d44   0x08002d44   0x00000058   Code   RO         3409    i.trans_bt_init     trans.o
    0x08002d9c   0x08002d9c   0x00000164   Code   RO         3412    i.trans_others_R    trans.o
    0x08002f00   0x08002f00   0x00000050   Code   RO         3414    i.trans_others_init  trans.o
    0x08002f50   0x08002f50   0x000000bc   Code   RO         3296    i.uart_init         uart.o
    0x0800300c   0x0800300c   0x0000004c   Code   RO         3297    i.uart_singletrans  uart.o
    0x08003058   0x08003058   0x0000005c   Code   RO         3298    i.usart_init        uart.o
    0x080030b4   0x080030b4   0x00000020   Data   RO         4577    Region$$Table       anon$$obj.o


    Execution Region RW_IRAM1 (Exec base: 0x20000000, Load base: 0x080030d4, Size: 0x00001138, Max: 0x00005000, ABSOLUTE, COMPRESSED[0x0000009c])

    Exec Addr    Load Addr    Size         Type   Attr      Idx    E Section Name        Object

    0x20000000   COMPRESSED   0x00000014   Data   RW         1704    .data               stm32f10x_rcc.o
    0x20000014   COMPRESSED   0x00000004   Data   RW         3077    .data               delay.o
    0x20000018   COMPRESSED   0x00000004   Data   RW         3166    .data               maincycle.o
    0x2000001c   COMPRESSED   0x00000004   Data   RW         3209    .data               gpio.o
    0x20000020   COMPRESSED   0x000000d0   Data   RW         3300    .data               uart.o
    0x200000f0   COMPRESSED   0x00000060   Data   RW         3378    .data               ic.o
    0x20000150   COMPRESSED   0x00000008   Data   RW         3522    .data               pwm.o
    0x20000158   COMPRESSED   0x00000094   Data   RW         3546    .data               main.o
    0x200001ec   COMPRESSED   0x00000014   Data   RW         3665    .data               system_stm32f10x.o
    0x20000200        -       0x00000474   Zero   RW         3299    .bss                uart.o
    0x20000674        -       0x00000604   Zero   RW         3415    .bss                trans.o
    0x20000c78        -       0x000000c0   Zero   RW         3545    .bss                main.o
    0x20000d38        -       0x00000400   Zero   RW           17    STACK               startup_stm32f10x_md.o


==============================================================================

Image component sizes


      Code (inc. data)   RO Data    RW Data    ZI Data      Debug   Object Name

         0          0          0          0          0       4020   core_cm3.o
        68         18          0          4          0        729   delay.o
       168         56          0          4          0       3999   gpio.o
       288         34          0         96          0       2935   ic.o
      2200        334          0        148        192       2893   main.o
       256         42          0          4          0       3007   maincycle.o
       172         22          0          0          0     259081   misc.o
       260         14          0          0          0       1219   oc.o
       304          0          0          0          0       2875   pid.o
       580         56          0          8          0       1626   pwm.o
        36          8        236          0       1024        824   startup_stm32f10x_md.o
        96          0          0          0          0       4031   stm32f10x_dma.o
        12          6          0          0          0        549   stm32f10x_exti.o
       438          6          0          0          0       3432   stm32f10x_gpio.o
        26          0          0          0          0       3958   stm32f10x_it.o
       308         38          0         20          0       5166   stm32f10x_rcc.o
      1868        200          0          0          0      18778   stm32f10x_tim.o
       456          6          0          0          0       6451   stm32f10x_usart.o
       328         28          0         20          0       2217   system_stm32f10x.o
      1740         52          0          0       1540       8441   trans.o
       958        152          0        208       1140       8443   uart.o

    ----------------------------------------------------------------------
     10582       1072        268        512       3896     344674   Object Totals
         0          0         32          0          0          0   (incl. Generated)
        20          0          0          0          0          0   (incl. Padding)

    ----------------------------------------------------------------------

      Code (inc. data)   RO Data    RW Data    ZI Data      Debug   Library Member Name

        86          0          0          0          0          0   __dczerorl2.o
         0          0          0          0          0          0   entry.o
         0          0          0          0          0          0   entry10a.o
         0          0          0          0          0          0   entry11a.o
         4          0          0          0          0          0   entry12b.o
         8          4          0          0          0          0   entry2.o
         4          0          0          0          0          0   entry5.o
         0          0          0          0          0          0   entry7b.o
         0          0          0          0          0          0   entry8b.o
         8          4          0          0          0          0   entry9a.o
        30          0          0          0          0          0   handlers.o
        36          8          0          0          0         68   init.o
         0          0          0          0          0          0   iusefp.o
        30          0          0          0          0         68   llshl.o
        32          0          0          0          0         68   llushr.o
        36          0          0          0          0        108   memseta.o
        20          0          0          0          0         68   cfcmple.o
        20          0          0          0          0         68   cfrcmple.o
        56          0          0          0          0         88   d2f.o
       222          0          0          0          0        100   ddiv.o
       186          0          0          0          0        176   depilogue.o
        34          0          0          0          0         76   dflti.o
        26          0          0          0          0         76   dfltui.o
       228          0          0          0          0         96   dmul.o
       176          0          0          0          0        140   fadd.o
       124          0          0          0          0         88   fdiv.o
       110          0          0          0          0        168   fepilogue.o
        40          0          0          0          0         68   ffixui.o
        18          0          0          0          0         68   fflti.o
        10          0          0          0          0         68   ffltui.o
       100          0          0          0          0         76   fmul.o

    ----------------------------------------------------------------------
      1650         16          0          0          0       1736   Library Totals
         6          0          0          0          0          0   (incl. Padding)

    ----------------------------------------------------------------------

      Code (inc. data)   RO Data    RW Data    ZI Data      Debug   Library Name

       274         16          0          0          0        312   mc_w.l
      1370          0          0          0          0       1424   mf_w.l

    ----------------------------------------------------------------------
      1650         16          0          0          0       1736   Library Totals

    ----------------------------------------------------------------------

==============================================================================


      Code (inc. data)   RO Data    RW Data    ZI Data      Debug   

     12232       1088        268        512       3896     340506   Grand Totals
     12232       1088        268        156       3896     340506   ELF Image Totals (compressed)
     12232       1088        268        156          0          0   ROM Totals

==============================================================================

    Total RO  Size (Code + RO Data)                12500 (  12.21kB)
    Total RW  Size (RW Data + ZI Data)              4408 (   4.30kB)
    Total ROM Size (Code + RO Data + RW Data)      12656 (  12.36kB)

==============================================================================

